03-01 14:14:02.351   963  5454 I MtkCam/Metadata: valueFor(134):[debug] valueFor convertedId:0
03-01 14:14:02.351   963  5454 I MtkCam/StreamingPipe/TPI_MGR_Plugin: [createPluginSession]negotiate[ID:1]+ [0x0000000000080000][MTK ASYNC ASD] match=1 isDualPlugin=0
03-01 14:14:02.351   963  5454 I MtkCam/StreamingPipe/TPI_MGR_Plugin: [createPluginSession]negotiate[ID:1]- name=[MTK ASYNC ASD] match=1 run=0
03-01 14:14:02.351   963  5454 I MtkCam/StreamingPipe/TPI_MGR_Plugin: [createPluginSession]negotiate[ID:2]+ [0x0000000000080000][MTK META only] match=1 isDualPlugin=0
03-01 14:14:02.351   963  5454 I MtkCam/StreamingPipe/TPI_MGR_Plugin: [createPluginSession]negotiate[ID:2]- name=[MTK META only] match=1 run=0
03-01 14:14:02.351   963  5454 I MtkCam/StreamingPipe/TPI_MGR_Plugin: [createPluginSession]negotiate[ID:3]+ [0x0000000000000020][MTK DISP] match=1 isDualPlugin=0
03-01 14:14:02.351   963  5454 I MtkCam/StreamingPipe/TPI_MGR_Plugin: [createPluginSession]negotiate[ID:3]- name=[MTK DISP] match=1 run=0
03-01 14:14:02.351   963  5454 I MtkCam/StreamingPipe/TPI_MGR_Plugin: [createPluginSession]negotiate[ID:4]+ [0x0000000000001000][MTK EISQ] match=1 isDualPlugin=0
03-01 14:14:02.351   963  5454 I MtkCam/TPI_S_EISQ: [getConfigSetting] max out size(176x144)
03-01 14:14:02.351   963  5454 I MtkCam/StreamingPipe/TPI_MGR_Plugin: [createPluginSession]negotiate[ID:4]- name=[MTK EISQ] match=1 run=0
03-01 14:14:02.351   963  5454 I MtkCam/StreamingPipe/TPI_MGR_Plugin: [createPluginSession]negotiate[ID:5]+ [0x0000000000000020][MTK FB] match=1 isDualPlugin=0
03-01 14:14:02.351   963  5454 I MtkCam/TPI_S_FB: [getConfigSetting] max out size(176x144), StreamingSize (1920x1440), AllSensorSize is 1, first sensor is 1, Timestamp: 1163019097713705
03-01 14:14:02.351  5120  5120 I ViewRootImpl@6a0dfcb[MainActivity]: setView = com.android.internal.policy.DecorView@d5dc9db TM=true
03-01 14:14:02.351   963  5454 I MtkCam/StreamingPipe/TPI_MGR_Plugin: [createPluginSession]negotiate[ID:5]- name=[MTK FB] match=1 run=0
03-01 14:14:02.351   963  5454 I MtkCam/StreamingPipe/TPI_MGR_Plugin: [createPluginSession]negotiate[ID:6]+ [0x0000000000000020][MTK GREEN] match=1 isDualPlugin=0
03-01 14:14:02.351   963  5454 I MtkCam/StreamingPipe/TPI_MGR_Plugin: [createPluginSession]negotiate[ID:6]- name=[MTK GREEN] match=1 run=0
03-01 14:14:02.351   963  5454 I MtkCam/StreamingPipe/TPI_MGR_Plugin: [createPluginSession]negotiate[ID:7]+ [0x0000000000008000][MTK TK_3rdPartyPlugin] match=0 isDualPlugin=1
03-01 14:14:02.351   963  5454 I MtkCam/StreamingPipe/TPI_MGR_Plugin: [createPluginSession]negotiate[ID:7]- name=[MTK TK_3rdPartyPlugin] match=0 run=0
03-01 14:14:02.351   963  5454 I MtkCam/StreamingPipe/TPI_MGR_Plugin: [createSession]- ret=1
03-01 14:14:02.351   963  5454 I MtkCam/StreamingPipe/PipeUsage: [config]config usage : mSuppoRtSharedInput(1),supportSlaveNR(0), supportPhysicalNR(0)
03-01 14:14:02.351   963  5454 E MtkCam/StreamingPipe/DcesoHal: [init]missing isp buffer info (init){#72:vendor/mediatek/proprietary/hardware/mtkcam3/feature/core/featurePipe/streaming/DcesoHal.cpp}
03-01 14:14:02.351   963  5454 I MtkCam/StreamingPipe/DreHal: [init]info=0 infoSize=0 debugSize=0 usedSize=0
03-01 14:14:02.351   963  5454 I MtkCam/StreamingPipe/SMVRHal: [init]SMVR enable=0 size=(1920x1440) p1=1 p2=1->1 recover=0
03-01 14:14:02.351   963  5454 I MtkCam/StreamingPipe/P2G_MGR: [printBufferPool]BufferPool: fat[1],tun[6]sync[0]dre_tun[0]msftun[0]msfSram[0]omctun[0]dce[4]timg[3]full[3]conf[0]idi[0]omc[0]ds[0x0=>0]dn[0x0=>0]pds[0x0=>0]wei[0x0=>0]dsw[0x0=>0]
03-01 14:14:02.351   963  5454 I MtkCam/StreamingPipe/EISQControl: [init]useQ=0 tsQ=0 pSize=1 qSize=0
03-01 14:14:02.351   963  5454 I MtkCam/StreamingPipe/Pipe: [onInit]+
03-01 14:14:02.351   963  5454 I MtkCam/StreamingPipe/Pipe: [onInit]-
03-01 14:14:02.352   963  5454 I MtkCam/StreamingPipe/Node: [enableDumpMask]fpipe.p2amdp current dumpMask(0xcff) prop(vendor.debug.mask.fpipe.p2amdp)
03-01 14:14:02.353  5120  5120 D LifecycleMonitor: Lifecycle status change: androidx.test.core.app.InstrumentationActivityInvoker$BootstrapActivity@60ae115 in: STOPPED
03-01 14:14:02.353  5120  5120 V ActivityScenario: Activity lifecycle changed event received but ignored because the intent does not match. startActivityIntent=Intent { act=android.intent.action.MAIN cat=[android.intent.category.LAUNCHER] cmp=com.example.dogglers/.MainActivity }, activity.getIntent()=Intent { act=android.intent.action.MAIN cat=[android.intent.category.LAUNCHER] flg=0x10008000 cmp=com.example.dogglers/androidx.test.core.app.InstrumentationActivityInvoker$BootstrapActivity (has extras) }, activity=androidx.test.core.app.InstrumentationActivityInvoker$BootstrapActivity@60ae115
03-01 14:14:02.356  1485  4892 W SensorService: sensor 00000004 already enabled in connection 0xb400007896569cc0 (ignoring)
03-01 14:14:02.356  1485  4892 D SensorService: Calling batch handle==4 flags=0 rate=10000000 timeout== 0
03-01 14:14:02.356   963  5454 I MtkCam/P2/P2DumpPlugin: [P2DumpPlugin]mode/start/count(0/0/0) mask: in/out(0x0/0x0)
03-01 14:14:02.357   963  5454 I MtkCam/P2/StreamingProcessor: [needReConfig] P2S cam 1: re-config=0, EISMode(0=>0), EISFactor(100=>100), Size(1920x1440=>1920x1440)
03-01 14:14:02.357   953   953 I SensorsHub: batch: handle=4 period=10000000 timeout=0
03-01 14:14:02.357   963  5474 I MtkCam/P2/CaptureProcessor: [onInit] P2C cam 1: (0xb40000702fcee470) uniqueKey:141402302
03-01 14:14:02.358   963  5474 I MtkCam/P2/CaptureProcessor: [onInit] P2C cam 1: create captureFeaturePipe, isDualCam:0, sensor count:1
03-01 14:14:02.358   963  5474 I MtkCam/P2/CaptureProcessor: [onInit] P2C cam 1: supportSceneroiFeatures:0x1000100f5 dualMode:0
03-01 14:14:02.358   963  5474 I MtkCam/CapturePipe/RAWNode: [RAWNode](0xb40000702dcfdb00) ctor
03-01 14:14:02.358   963  5474 I MtkCam/CapturePipe/MultiFrameNode: [MultiFrameNode](0xb4000070312b5c00) ctor
03-01 14:14:02.358   963  5474 I MtkCam/CapturePipe/YUVNode: [YUVNode](0xb4000070312b6200) ctor
03-01 14:14:02.358   963  5474 I MtkCam/Metadata: valueFor(133):[debug] valueFor passedInId:1
03-01 14:14:02.358   963  5474 I MtkCam/Metadata: valueFor(134):[debug] valueFor convertedId:1
03-01 14:14:02.358  1485  4892 E SensorService: BigData:Pakage) 4 already enabled.
03-01 14:14:02.358   963  5474 I MtkCam/CapturePipe/RAWNode: [onInit](0xb40000702dcfdb00) uniqueKey:141402302
03-01 14:14:02.359   963  5474 I MtkCam/CapturePipe/MultiFrameNode: [onInit](0xb4000070312b5c00) uniqueKey:141402302
03-01 14:14:02.359   963  5474 I MtkCam/CapturePipe/YUVNode: [onInit](0xb4000070312b6200)(9) uniqueKey:141402302
03-01 14:14:02.360   963  5452 I CcuMgr  : [createInstance] CcuMgr User Cnt: 1
03-01 14:14:02.360  1485  1546 D SensorPrivacyService: onOpStarted code = 26 uid = 5021 packageName = com.samsung.adaptivebrightnessgo attributionTag = null flags = 1 result = 1
03-01 14:14:02.360   963  5452 I CcuMgr  : [ccuInit] +
03-01 14:14:02.360  1485  1546 D SensorPrivacyService: onOpNoted code = 26 uid = 5021 packageName = com.samsung.adaptivebrightnessgo attributionTag = null flags = 1 result = 1
03-01 14:14:02.360  1485  1546 D SensorPrivacyService: onSensorUseStarted !isIndividualSensorPrivacyEnabled
03-01 14:14:02.360   963  5452 I CcuMgr  : [ccuInit] -
03-01 14:14:02.360   963  5474 I MtkCam/Metadata: valueFor(133):[debug] valueFor passedInId:1
03-01 14:14:02.360   963  5474 I MtkCam/Metadata: valueFor(134):[debug] valueFor convertedId:1
03-01 14:14:02.364   963  5470 I MtkCam/StreamingPipe/Util: [allocate]mFullImg pool allocate: 3/3 buf (0x32315659/YV12)(1920x1472) in 10 ms
03-01 14:14:02.364   963  5470 I MtkCam/StreamingPipe/Util: [allocate]mTuning pool allocate: 6/6 buf (0x21/BLOB)(0x0) in 0 ms
03-01 14:14:02.366   963  5452 I LMVTuning: [LMVTuning][Cam::1]LMV(1/0xb4000070f82055b0@0xb40000702cf8ec00),SGG2(1@0xb4000070f8205710),isHalBypassControl(1)
03-01 14:14:02.366   963  5452 I MtkCam/P1NodeUtility: [done] [Cam::1] StageCtrl signal(0)
03-01 14:14:02.366   963  5452 I Hal3Av3 : [config]+ SEC date.0216, i4SubsampleCount(1) RequestCount(1)
03-01 14:14:02.366   963  5457 I MtkCam/P1NodeUtility: [wait] [Cam::1] StageCtrl wait(0) OK
03-01 14:14:02.366   963  5452 I MtkCam/Metadata: valueForByDeviceId(120):[debug] valueForByDeviceId passedInId:6
03-01 14:14:02.366   963  5452 I MtkCam/Metadata: valueForByDeviceId(120):[debug] valueForByDeviceId passedInId:1
03-01 14:14:02.366   963  5452 I aaa_common_custom.cpp: [cust_setFov68FocusLength35mm] value(31->31)
03-01 14:14:02.366  1485  1503 V WindowManager: Relayout Window{8a3cbc1 u0 com.example.dogglers/com.example.dogglers.MainActivity}: viewVisibility=0 req=1080x2400 d0
03-01 14:14:02.366   963  5452 I Hal3Av3 : [parseConfig] No tag MTK_CONTROL_SEC_FASTAEC_MODE
03-01 14:14:02.366   963  5452 I aaa_common_custom.cpp: [cust_setSECCfgInfo] date.0120, idx(1), bIsSECApplication(0->0), jpegW(0->0), jpegH(0->0), fastAECMode(0->0)
03-01 14:14:02.366   963  5452 I aaa_common_custom.cpp: [cust_mapAOSPAeMode] u4AeMode(1), u4AospAeMode(1)
03-01 14:14:02.367  1017  1851 E BufferQueueDebug: [com.example.dogglers/com.example.dogglers.MainActivity$_5120#0](this:0xb4000074aa8d0948,id:-1,api:0,p:-1,c:-1) id info cannot be read from 'com.example.dogglers/com.example.dogglers.MainActivity$_5120#0'
03-01 14:14:02.367  1017  1851 I BufferQueueDebug: [com.example.dogglers/com.example.dogglers.MainActivity$_5120#0](this:0xb4000074aa8d0948,id:-1,api:0,p:-1,c:-1) BufferQueue core=(1017:/system/bin/surfaceflinger)
03-01 14:14:02.368   963  5452 I FlashMgrM: setManualSensitivity(): ISO(0)
03-01 14:14:02.368   963  5452 I FlickerHal: setFlickerMode(): mode change(3->0).
03-01 14:14:02.368   963  5452 W Hal3ARaw: [setParams] SEC date.0401, bIsAELock(0), i4ExpIndex(0), i4ZoomRatio(100), isTorch(0)
03-01 14:14:02.368  1017  1851 I SurfaceFlinger: id=9018 createSurf (1080x2400),-3 flag=40004, com.example.dogglers/com.example.dogglers.MainActivity$_5120#0
03-01 14:14:02.368   963  5452 I FlickerHal: setSensorMode(): m_sensorDev(2) sensorMode(0) width(1296) height(1944)
03-01 14:14:02.369   963  5491 W nvbuf_util.cpp: [getInstance:408] getInstance, bInit(1)
03-01 14:14:02.369   963  5491 W nvbuf_util.cpp: [getBufAndReadNoLock:695] ramId(3), sensorDev(2), p(0x0), bForceRead(0) +
03-01 14:14:02.369   963  5491 I AfAlgoC : [initAF] version .4 20092004 20115007 8225007 9335003 8042003, param 18041618
03-01 14:14:02.370   963  5491 E af_mgr_v3: WAR-ROI : [X]1063 [Y]739 [W]466 [H]466 -> [X]1063 [Y]739 [W]466 [H]466, [XNUM] 24->0, [YNUM] 24->0 (ConfigHWReg){#6060:vendor/mediatek/proprietary/hardware/mtkcam/aaa/source/isp_40/./af_mgr/af_mgr.cpp}
03-01 14:14:02.370   963  5488 W aaa_hal_sttCtrl: [isAFOEnable] disable AF
03-01 14:14:02.372   963  5452 I FlickerHal: setTGInfo(): m_sensorDev(2) tgInfo(1) width(2592) height(1944)
03-01 14:14:02.372   963  5452 W nvbuf_util.cpp: [getInstance:408] getInstance, bInit(1)
03-01 14:14:02.372   963  5452 W nvbuf_util.cpp: [getBufAndReadNoLock:695] ramId(1), sensorDev(2), p(0xb4000070353b3dc0), bForceRead(0) +
03-01 14:14:02.372   963  5452 W nvbuf_util.cpp: [getInstance:408] getInstance, bInit(1)
03-01 14:14:02.372   963  5452 W nvbuf_util.cpp: [getBufAndReadNoLock:695] ramId(12), sensorDev(2), p(0xb400007030083680), bForceRead(0) +
03-01 14:14:02.372   963  5488 I afo_buf_mgr: [AFOBufMgrImp] IsCCUSupport(0)
03-01 14:14:02.372   963  5488 W afo_buf_mgr: [AFOBufMgrImp] disable AF
03-01 14:14:02.372   963  5488 I afo_buf_mgr: [AFOBufMgrImp] SensorDev(2) -
03-01 14:14:02.372   963  5452 I FlashMgrM: setBitMode(): mode(1).
03-01 14:14:02.372   963  5452 I StrobeDrvFlashlight: setCharger(): ready(1).
03-01 14:14:02.372   963  5488 I FLKOBufMgr: FLKOBufMgr(): Expo type = FLK_SENSOR_TYPE_NORMAL
03-01 14:14:02.372   963  5452 I StrobeDrvFlashlight: setCharger(): time(1163019228).
03-01 14:14:02.372   963  5452 I FlashHal: setInCharge(): sensorDev(2), inCharge(1).
03-01 14:14:02.372   963  5452 I FlashMgrM: setInCharge(): sensorDev(2), inCharge(1).
03-01 14:14:02.372   963  5452 I FlickerHal: config(): m_sensorDev(2)
03-01 14:14:02.372   963  5452 I FlickerPlatformAdapter: setWindowInfo(): sensorDev(2) sensorId(1) tg(1) tgImg(1296,1944) configImg(1293,1919) offset(0,20) win(430,638) dma(11484)
03-01 14:14:02.372   963  5452 I FlickerHal: setWindowInfo(): m_sensorDev(2) flkHwInfo(1)
03-01 14:14:02.372   963  5452 I aaa_common_custom.cpp: [cust_initSpecialLongExpOnOff] g_bIsSpecialLongExpOn(0) AEEffectiveFrame(0)
03-01 14:14:02.374   963  5490 I Hal3ARaw: AE start+
03-01 14:14:02.374  1017  1851 I SurfaceFlinger: id=9019 createSurf (0x0),-1 flag=24000, Surface(name=11b0562 StatusBar)/@0xa45631f - animation-leash of insets_animation#1
03-01 14:14:02.374   963  5490 I Hal3ARaw: AE start-
03-01 14:14:02.374   963  5452 I LCSHal  : [GetSensorInfo]Sensor Static Info, previewW,H = 2592,1944,
03-01 14:14:02.376   963  5434 W aaa_hal_sttCtrl: [startStt] SensorDev = 2, m_i4SttPortEnable = 15
03-01 14:14:02.377  1017  1851 I SurfaceFlinger: id=9020 createSurf (0x0),-1 flag=24000, Surface(name=16df26b NavigationBar0)/@0xf199c0c - animation-leash of insets_animation#1
03-01 14:14:02.378   963  5434 W TuningMgr: TuningMgr[updateEngine] WARNING: [temp log] AF enable(0_0x80000_0x800060)
03-01 14:14:02.378   963  5434 I FlickerHal: start(): m_sensorDev(2)
03-01 14:14:02.378   963  5434 I FlickerHal: attach(): isAttach(1), count(1/1). m_sensorDev(2)
03-01 14:14:02.379  1485  1503 V WindowManager: Relayout hash=8a3cbc1, pid=5120: mAttrs={(0,0)(fillxfill) sim={adjust=pan forwardNavigation} ty=BASE_APPLICATION wanim=0x1030303
03-01 14:14:02.379  1485  1503 V WindowManager:   fl=81810100
03-01 14:14:02.379  1485  1503 V WindowManager:   pfl=12020040
03-01 14:14:02.379  1485  1503 V WindowManager:   apr=LIGHT_NAVIGATION_BARS
03-01 14:14:02.379  1485  1503 V WindowManager:   bhv=DEFAULT
03-01 14:14:02.379  1485  1503 V WindowManager:   fitSides= naviIconColor=0
03-01 14:14:02.379  1485  1503 V WindowManager:   sfl=100000}
03-01 14:14:02.379   963  5434 I FlickerHal: init_algo(): sensorDev(2) sensorId(8225) sensorMode(0) sensorType(0) initFreq(60) ratio(1) clkFreq(98150000) pixelsInLine(776) imgH(1919) winH(638) winW(430) mUsers(1) period(0 ms)
03-01 14:14:02.379   963  5434 I FlickerHal: start(): m_decreaseFrameRateType(0)
03-01 14:14:02.379   963  5434 I FlashMgrM: getFlashMode(): mode(2).
03-01 14:14:02.379   963  5434 I Hal3AFlowCtrl: [postCommand] Non-ECmd_Update, m_rParam.u4AeMode(1), m_rParam.i8ExposureTime(0), iValidateOpt(1)
03-01 14:14:02.379   963  5434 W TaskMgr : [sendEvent] TaskEvent:PreivewStart
03-01 14:14:02.379   963  5434 W TaskMgr : [sendEvent] Create Task(0), overridePriority(-1)
03-01 14:14:02.379   963  5452 I MtkCam/P1NodeUtility: [wait] [Cam::1] StageCtrl wait(1) OK
03-01 14:14:02.379   963  5434 I Hal3AFlowCtrl: [postCommand] Validate is None, m_rParam.u4AeMode(1), m_rParam.i8ExposureTime(0), iValidateOpt(0)
03-01 14:14:02.380   963  5452 W LMVDrv  : [GetLMVStatusAndUpdate]Cannot find magicNum(0) in queue(0)
03-01 14:14:02.380   963  5452 W Hal3Av3 : [send3ACtrl] pMetaResult is NULL
03-01 14:14:02.380  5120  5120 I BufferQueueConsumer: [](id:14000000000f,api:0,p:-1,c:5120) connect: controlledByApp=false
03-01 14:14:02.381  5120  5120 I BLASTBufferQueue: [ViewRootImpl@6a0dfcb[MainActivity]#15] constructor()
03-01 14:14:02.381   963  5452 I MtkCam/P1NodeImp: [hardwareOps_start] [Cam::1] End - Cam::1 Sensor(2592x1944)(15369780ns) Raw(1,0x3)-Proc(2592x1944)-Pure(2592x1944) Bin(2592x1944) SizeChangedAfterBin=0 TG(0:0) DTwin(1@1)=0 LSM(0) QLV(2) Ratio(25) SensorCfg(i:1 2592x1944 s:0 b:0 c:1, h:0 f:30 t:0 d:0) ConfigPort[4]:(0xf) InitParam[R:0 B:10 D:1 Nd:0 Ul:0 Pb:1 Rc:x3 Dt:0 Iq:2 F(DataPattern:x0 OffBin:x1 SensorNum:x0 Fus:0 RAW:x10)]AE(Ep:6605 Afe:1072 Ep_se:0 Afe_se:0 Ep_me:0 Afe_me:0 Ep_vse:0 Afe_vse:0)
03-01 14:14:02.382   963  5014 I MtkCam/ppl_context: [waitUntilConfigDone] sendFrame: pipeline config done - err:0
03-01 14:14:02.382  5120  5120 I ViewRootImpl@6a0dfcb[MainActivity]: Relayout returned: old=(0,0,1080,2400) new=(0,0,1080,2400) req=(1080,2400)0 dur=15 res=0x7 s={true -5476376625075138560} ch=true fn=-1
03-01 14:14:02.382   963  5014 I aaa_common_custom.cpp: [cust_ChangeTableByCond]Sensor_idx = 1 ,SHOOTING_MODE = 30,SceneMode = 0
03-01 14:14:02.382   963  5014 I aaa_common_custom.cpp: [cust_ChangeSceneBy3rdpartyApp]VT_MODE = 0 ,MinFps = 5000,MaxFps = 30000,SceneMode = 0
03-01 14:14:02.382   963  5014 E ae_mgr  : Unsupport AE Metering Mode: 5
03-01 14:14:02.382   963  5014 E ae_mgr  :  (setAEMeteringMode){#1386:vendor/mediatek/proprietary/hardware/mtkcam/aaa/source/isp_40/ae_mgr/ae_mgr.cpp}
03-01 14:14:02.382   963  5014 I aaa_common_custom.cpp: [cust_mapAOSPAeMode] u4AeMode(1), u4AospAeMode(1)
03-01 14:14:02.384  5120  5154 I BufferQueueProducer: [ViewRootImpl@6a0dfcb[MainActivity]#15(BLAST Consumer)15](id:14000000000f,api:1,p:5120,c:5120) connect: api=1 producerControlledByApp=true
03-01 14:14:02.384  5120  5154 D OpenGLRenderer: eglCreateWindowSurface
03-01 14:14:02.385   963  5014 I aaa_common_custom.cpp: [Scenario4AE]Sensor_idx = 0 ,SHOOTING_MODE = 30
03-01 14:14:02.386   963  5014 I FlashMgrM: [CAT][Event] FlashMode:2
03-01 14:14:02.386   963  5014 I FlashMgrM: setManualExposureTime(): manualExp(0).
03-01 14:14:02.386   963  5014 I FlashMgrM: setManualSensitivity(): ISO(100)
03-01 14:14:02.386   963  5014 I FlashHal: setSubFlashCustomization(): enable(0).
03-01 14:14:02.386   963  5014 I FlashHal: setTorchLevel(): level(1).
03-01 14:14:02.386   963  5014 I StrobeDrvFlashlight: setDuty(): duty(4).
03-01 14:14:02.386   963  5014 I FlickerHal: setFlickerMode(): mode change(0->3).
03-01 14:14:02.386   963  5014 W Hal3ARaw: [setParams] SEC date.0401, bIsAELock(0), i4ExpIndex(0), i4ZoomRatio(100), isTorch(0)
03-01 14:14:02.386   963  5014 I Hal3ARaw: [setAfParams] SEC, date.0218, bAFTriggerByAPP(0), u1AfTrig(0)
03-01 14:14:02.386   963  5014 I mtkpower_client: perf_lock_acq, hdl:0, dur:0, num:4, tid:5014
03-01 14:14:02.388   963  5014 I mtkpower_client: ret_hdl:15858
03-01 14:14:02.388   959  1040 I libPowerHal: cmdSetting - unknown cmd:2040100, scmd:(null) ,param_1:5
03-01 14:14:02.388   959  1040 I libPowerHal: [perfLockAcq] idx:2 hdl:15858 hint:-1 pid:963 duration:0 lock_user:provider@4.0-se => ret_hdl:15858
03-01 14:14:02.388   963  5014 I SehCamDevSession@5.0-impl: [CAMKPI] camera3->process_capture_request : X
03-01 14:14:02.390  5120  5120 I ViewRootImpl@6a0dfcb[MainActivity]: [DP] dp(1) 1 android.view.ViewRootImpl.reportNextDraw:11420 android.view.ViewRootImpl.performTraversals:4193 android.view.ViewRootImpl.doTraversal:2919
03-01 14:14:02.390  5120  5120 D ViewRootImpl@6a0dfcb[MainActivity]: Creating frameDrawingCallback nextDrawUseBlastSync=false reportNextDraw=true hasBlurUpdates=false
03-01 14:14:02.390  5120  5120 D ViewRootImpl@6a0dfcb[MainActivity]: Creating frameCompleteCallback
03-01 14:14:02.395   963  5434 I Hal3AFlowCtrl: [postCommand] Validate is None, m_rParam.u4AeMode(1), m_rParam.i8ExposureTime(0), iValidateOpt(0)
03-01 14:14:02.397  1017  1017 I Layer   : id=9012 removedFromDrawingState Surface(name=11b0562 StatusBar)/@0xa45631f - animation-leash of insets_animation#0 (136)
03-01 14:14:02.397  1017  1017 I Layer   : id=9013 removedFromDrawingState Surface(name=16df26b NavigationBar0)/@0xf199c0c - animation-leash of insets_animation#0 (136)
03-01 14:14:02.397  1017  1017 I SurfaceFlinger: id=9012 Removed Surface(name=11b0562 StatusBar)/@0xa45631f - animation-leash of insets_animation#0 (136)
03-01 14:14:02.397  1017  1017 I SurfaceFlinger: id=9013 Removed Surface(name=16df26b NavigationBar0)/@0xf199c0c - animation-leash of insets_animation#0 (136)
03-01 14:14:02.398  1017  1017 I Layer   : id=9012 Destroyed Surface(name=11b0562 StatusBar)/@0xa45631f - animation-leash of insets_animation#0
03-01 14:14:02.398  1017  1017 I Layer   : id=9013 Destroyed Surface(name=16df26b NavigationBar0)/@0xf199c0c - animation-leash of insets_animation#0
03-01 14:14:02.400  1485  7181 D InputDispatcher: Focus request (0): 8a3cbc1 com.example.dogglers/com.example.dogglers.MainActivity but waiting because NOT_VISIBLE
03-01 14:14:02.404  5120  5192 D ViewRootImpl@6a0dfcb[MainActivity]: Received frameDrawingCallback frameNum=1. Creating transactionCompleteCallback=false
03-01 14:14:02.410  5120  5154 D ViewRootImpl@6a0dfcb[MainActivity]: Received frameCompleteCallback  lastAcquiredFrameNum=1 lastAttemptedDrawFrameNum=1
03-01 14:14:02.411   963  5494 I FlickerHal: update(): skip, not enough frame(1).
03-01 14:14:02.412  5120  5120 I ViewRootImpl@6a0dfcb[MainActivity]: [DP] pdf(0) 1 android.view.ViewRootImpl.lambda$addFrameCompleteCallbackIfNeeded$3$ViewRootImpl:4995 android.view.ViewRootImpl$$ExternalSyntheticLambda16.run:6 android.os.Handler.handleCallback:938
03-01 14:14:02.412  5120  5120 I ViewRootImpl@6a0dfcb[MainActivity]: [DP] rdf()
03-01 14:14:02.412  5120  5120 D ViewRootImpl@6a0dfcb[MainActivity]: reportDrawFinished (fn: -1)
03-01 14:14:02.418  1485  1527 I SemDvfsHyPerManager: acquire hyper - AMS_RESUME_TAIL/1485@17, type = -999
03-01 14:14:02.419  1485  1527 I SemDvfsHyPerManager: acquire hyper - AMS_ACT_LAZY/1485@18, type = -999
03-01 14:14:02.419  1485  1523 W ziparchive: Unable to open '/data/app/~~jCsyuDODn4Tpa2nx2l6TPQ==/com.example.dogglers-a5K0cEESRmsjuI8Rg_nqXA==/base.dm': No such file or directory
03-01 14:14:02.419  1485  3877 W libprocessgroup: Failed to find DoNothingOlaftask profile: Try again
03-01 14:14:02.419   956  1008 I HYPER-HAL: [RequestManager.cpp]acquire(): Acquired ID : 1128770  [1485 / 17]    HINT : AMS_RESUME_TAIL    list :
03-01 14:14:02.419   956  1008 I mtkpower_client: perf_lock_rel, hdl:15855, tid:1008
03-01 14:14:02.420   956  1008 I mtkpower_client: perf_lock_acq, hdl:0, dur:0, num:2, tid:1008
03-01 14:14:02.420   959  1040 I libPowerHal: [perfLockRel] hdl:15855, idx:3
03-01 14:14:02.421   959  1040 I libPowerHal: [PD] vendor.samsung. update cmd:1c3c000, param:1
03-01 14:14:02.421  5120  5120 D InsetsSourceConsumer: ensureControlAlpha: for ITYPE_NAVIGATION_BAR on com.example.dogglers/com.example.dogglers.MainActivity
03-01 14:14:02.421   959  1040 I libPowerHal: [PD] (less) /proc/mcdi/state set +prefix:enable 1;
03-01 14:14:02.421  1485  1523 I PkgPredictorService-SecIpmManagerServiceImpl: reportToNAP uid:10437 com.example.dogglers/com.example.dogglers.MainActivity thisTime:309
03-01 14:14:02.422  5120  5120 D InsetsSourceConsumer: ensureControlAlpha: for ITYPE_STATUS_BAR on com.example.dogglers/com.example.dogglers.MainActivity
03-01 14:14:02.422   956  1008 I mtkpower_client: ret_hdl:15859
03-01 14:14:02.422  1253  1253 D connsyslogger: Open FIFO for close
03-01 14:14:02.423   956  1008 I mtkpower_client: perf_lock_rel, hdl:15856, tid:1008
03-01 14:14:02.423   959  1040 I libPowerHal: [perfLockAcq] idx:4 hdl:15859 hint:-1 pid:956 duration:0 lock_user:vendor.samsung. => ret_hdl:15859
03-01 14:14:02.423   959  1040 I libPowerHal: [PE] (less) /proc/mcdi/state set +prefix:enable 0;
03-01 14:14:02.424  1017  1851 I SurfaceFlinger: id=9021 createSurf (0x0),-1 flag=24000, Surface(name=8a3cbc1 com.example.dogglers/com.example.dogglers.MainActivity)/@0xaf456bb - animation-leash of starting_reveal#0
03-01 14:14:02.425  5120  5120 D RootViewPicker: Root not ready - waiting: 10ms for one to appear.
03-01 14:14:02.426   959  1040 I libPowerHal: [perfLockRel] hdl:15856, idx:1
03-01 14:14:02.426   956  1008 I mtkpower_client: perf_lock_acq, hdl:0, dur:0, num:2, tid:1008
03-01 14:14:02.426   959  1040 I libPowerHal: vendor.samsung.: cpu_ctrl set cpu freq: -1 -1 -1 -1
03-01 14:14:02.428   956  1008 I mtkpower_client: ret_hdl:15860
03-01 14:14:02.428   956  1008 I mtkpower_client: perf_lock_rel, hdl:15857, tid:1008
03-01 14:14:02.428   963  5434 E aao_buf_mgr: [updateInfo]  pAEResult is NULL, set mi4EvComp as default value
03-01 14:14:02.428   963  5434 E aao_buf_mgr:  (updateInfo){#614:vendor/mediatek/proprietary/hardware/mtkcam/aaa/source/isp_40/buf_mgr/AAOBufMgr.cpp}
03-01 14:14:02.428   963  5434 E aao_buf_mgr: [updateInfo] Failed to get FLASHResult for MagicNum(1)
03-01 14:14:02.428   963  5434 E aao_buf_mgr:  (updateInfo){#623:vendor/mediatek/proprietary/hardware/mtkcam/aaa/source/isp_40/buf_mgr/AAOBufMgr.cpp}
03-01 14:14:02.428   963  5434 W ResultPool: [getAllResult]- Index is illegal value(-1)
03-01 14:14:02.428   959  1040 I libPowerHal: [perfLockAcq] idx:1 hdl:15860 hint:-1 pid:956 duration:0 lock_user:vendor.samsung. => ret_hdl:15860
03-01 14:14:02.429   959  1040 I libPowerHal: vendor.samsung.: cpu_ctrl set cpu freq: 1700000 -1 -1 -1
03-01 14:14:02.429   956  1008 I mtkpower_client: perf_lock_acq, hdl:0, dur:0, num:2, tid:1008
03-01 14:14:02.429   959  1040 I libPowerHal: [perfLockRel] hdl:15857, idx:0
03-01 14:14:02.430   959  1040 I libPowerHal: [PD] vendor.samsung. update cmd:1000000, param:-1
03-01 14:14:02.430   963  5434 W TuningMgr: TuningMgr[updateEngine] WARNING: [temp log] AF enable(0_0x100802e0_0x8001e0)
03-01 14:14:02.430   963  5434 I Hal3ARaw: [chkSECFlashOnCond] bIsStrobeBVTrigger(0), u4AeMode(1)
03-01 14:14:02.430   959   990 I mtkpower@impl: [setMode] type:5, enabled:0
03-01 14:14:02.430   959  1040 I libPowerHal: [PD] vendor.samsung. update cmd:1000000 param:-1
03-01 14:14:02.430   963  5441 I ResultPool: [convertToMetadata] 0422, SEC result info, Req(#2), BV(1510)
03-01 14:14:02.431   963  5441 I ResultPool: [convertToMetadata4AF] SEC, date.0228, check MTK_CONTROL_AF_REGIONS, array = [0, 0, 0, 0, 0], ret2(0), u1AfMode(4), ret1(1)
03-01 14:14:02.432  3224  3349 D OpenGLRenderer: setSurface called with nullptr
03-01 14:14:02.432  3224  3349 D OpenGLRenderer: setSurface() destroyed EGLSurface
03-01 14:14:02.432  3224  3349 D OpenGLRenderer: destroyEglSurface
03-01 14:14:02.432   956  1008 I mtkpower_client: ret_hdl:15861
03-01 14:14:02.432  1485  7181 D InputDispatcher: Focus entered window (0): 8a3cbc1 com.example.dogglers/com.example.dogglers.MainActivity
03-01 14:14:02.432   959  1040 I libPowerHal: [perfLockAcq] idx:0 hdl:15861 hint:-1 pid:956 duration:0 lock_user:vendor.samsung. => ret_hdl:15861
03-01 14:14:02.433  3224  3349 I BufferQueueProducer: [ViewRootImpl@79c360e[dogglers]#364(BLAST Consumer)364](id:c980000016c,api:1,p:3224,c:3224) disconnect: api 1
03-01 14:14:02.433   956  1008 I HYPER-HAL: [RequestManager.cpp]releaseLocked(): Released ID : 1131779
03-01 14:14:02.433  5120  5120 I ViewRootImpl@6a0dfcb[MainActivity]: MSG_WINDOW_FOCUS_CHANGED 1 1
03-01 14:14:02.434   959  1040 I libPowerHal: [PE] vendor.samsung. update cmd:1000000, param:0
03-01 14:14:02.434   959  1040 I libPowerHal: [PE] vendor.samsung. update cmd:1000000 param:0
03-01 14:14:02.436  1485  1523 I ActivityTaskManager: Displayed com.example.dogglers/.MainActivity: +309ms
03-01 14:14:02.438  3993  3993 E pageboostd: Received HALT command code 2
03-01 14:14:02.438  5120  5120 D InputMethodManager: startInputInner - Id : 0
03-01 14:14:02.438  5120  5120 I InputMethodManager: startInputInner - mService.startInputOrWindowGainedFocus
03-01 14:14:02.440  1485  3054 V WindowManager: Relayout Window{737ad30 u0 Splash Screen com.example.dogglers}: viewVisibility=8 req=1080x2400 d0
03-01 14:14:02.441  1017  1851 I SurfaceFlinger: id=9022 createSurf (0x0),-1 flag=24000, Surface(name=737ad30 Splash Screen com.example.dogglers)/@0x9a8fdb7 - animation-leash of window_animation#0
03-01 14:14:02.444   963  5494 I FlickerHal: update(): skip, not enough frame(2).
03-01 14:14:02.446  1485  3054 V WindowManager: Relayout hash=737ad30, pid=3224: mAttrs={(0,0)(fillxfill) sim={adjust=pan} ty=APPLICATION_STARTING fmt=TRANSLUCENT wanim=0x1030001
03-01 14:14:02.446  1485  3054 V WindowManager:   fl=81030118
03-01 14:14:02.446  1485  3054 V WindowManager:   pfl=36000010
03-01 14:14:02.446  1485  3054 V WindowManager:   bhv=DEFAULT
03-01 14:14:02.446  1485  3054 V WindowManager:   fitSides= naviIconColor=0}
03-01 14:14:02.446  1485  7182 D InputMethodManagerService: mDesktopModeManager null!
03-01 14:14:02.447  1485  7182 V InputMethodManagerService: getDisplayIdOfInputMethodWindowToBeAdded : 0
03-01 14:14:02.447  3224  3293 I BLASTBufferQueue: [ViewRootImpl@79c360e[dogglers]#364] destructor()
03-01 14:14:02.447  3224  3293 I BufferQueueConsumer: [ViewRootImpl@79c360e[dogglers]#364(BLAST Consumer)364](id:c980000016c,api:0,p:-1,c:3224) disconnect
03-01 14:14:02.448  1485  7182 D InputMethodManagerService: checkDisplayOfStartInputAndUpdateKeyboard display Id 0last 0
03-01 14:14:02.448  1485  7182 D InputTransport: Input channel constructed: 'ClientS', fd=755
03-01 14:14:02.448  1485  7182 D InputTransport: Input channel destroyed: 'ClientS', fd=755
03-01 14:14:02.449  3224  3293 I ViewRootImpl@79c360e[dogglers]: Relayout returned: old=(0,0,1080,2400) new=(0,0,1080,2400) req=(1080,2400)8 dur=11 res=0x5 s={false 0} ch=true fn=2
03-01 14:14:02.449  3224  3293 I ViewRootImpl@79c360e[dogglers]: dispatchDetachedFromWindow
03-01 14:14:02.450  6169  6169 I HBD     : HoneyBoardService onFinishInput
03-01 14:14:02.450  6169  6169 I HBD     : HoneyBoardService isPhysicalKeyboardConnected so skip call of super.onFinishInput()
03-01 14:14:02.450  1485  3054 D InputTransport: Input channel destroyed: '737ad30', fd=718
03-01 14:14:02.450  1485  3054 W InputManager-JNI: Input channel object '737ad30 Splash Screen com.example.dogglers (client)' was disposed without first being removed with the input manager!
03-01 14:14:02.450  1485  3054 D InputTransport: Input channel destroyed: '737ad30', fd=747
03-01 14:14:02.450  6169  6169 I HBD     : a IC have been unbinding,  InputConnectionWrapper{idHash=#19055ee mMissingMethods=}
03-01 14:14:02.450  6169  6169 I HBD     : HoneyBoardService [PF_CL][onFinishInput]  416231 ns
03-01 14:14:02.450  6169  6169 I HBD     : HoneyBoardService [IMI] onStartInput - caller pid : 5120 , caller uid : 10437
03-01 14:14:02.451  6169  6169 I HBD     : j updateConfigs
03-01 14:14:02.451  6169  6169 I HBD     : j isEnabledNightMode : false
03-01 14:14:02.451  6169  6169 I HBD     : a IC have been binding, InputConnectionWrapper{idHash=#85c811c mMissingMethods=}
03-01 14:14:02.451  6169  6169 I HBD     : h [EditorInputType]setPrivateImeOptionsToTable privateImeOptions ( null )
03-01 14:14:02.451  6169  6169 I HBD     : b incognitoMode : false
03-01 14:14:02.451  6169  6169 I HBD     : a needOff = true , isForceOff = false, isNullInputClass : true
03-01 14:14:02.451  6169  6169 I HBD     : h getDefaultInputRange : UNKNOWN
03-01 14:14:02.452  6169  6169 I HBD     : h getDefaultInputRange : UNKNOWN
03-01 14:14:02.452  6169  6169 I HBD     : h getDefaultInputRange : UNKNOWN
03-01 14:14:02.453  1485  7181 D DARUtil : Device owner status not updated yet...
03-01 14:14:02.453  1485  7181 D DARUtil : Not an enterprise user : 0
03-01 14:14:02.453  1485  7181 D DARUtil : Device owner status not updated yet...
03-01 14:14:02.453  1485  7181 D DARUtil : Not an enterprise user : 0
03-01 14:14:02.455  3224  3224 D NavigationBar: onSystemBarAttributesChanged() -  displayId:0, appearance:16 (APPEARANCE_LIGHT_NAVIGATION_BARS ), navbarColorManagedByIme:false
03-01 14:14:02.455  6169  6169 I HBD     : a needOff = true , isForceOff = false, isNullInputClass : true
03-01 14:14:02.455  3224  3224 V Navbar.Store: handleEvent [EventType] GET_BOOL_REGION_SAMPLING_ENABLED [Module] LightBarController  KEYS_DEFAULT=false
03-01 14:14:02.455  3224  3224 V Navbar.Store: --[Band]COLOR_PACK_GET_REGION_SAMPLING_ENABLED
03-01 14:14:02.455  3224  3224 V Navbar.Store: ----getValue(BOOL_REGION_SAMPLING_ENABLED)=false
03-01 14:14:02.455  6169  6169 I HBD     : a update cached prediction status : false
03-01 14:14:02.456  6169  6169 I HBD     : h getDefaultInputRange : UNKNOWN
03-01 14:14:02.456  6169  6169 I HBD     : h getDefaultInputRange : UNKNOWN
03-01 14:14:02.456  6169  6169 I HBD     : a currentState : 0
03-01 14:14:02.456  1017  1017 D SurfaceFlinger: Display 9223372036909292376 HWC layers:
03-01 14:14:02.456  1017  1017 D SurfaceFlinger:      CLIENT | 0xb4000074cf823580 | 0102 | RGBA_8888    |    0.0    0.0 1080.0 2400.0 |    0    0  576 1280 | com.example.dogglers/com.example.dogglers.MainActivity$_5120#0
03-01 14:14:02.456  1017  1017 D SurfaceFlinger:      CLIENT | 0xb4000074cf823b80 | 0100 | RGBA_8888    |    0.0    0.0 1080.0 2400.0 |    0    0  576 1280 | Splash Screen com.example.dogglers$_3224#0
03-01 14:14:02.456  1017  1017 D SurfaceFlinger:      CLIENT | 0xb4000074cf822380 | 0100 | RGBA_8888    |    0.0    0.0 1080.0   79.0 |    0    0  576   42 | StatusBar$_3224#0
03-01 14:14:02.456  1017  1017 D SurfaceFlinger:      CLIENT | 0xb4000074cdc7b200 | 0100 | RGBA_8888    |    0.0    0.0   67.0  342.0 |  540  244  576  427 | com.samsung.android.app.cocktailbars[...]arservice.CocktailBarService$_8173#0
03-01 14:14:02.456  1017  1017 D SurfaceFlinger:      CLIENT | 0xb4000074cdc7b380 | 0100 | RGBA_8888    |    0.0    0.0 1080.0  126.0 |    0 1213  576 1280 | NavigationBar0$_3224#0
03-01 14:14:02.456  1017  1017 D SurfaceFlinger:
03-01 14:14:02.456  1017  1017 D SurfaceFlinger: Display 0 HWC layers:
03-01 14:14:02.456  1017  1017 D SurfaceFlinger:      DEVICE | 0xb4000074cf823580 | 0102 | RGBA_8888    |    0.0    0.0 1080.0 2400.0 |    0    0 1080 2400 | com.example.dogglers/com.example.dogglers.MainActivity$_5120#0
03-01 14:14:02.456  1017  1017 D SurfaceFlinger:      DEVICE | 0xb4000074cf823b80 | 0100 | RGBA_8888    |    0.0    0.0 1080.0 2400.0 |    0    0 1080 2400 | Splash Screen com.example.dogglers$_3224#0
03-01 14:14:02.456  1017  1017 D SurfaceFlinger:      DEVICE | 0xb4000074cf822380 | 0100 | RGBA_8888    |    0.0    0.0 1080.0   79.0 |    0    0 1080   79 | StatusBar$_3224#0
03-01 14:14:02.456  1017  1017 D SurfaceFlinger:      DEVICE | 0xb4000074cdc7b200 | 0100 | RGBA_8888    |    0.0    0.0   67.0  342.0 | 1013  458 1080  800 | com.samsung.android.app.cocktailbars[...]arservice.CocktailBarService$_8173#0
03-01 14:14:02.456  1017  1017 D SurfaceFlinger:      DEVICE | 0xb4000074cdc7b380 | 0100 | RGBA_8888    |    0.0    0.0 1080.0  126.0 |    0 2274 1080 2400 | NavigationBar0$_3224#0
03-01 14:14:02.456  1017  1017 D SurfaceFlinger:      CLIENT | 0xb4000074cf823a00 | 0140 | RGBA_8888    |    0.0    0.0 1080.0  181.0 |    0    0 1080  181 | ScreenDecorOverlay$_3224#0
03-01 14:14:02.456  1017  1017 D SurfaceFlinger:      CLIENT | 0xb4000074cf822500 | 0140 | RGBA_8888    |    0.0    0.0 1080.0  181.0 |    0 221
03-01 14:14:02.456  1017  1017 D SurfaceFlinger: 9 1080 2400 | ScreenDecorOverlayBottom$_3224#0
03-01 14:14:02.456  1017  1017 D SurfaceFlinger:      CLIENT | 0xb4000074aa809600 | 0148 | RGBA_8888    |    0.0    0.0 1080.0 2400.0 |    0    0 1080 2400 | com.samsung.android.galaxycontinuity[...]martview.BlackScreenViewImpl$_5703#0
03-01 14:14:02.456  1017  1017 D SurfaceFlinger:      CLIENT | 0xb4000074cf822200 | 0148 | RGBA_8888    |    0.0    0.0    1.0    1.0 |  539 1199  540 1200 | com.samsung.android.galaxycontinuity[...]eholder.WakeLockScreenLayout$_5703#0
03-01 14:14:02.456  1017  1017 D SurfaceFlinger:
03-01 14:14:02.457  3224  3293 D InputTransport: Input channel destroyed: '737ad30', fd=201
03-01 14:14:02.458  6169  6169 I HBD     : h load selected json path : /data/user/0/com.samsung.android.honeyboard/files/selected.json
03-01 14:14:02.458  6169  6169 I HBD     : h load selected json info : {"version":"4.1","currentLanguageOrder":0,"selected":[{"activeOptionList":["auto_spacing"],"engName":"Korean","id":4521984,"inputType":"qwerty","isUsed":true},{"activeOptionList":["auto_replace","auto_spacing","writing_assistant"],"engName":"English","id":65537,"inputType":"qwerty","isUsed":true}]}
03-01 14:14:02.459  5120  5120 I ViewInteraction: Checking 'MatchesViewAssertion{viewMatcher=(view has effective visibility <VISIBLE> and view.getGlobalVisibleRect() to return non-empty rectangle)}' assertion on view view.getId() is <2131231203/com.example.dogglers:id/vertical_btn>
03-01 14:14:02.460  1017  1851 I SurfaceFlinger: id=9023 createSurf (0x0),-1 flag=24004, Surface(name=67b73e4 InputMethod)/@0xe7dc702 - animation-leash of insets_animation#1
03-01 14:14:02.460  6169  6169 I HBD     : a [UpdatePolicy] [post] a: 0 cl: 4521984 kit: [0/0] vt: 0 ir: 1
03-01 14:14:02.462   963  5434 I aaa_common_custom.cpp: [cust_ChangeTableByCond]Sensor_idx = 1 ,SHOOTING_MODE = -1,SceneMode = 0
03-01 14:14:02.462   963  5434 I aaa_common_custom.cpp: [cust_ChangeSceneBy3rdpartyApp]VT_MODE = 0 ,MinFps = 5000,MaxFps = 30000,SceneMode = 0
03-01 14:14:02.462   963  5434 I aaa_common_custom.cpp: [cust_mapAOSPAeMode] u4AeMode(1), u4AospAeMode(1)
03-01 14:14:02.462   963  5434 I aaa_common_custom.cpp: [Scenario4AE]Sensor_idx = 0 ,SHOOTING_MODE = -1
03-01 14:14:02.463   963  5460 W LMVDrv  : [GetLMVStatusAndUpdate]Cannot find magicNum(0) in queue(0)
03-01 14:14:02.463  6169  6169 I HBD     : HoneyBoardService [PF_OP][onStartInput]  12429153 ns
03-01 14:14:02.463   963  5434 W Hal3ARaw: [setParams] SEC date.0401, bIsAELock(0), i4ExpIndex(0), i4ZoomRatio(100), isTorch(0)
03-01 14:14:02.463   963  5434 I Hal3ARaw: [setAfParams] SEC, date.0218, bAFTriggerByAPP(0), u1AfTrig(0)
03-01 14:14:02.464   963  5434 E aao_buf_mgr: [updateInfo]  pAEResult is NULL, set mi4EvComp as default value
03-01 14:14:02.464   963  5434 E aao_buf_mgr:  (updateInfo){#614:vendor/mediatek/proprietary/hardware/mtkcam/aaa/source/isp_40/buf_mgr/AAOBufMgr.cpp}
03-01 14:14:02.464   963  5434 E aao_buf_mgr: [updateInfo] Failed to get FLASHResult for MagicNum(1)
03-01 14:14:02.464   963  5434 E aao_buf_mgr:  (updateInfo){#623:vendor/mediatek/proprietary/hardware/mtkcam/aaa/source/isp_40/buf_mgr/AAOBufMgr.cpp}
03-01 14:14:02.464   963  5434 W ResultPool: [getAllResult]- Index is illegal value(-1)
03-01 14:14:02.466   963  5434 W TuningMgr: TuningMgr[updateEngine] WARNING: [temp log] AF enable(0_0x100802e0_0x8001e0)
03-01 14:14:02.466   963  5434 I Hal3ARaw: [chkSECFlashOnCond] bIsStrobeBVTrigger(0), u4AeMode(1)
03-01 14:14:02.467   963  5441 I ResultPool: [convertToMetadata] 0422, SEC result info, Req(#3), BV(1484)
03-01 14:14:02.467   963  5441 I ResultPool: [convertToMetadata4AF] SEC, date.0228, check MTK_CONTROL_AF_REGIONS, array = [0, 0, 0, 0, 0], ret2(0), u1AfMode(4), ret1(1)
03-01 14:14:02.471  1485  7182 D InputMethodManagerServicePhysicalKey: isConnectedDexOnPC false
03-01 14:14:02.472  1485  4967 D MotionRecognitionService: values = 100.0
03-01 14:14:02.472  1485  4967 D MotionRecognitionService: onReceive lux: 100.0  action:
03-01 14:14:02.472  1485  4967 D MotionRecognitionService: Inject brightness form Cam 100.0
03-01 14:14:02.472  1485  4967 D MotionRecognitionService: Inject calibrated lux
03-01 14:14:02.473  1485  7182 D InputMethodManagerService: isImeSwitcherDisabledPackage : false
03-01 14:14:02.473   953   953 I SensorsHub: AutoBrightnessSensor::injectSensorData: camLux 100
03-01 14:14:02.475  1017  1017 D SurfaceFlinger: Display 9223372036909292376 HWC layers:
03-01 14:14:02.475  1017  1017 D SurfaceFlinger:      CLIENT | 0xb4000074cf823580 | 0102 | RGBA_8888    |    0.0    0.0 1080.0 2400.0 |    0    0  576 1280 | com.example.dogglers/com.example.dogglers.MainActivity$_5120#0
03-01 14:14:02.475  1017  1017 D SurfaceFlinger:      CLIENT | 0xb4000074cf822380 | 0100 | RGBA_8888    |    0.0    0.0 1080.0   79.0 |    0    0  576   42 | StatusBar$_3224#0
03-01 14:14:02.475  1017  1017 D SurfaceFlinger:      CLIENT | 0xb4000074cdc7b200 | 0100 | RGBA_8888    |    0.0    0.0   67.0  342.0 |  540  244  576  427 | com.samsung.android.app.cocktailbars[...]arservice.CocktailBarService$_8173#0
03-01 14:14:02.475  1017  1017 D SurfaceFlinger:      CLIENT | 0xb4000074cdc7b380 | 0100 | RGBA_8888    |    0.0    0.0 1080.0  126.0 |    0 1213  576 1280 | NavigationBar0$_3224#0
03-01 14:14:02.475  1017  1017 D SurfaceFlinger:
03-01 14:14:02.475  1017  1017 D SurfaceFlinger: Display 0 HWC layers:
03-01 14:14:02.475  1017  1017 D SurfaceFlinger:      DEVICE | 0xb4000074cf823580 | 0102 | RGBA_8888    |    0.0    0.0 1080.0 2400.0 |    0    0 1080 2400 | com.example.dogglers/com.example.dogglers.MainActivity$_5120#0
03-01 14:14:02.475  1017  1017 D SurfaceFlinger:      DEVICE | 0xb4000074cf822380 | 0100 | RGBA_8888    |    0.0    0.0 1080.0   79.0 |    0    0 1080   79 | StatusBar$_3224#0
03-01 14:14:02.475  1017  1017 D SurfaceFlinger:      DEVICE | 0xb4000074cdc7b200 | 0100 | RGBA_8888    |    0.0    0.0   67.0  342.0 | 1013  458 1080  800 | com.samsung.android.app.cocktailbars[...]arservice.CocktailBarService$_8173#0
03-01 14:14:02.475  1017  1017 D SurfaceFlinger:      DEVICE | 0xb4000074cdc7b380 | 0100 | RGBA_8888    |    0.0    0.0 1080.0  126.0 |    0 2274 1080 2400 | NavigationBar0$_3224#0
03-01 14:14:02.475  1017  1017 D SurfaceFlinger:      DEVICE | 0xb4000074cf823a00 | 0140 | RGBA_8888    |    0.0    0.0 1080.0  181.0 |    0    0 1080  181 | ScreenDecorOverlay$_3224#0
03-01 14:14:02.475  1017  1017 D SurfaceFlinger:      DEVICE | 0xb4000074cf822500 | 0140 | RGBA_8888    |    0.0    0.0 1080.0  181.0 |    0 2219 1080 2400 | ScreenDecorOverlayBottom$_3224#0
03-01 14:14:02.475  1017  1017 D SurfaceFlinger:      CLIENT | 0xb4000074aa809600 | 0148 | RGBA_8888    |    0.0    0.0 1080.0 2400.0 |    0    0 1080 240
03-01 14:14:02.476  1017  1017 D SurfaceFlinger: 0 | com.samsung.android.galaxycontinuity[...]martview.BlackScreenViewImpl$_5703#0
03-01 14:14:02.476  1017  1017 D SurfaceFlinger:      CLIENT | 0xb4000074cf822200 | 0148 | RGBA_8888    |    0.0    0.0    1.0    1.0 |  539 1199  540 1200 | com.samsung.android.galaxycontinuity[...]eholder.WakeLockScreenLayout$_5703#0
03-01 14:14:02.476  1017  1017 D SurfaceFlinger:
03-01 14:14:02.476  1017  1017 I Layer   : id=9009 removedFromDrawingState Splash Screen com.example.dogglers$_3224#0 (137)
03-01 14:14:02.476  1017  1017 I Layer   : id=9008 removedFromDrawingState 737ad30 Splash Screen com.example.dogglers#0 (137)
03-01 14:14:02.476  1017  1017 I Layer   : id=9022 removedFromDrawingState Surface(name=737ad30 Splash Screen com.example.dogglers)/@0x9a8fdb7 - animation-leash of window_animation#0 (137)
03-01 14:14:02.477  1017  1017 I Layer   : id=9021 removedFromDrawingState Surface(name=8a3cbc1 com.example.dogglers/com.example.dogglers.MainActivity)/@0xaf456bb - animation-leash of starting_reveal#0 (137)
03-01 14:14:02.477  1017  1017 I Layer   : id=9004 removedFromDrawingState Surface(name=67b73e4 InputMethod)/@0xe7dc702 - animation-leash of insets_animation#0 (137)
03-01 14:14:02.477  1017  1017 I SurfaceFlinger: id=9004 Removed Surface(name=67b73e4 InputMethod)/@0xe7dc702 - animation-leash of insets_animation#0 (137)
03-01 14:14:02.477  1017  1017 D SurfaceFlinger: App entry ending
03-01 14:14:02.478  1017  1017 I SurfaceFlinger: id=9008 Removed 737ad30 Splash Screen com.example.dogglers#0 (137)
03-01 14:14:02.478  1017  1017 D SurfaceFlinger: App entry ending
03-01 14:14:02.478  1017  1017 I SurfaceFlinger: id=9009 Removed Splash Screen com.example.dogglers$_3224#0 (137)
03-01 14:14:02.479  1017  1017 D SurfaceFlinger: App entry ending
03-01 14:14:02.479  1017  1017 I SurfaceFlinger: id=9022 Removed Surface(name=737ad30 Splash Screen com.example.dogglers)/@0x9a8fdb7 - animation-leash of window_animation#0 (137)
03-01 14:14:02.480  1017  1017 I Layer   : id=9004 Destroyed Surface(name=67b73e4 InputMethod)/@0xe7dc702 - animation-leash of insets_animation#0
03-01 14:14:02.480  1017  1017 I Layer   : id=9022 Destroyed Surface(name=737ad30 Splash Screen com.example.dogglers)/@0x9a8fdb7 - animation-leash of window_animation#0
03-01 14:14:02.480  1017  1017 I Layer   : id=9008 Destroyed 737ad30 Splash Screen com.example.dogglers#0
03-01 14:14:02.480  1017  1017 I BufferQueueDebug: [Splash Screen com.example.dogglers$_3224#0](this:0xb4000074aa993948,id:-1,api:0,p:-1,c:1017) onDestructor()
03-01 14:14:02.480  1017  1017 I Layer   : id=9009 Destroyed Splash Screen com.example.dogglers$_3224#0
03-01 14:14:02.481  1485  3054 I SemDvfsHyPerManager: acquire hyper - AMS_ACT_START/1485@15, type = -999
03-01 14:14:02.481   956  1008 I HYPER-HAL: [RequestManager.cpp]acquire(): Acquired ID : 1125765  [1485 / 15]    HINT : AMS_ACT_START    list :
03-01 14:14:02.481   956  1008 I mtkpower_client: perf_lock_rel, hdl:15860, tid:1008
03-01 14:14:02.482   959  1040 I libPowerHal: [perfLockRel] hdl:15860, idx:1
03-01 14:14:02.482  1017  1784 I SurfaceFlinger: id=9024 createSurf (0x0),-1 flag=80004, ActivityRecord{b82a087 u0 com.example.dogglers/androidx.test.core.app.InstrumentationActivityInvoker$EmptyActivity t3987}#0
03-01 14:14:02.482   959  1040 I libPowerHal: vendor.samsung.: cpu_ctrl set cpu freq: -1 -1 -1 -1
03-01 14:14:02.483   956  1008 I mtkpower_client: perf_lock_acq, hdl:0, dur:0, num:2, tid:1008
03-01 14:14:02.483   956  1008 I mtkpower_client: ret_hdl:15862
03-01 14:14:02.483   956  1008 I mtkpower_client: perf_lock_rel, hdl:15859, tid:1008
03-01 14:14:02.483   959  1040 I libPowerHal: [perfLockAcq] idx:1 hdl:15862 hint:-1 pid:956 duration:0 lock_user:vendor.samsung. => ret_hdl:15862
03-01 14:14:02.484   959  1040 I libPowerHal: vendor.samsung.: cpu_ctrl set cpu freq: 1700000 -1 -1 -1
03-01 14:14:02.484   959   990 I mtkpower@impl: [setMode] type:5, enabled:1
03-01 14:14:02.485   959  1040 I libPowerHal: [perfLockRel] hdl:15859, idx:4
03-01 14:14:02.485   959  1040 I libPowerHal: [PD] vendor.samsung. update cmd:1c3c000, param:1
03-01 14:14:02.485   956  1008 I mtkpower_client: perf_lock_acq, hdl:0, dur:0, num:2, tid:1008
03-01 14:14:02.485   959  1040 I libPowerHal: [PD] (less) /proc/mcdi/state set +prefix:enable 1;
03-01 14:14:02.485   956  1008 I mtkpower_client: ret_hdl:15863
03-01 14:14:02.485   959  1040 I libPowerHal: [perfLockAcq] idx:3 hdl:15863 hint:-1 pid:956 duration:0 lock_user:vendor.samsung. => ret_hdl:15863
03-01 14:14:02.485   956  1008 I mtkpower_client: perf_lock_rel, hdl:15861, tid:1008
03-01 14:14:02.486   959  1040 I libPowerHal: [PE] (less) /proc/mcdi/state set +prefix:enable 0;
03-01 14:14:02.487   959  1040 I libPowerHal: [perfLockRel] hdl:15861, idx:0
03-01 14:14:02.487   959  1040 I libPowerHal: [PD] vendor.samsung. update cmd:1000000, param:-1
03-01 14:14:02.487   959  1040 I libPowerHal: [PD] vendor.samsung. update cmd:1000000 param:-1
03-01 14:14:02.490   956  1008 I mtkpower_client: perf_lock_acq, hdl:0, dur:0, num:2, tid:1008
03-01 14:14:02.491   956  1008 I mtkpower_client: ret_hdl:15864
03-01 14:14:02.491  5120  5120 D LifecycleMonitor: Lifecycle status change: com.example.dogglers.MainActivity@4369764 in: PAUSED
03-01 14:14:02.491   959  1040 I libPowerHal: [perfLockAcq] idx:0 hdl:15864 hint:-1 pid:956 duration:0 lock_user:vendor.samsung. => ret_hdl:15864
03-01 14:14:02.491   959  1040 I libPowerHal: [PE] vendor.samsung. update cmd:1000000, param:0
03-01 14:14:02.491   959  1040 I libPowerHal: [PE] vendor.samsung. update cmd:1000000 param:0
03-01 14:14:02.491  5120  5120 V ActivityScenario: Update currentActivityStage to PAUSED, currentActivity=com.example.dogglers.MainActivity@4369764
03-01 14:14:02.495   963  5434 I aaa_common_custom.cpp: [cust_ChangeTableByCond]Sensor_idx = 1 ,SHOOTING_MODE = -1,SceneMode = 0
03-01 14:14:02.495   963  5434 I aaa_common_custom.cpp: [cust_ChangeSceneBy3rdpartyApp]VT_MODE = 0 ,MinFps = 5000,MaxFps = 30000,SceneMode = 0
03-01 14:14:02.495   963  5434 I aaa_common_custom.cpp: [cust_mapAOSPAeMode] u4AeMode(1), u4AospAeMode(1)
03-01 14:14:02.495   963  5434 I aaa_common_custom.cpp: [Scenario4AE]Sensor_idx = 0 ,SHOOTING_MODE = -1
03-01 14:14:02.495   963  5434 W Hal3ARaw: [setParams] SEC date.0401, bIsAELock(0), i4ExpIndex(0), i4ZoomRatio(100), isTorch(0)
03-01 14:14:02.495   963  5434 I Hal3ARaw: [setAfParams] SEC, date.0218, bAFTriggerByAPP(0), u1AfTrig(0)
03-01 14:14:02.495   963  5460 W LMVDrv  : [GetLMVStatusAndUpdate]Cannot find magicNum(0) in queue(0)
03-01 14:14:02.495   963  5434 E aao_buf_mgr: [updateInfo]  pAEResult is NULL, set mi4EvComp as default value
03-01 14:14:02.495   963  5434 E aao_buf_mgr:  (updateInfo){#614:vendor/mediatek/proprietary/hardware/mtkcam/aaa/source/isp_40/buf_mgr/AAOBufMgr.cpp}
03-01 14:14:02.495   963  5434 E aao_buf_mgr: [updateInfo] Failed to get FLASHResult for MagicNum(1)
03-01 14:14:02.495   963  5434 E aao_buf_mgr:  (updateInfo){#623:vendor/mediatek/proprietary/hardware/mtkcam/aaa/source/isp_40/buf_mgr/AAOBufMgr.cpp}
03-01 14:14:02.495   963  5434 W ResultPool: [getAllResult]- Index is illegal value(-1)
03-01 14:14:02.498   963  5434 W TuningMgr: TuningMgr[updateEngine] WARNING: [temp log] AF enable(0_0x100802e0_0x8001e0)
03-01 14:14:02.498   963  5434 I Hal3ARaw: [chkSECFlashOnCond] bIsStrobeBVTrigger(0), u4AeMode(1)
03-01 14:14:02.498  1485  7182 D InputDispatcher: Focused application set to (0): b82a087
03-01 14:14:02.499   963  5441 I ResultPool: [convertToMetadata] 0422, SEC result info, Req(#4), BV(1484)
03-01 14:14:02.500   963  5441 I ResultPool: [convertToMetadata4AF] SEC, date.0228, check MTK_CONTROL_AF_REGIONS, array = [0, 0, 0, 0, 0], ret2(0), u1AfMode(4), ret1(1)
03-01 14:14:02.509  8173  8173 I Utils   : HomePackage : com.sec.android.app.launcher, resumePackageName : com.example.dogglers
03-01 14:14:02.510   944 15431 D MDP     : DpAsyncBlit: in: job (123451 142) (576, 1280, 2304, 0, C2s, P0), sec0, flush 1 Buffer 60776: plane=1 bufVA={0xb6,0x0,0x0} bufMVA={0x0,0x0,0x0} bufSize={0x2d0000,0x0,0x0} proxy={0xb400007afb2150c0,0x0,0x0}fence=-1
03-01 14:14:02.510   944 15431 D MDP     : DpAsyncBlit: out0: (576, 1280, 2304, 0, C2s, P0), misc: (X:0, Y:0, R:0, F:0, S:0, A:0, D:0), sec0, flush 0 Buffer 60776: plane=1 bufVA={0x97,0x0,0x0} bufMVA={0x0,0x0,0x0} bufSize={0x2d0000,0x0,0x0} proxy={0xb400007afb215340,0x0,0x0}fence=-1
03-01 14:14:02.510   944 15431 D MDP     : DpAsyncBlit: crop0: (0, 0, 576, 1280, 0, 0, 0, 0)
03-01 14:14:02.510  1485  4333 I MediaSessionMonitor: Media session stopped : controllerList empty
03-01 14:14:02.510  5120  5120 D LifecycleMonitor: Lifecycle status change: androidx.test.core.app.InstrumentationActivityInvoker$EmptyActivity@1531a31 in: PRE_ON_CREATE
