03-01 14:14:02.079  5120  5148 I TestRunner: started: vertical_list_button_is_displayed(com.example.dogglers.ButtonTests)
03-01 14:14:02.079  1017  1017 D SurfaceFlinger: Display 0 HWC layers:
03-01 14:14:02.079  1017  1017 D SurfaceFlinger:      DEVICE | 0xb4000074aa809180 | 0100 | RGBx_8888    |  660.0    0.0 1740.0 2400.0 |    0    0 1080 2400 | Wallpaper BBQ wrapper#0
03-01 14:14:02.079  1017  1017 D SurfaceFlinger:      DEVICE | 0xb4000074cdc2e780 | 0100 | RGBA_8888    |    0.0    0.0 1080.0 2400.0 |    0    0 1080 2400 | com.sec.android.app.launcher/com.sec[...].activities.LauncherActivity$_3875#0
03-01 14:14:02.079  1017  1017 D SurfaceFlinger:      DEVICE | 0xb4000074aa809d80 | 0100 | RGBA_8888    |    0.0    0.0 1080.0   79.0 |    0    0 1080   79 | StatusBar$_3224#0
03-01 14:14:02.079  1017  1017 D SurfaceFlinger:      DEVICE | 0xb4000074cdc7b200 | 0100 | RGBA_8888    |    0.0    0.0   67.0  342.0 | 1013  458 1080  800 | com.samsung.android.app.cocktailbars[...]arservice.CocktailBarService$_8173#0
03-01 14:14:02.079  1017  1017 D SurfaceFlinger:      DEVICE | 0xb4000074cdc2ea80 | 0100 | RGBA_8888    |    0.0    0.0 1080.0  126.0 |    0 2274 1080 2400 | NavigationBar0$_3224#0
03-01 14:14:02.079  1017  1017 D SurfaceFlinger:      CLIENT | 0xb4000074cf823a00 | 0140 | RGBA_8888    |    0.0    0.0 1080.0  181.0 |    0    0 1080  181 | ScreenDecorOverlay$_3224#0
03-01 14:14:02.079  1017  1017 D SurfaceFlinger:      CLIENT | 0xb4000074cf822500 | 0140 | RGBA_8888    |    0.0    0.0 1080.0  181.0 |    0 2219 10
03-01 14:14:02.079  1017  1017 D SurfaceFlinger: 80 2400 | ScreenDecorOverlayBottom$_3224#0
03-01 14:14:02.079  1017  1017 D SurfaceFlinger:      CLIENT | 0xb4000074aa809600 | 0148 | RGBA_8888    |    0.0    0.0 1080.0 2400.0 |    0    0 1080 2400 | com.samsung.android.galaxycontinuity[...]martview.BlackScreenViewImpl$_5703#0
03-01 14:14:02.079  1017  1017 D SurfaceFlinger:      CLIENT | 0xb4000074cf822200 | 0148 | RGBA_8888    |    0.0    0.0    1.0    1.0 |  539 1199  540 1200 | com.samsung.android.galaxycontinuity[...]eholder.WakeLockScreenLayout$_5703#0
03-01 14:14:02.079  1017  1017 D SurfaceFlinger:
03-01 14:14:02.080  5120  5120 D LifecycleMonitor: Lifecycle status change: androidx.test.core.app.InstrumentationActivityInvoker$EmptyActivity@d21a35d in: DESTROYED
03-01 14:14:02.080  1017  1017 I Layer   : id=8990 removedFromDrawingState Surface(name=67b73e4 InputMethod)/@0xe7dc702 - animation-leash of insets_animation#1 (146)
03-01 14:14:02.081  1017  1017 I BufferQueueProducer: [StatusBar$_3224#0](this:0xb4000074aa775948,id:-1,api:0,p:-1,c:1017) queueBuffer: fps=0.49 dur=2044.98 max=2044.98 min=2044.98
03-01 14:14:02.082  8173  8173 I Utils   : isCurrentUser current = 0, ownerId = 0
03-01 14:14:02.082  5120  5154 D OpenGLRenderer: setSurface called with nullptr
03-01 14:14:02.082  8173  8173 I TrayVisibilityController: getComputedTrayVisible : keyguardState = 1
03-01 14:14:02.082  8173  8173 I TrayVisibilityController: updateTrayVisible: State=1 visible=1 mCurrentVisible=1 specificMode=0
03-01 14:14:02.083  8173  8173 I TrayStateController: onNotifyUpdateTray: state=0
03-01 14:14:02.083  5120  5120 I ViewRootImpl@82df4a0[InstrumentationActivityInvoker$EmptyActivity]: dispatchDetachedFromWindow
03-01 14:14:02.084  1485  1503 D InputTransport: Input channel destroyed: '3e57d88', fd=323
03-01 14:14:02.084  1485  1503 W InputManager-JNI: Input channel object '3e57d88 com.example.dogglers/androidx.test.core.app.InstrumentationActivityInvoker$EmptyActivity (client)' was disposed without first being removed with the input manager!
03-01 14:14:02.084  1485  1503 D InputTransport: Input channel destroyed: '3e57d88', fd=747
03-01 14:14:02.089  5120  5120 D InputTransport: Input channel destroyed: '3e57d88', fd=109
03-01 14:14:02.090  5120  5120 D InputTransport: Input channel destroyed: 'ClientS', fd=128
03-01 14:14:02.091  1017  1055 I SurfaceFlinger: id=8995 Removed a0fac17 ActivityRecordInputSink com.example.dogglers/androidx.test.core.app.InstrumentationActivityInvoker$EmptyActivity#0 (146)
03-01 14:14:02.094  1017  1055 I SurfaceFlinger: id=9005 createSurf (0x0),-1 flag=24004, Task=3986#1
03-01 14:14:02.094  3875  3875 W SuggestedAppsViewImpl: pending predictedApps : 9, alpha: 0.0, overview: false
03-01 14:14:02.095  5120  5148 W Settings: Setting always_finish_activities has moved from android.provider.Settings.System to android.provider.Settings.Global, returning read-only value.
03-01 14:14:02.106  3875  3875 I RecentsView: onTaskRemoved() taskId : 3986
03-01 14:14:02.107  3875  3875 I RecentsView: onTaskRemoved() taskId : 3986
03-01 14:14:02.111  1017  1017 I Layer   : id=8992 removedFromDrawingState com.example.dogglers/androidx.test.core.app.InstrumentationActivityInvoker$EmptyActivity$_5120#1 (147)
03-01 14:14:02.111  1017  1017 I Layer   : id=8991 removedFromDrawingState 3e57d88 com.example.dogglers/androidx.test.core.app.InstrumentationActivityInvoker$EmptyActivity#0 (147)
03-01 14:14:02.111  1017  1017 I Layer   : id=8989 removedFromDrawingState ActivityRecord{fe57804 u0 com.example.dogglers/androidx.test.core.app.InstrumentationActivityInvoker$EmptyActivity t3986}#0 (147)
03-01 14:14:02.111  1017  1017 I Layer   : id=8995 removedFromDrawingState a0fac17 ActivityRecordInputSink com.example.dogglers/androidx.test.core.app.InstrumentationActivityInvoker$EmptyActivity#0 (147)
03-01 14:14:02.111  1017  1017 I Layer   : id=8965 removedFromDrawingState Task=3986#0 (147)
03-01 14:14:02.111  1017  1017 I Layer   : id=9005 removedFromDrawingState Task=3986#1 (147)
03-01 14:14:02.112  1017  1017 I SurfaceFlinger: id=8989 Removed ActivityRecord{fe57804 u0 com.example.dogglers/androidx.test.core.app.InstrumentationActivityInvoker$EmptyActivity t3986}#0 (147)
03-01 14:14:02.112  1017  1017 I SurfaceFlinger: id=9005 Removed Task=3986#1 (147)
03-01 14:14:02.112  1017  1017 I SurfaceFlinger: id=8991 Removed 3e57d88 com.example.dogglers/androidx.test.core.app.InstrumentationActivityInvoker$EmptyActivity#0 (147)
03-01 14:14:02.112  1017  1017 I SurfaceFlinger: id=8992 Removed com.example.dogglers/androidx.test.core.app.InstrumentationActivityInvoker$EmptyActivity$_5120#1 (147)
03-01 14:14:02.112  1485  3841 D PkgPredictorService-IpmAdcpController: create a new DexPreloadTask pkg:com.example.dogglers  path:/data/app/~~jCsyuDODn4Tpa2nx2l6TPQ==/com.example.dogglers-a5K0cEESRmsjuI8Rg_nqXA==
03-01 14:14:02.112  1017  1017 I Layer   : id=9005 Destroyed Task=3986#1
03-01 14:14:02.112  1017  1017 I Layer   : id=8991 Destroyed 3e57d88 com.example.dogglers/androidx.test.core.app.InstrumentationActivityInvoker$EmptyActivity#0
03-01 14:14:02.112  1017  1017 I BufferQueueDebug: [com.example.dogglers/androidx.test.core.app.InstrumentationActivityInvoker$EmptyActivity$_5120#1](this:0xb4000074a8740948,id:-1,api:0,p:-1,c:1017) onDestructor()
03-01 14:14:02.112  1017  1017 I Layer   : id=8992 Destroyed com.example.dogglers/androidx.test.core.app.InstrumentationActivityInvoker$EmptyActivity$_5120#1
03-01 14:14:02.113  1017  1017 I Layer   : id=8989 Destroyed ActivityRecord{fe57804 u0 com.example.dogglers/androidx.test.core.app.InstrumentationActivityInvoker$EmptyActivity t3986}#0
03-01 14:14:02.113  1017  1017 I Layer   : id=8995 Destroyed a0fac17 ActivityRecordInputSink com.example.dogglers/androidx.test.core.app.InstrumentationActivityInvoker$EmptyActivity#0
03-01 14:14:02.113  1017  1056 I SurfaceFlinger: id=9006 createSurf (0x0),-1 flag=24004, Task=3987#0
03-01 14:14:02.113  1485  3877 I SemDvfsHyPerManager: acquire hyper - AMS_APP_SWITCH/1485@19, type = -999
03-01 14:14:02.114   956  1008 I HYPER-HAL: [RequestManager.cpp]acquire(): Acquired ID : 1131779  [1485 / 19]    HINT : AMS_ACT_SWITCH    list :
03-01 14:14:02.114   956  1008 I mtkpower_client: perf_lock_rel, hdl:15853, tid:1008
03-01 14:14:02.114   956  1008 I mtkpower_client: perf_lock_acq, hdl:0, dur:0, num:2, tid:1008
03-01 14:14:02.115   959  1040 I libPowerHal: [perfLockRel] hdl:15853, idx:1
03-01 14:14:02.115  1485  3877 W libprocessgroup: Failed to find DoSomethingOlaftask profile: Try again
03-01 14:14:02.115  5400  5400 I SemDvfsHyPerManager: acquire hyper - APP_START_SHORT/5400@15, type = -999
03-01 14:14:02.115   959  1040 I libPowerHal: [PD] vendor.samsung. update cmd:1c3c000, param:1
03-01 14:14:02.115  1017  1056 I SurfaceFlinger: id=9007 createSurf (0x0),-1 flag=80004, ActivityRecord{f54c8c4 u0 com.example.dogglers/androidx.test.core.app.InstrumentationActivityInvoker$BootstrapActivity t3987}#0
03-01 14:14:02.116   959  1040 I libPowerHal: [PD] (less) /proc/mcdi/state set +prefix:enable 1;
03-01 14:14:02.116   956  1008 I mtkpower_client: ret_hdl:15855
03-01 14:14:02.116   959  1040 I libPowerHal: [perfLockAcq] idx:3 hdl:15855 hint:-1 pid:956 duration:0 lock_user:vendor.samsung. => ret_hdl:15855
03-01 14:14:02.116   956  1008 I mtkpower_client: perf_lock_rel, hdl:15854, tid:1008
03-01 14:14:02.117   959  1040 I libPowerHal: [PE] (less) /proc/mcdi/state set +prefix:enable 0;
03-01 14:14:02.117   956  1008 I mtkpower_client: perf_lock_acq, hdl:0, dur:0, num:2, tid:1008
03-01 14:14:02.117   959  1040 I libPowerHal: [perfLockRel] hdl:15854, idx:0
03-01 14:14:02.117   959   990 I mtkpower@impl: [setMode] type:5, enabled:1
03-01 14:14:02.118   959  1040 I libPowerHal: vendor.samsung.: cpu_ctrl set cpu freq: -1 -1 -1 -1
03-01 14:14:02.119   956  1008 I mtkpower_client: ret_hdl:15856
03-01 14:14:02.119   956  1008 I mtkpower_client: perf_lock_rel, hdl:15850, tid:1008
03-01 14:14:02.121   959  1040 I libPowerHal: [perfLockAcq] idx:1 hdl:15856 hint:-1 pid:956 duration:0 lock_user:vendor.samsung. => ret_hdl:15856
03-01 14:14:02.121   959  1040 I libPowerHal: vendor.samsung.: cpu_ctrl set cpu freq: 1700000 -1 -1 -1
03-01 14:14:02.122   959  1040 I libPowerHal: [perfLockRel] hdl:15850, idx:2
03-01 14:14:02.122   956  1008 I mtkpower_client: perf_lock_acq, hdl:0, dur:0, num:2, tid:1008
03-01 14:14:02.122   959  1040 I libPowerHal: [PD] vendor.samsung. update cmd:1000000, param:-1
03-01 14:14:02.123  1017  1056 I SurfaceFlinger: [SF client] NEW(0xb4000074cf820040) for (3224:com.android.systemui)
03-01 14:14:02.124   959  1040 I libPowerHal: [PD] vendor.samsung. update cmd:1000000 param:-1
03-01 14:14:02.124  1485  3054 I SemDvfsHyPerManager: acquire hyper - AMS_APP_LAUNCH/1485@16, type = -999
03-01 14:14:02.126  5400  5400 I SemDvfsHyPerManager: acquire hyper - APP_START/5400@16, type = -999
03-01 14:14:02.126   956  1008 I mtkpower_client: ret_hdl:15857
03-01 14:14:02.127   959  1040 I libPowerHal: [perfLockAcq] idx:0 hdl:15857 hint:-1 pid:956 duration:0 lock_user:vendor.samsung. => ret_hdl:15857
03-01 14:14:02.127   956  1008 I HYPER-HAL: [RequestManager.cpp]acquire(): Acquired ID : 14663835  [5400 / 15]    HINT : APP_START    list : [TIMEOUT / 1500]
03-01 14:14:02.127   956  1008 I HYPER-HAL: [RequestManager.cpp]acquire(): Acquired ID : 1127267  [1485 / 16]    HINT : AMS_APP_LAUNCH    list :
03-01 14:14:02.127   956  1008 I HYPER-HAL: [RequestManager.cpp]acquire(): Acquired ID : 14669252  [5400 / 16]    HINT : APP_START    list :
03-01 14:14:02.127  1485  3054 D InputTransport: Input channel constructed: '737ad30', fd=718
03-01 14:14:02.127  1485  3054 D InputTransport: Input channel constructed: '737ad30', fd=747
03-01 14:14:02.128  1485  3054 D InputTransport: Input channel constructed: '737ad30', fd=748
03-01 14:14:02.128   959  1040 I libPowerHal: [PE] vendor.samsung. update cmd:1000000, param:0
03-01 14:14:02.128   959  1040 I libPowerHal: [PE] vendor.samsung. update cmd:1000000 param:0
03-01 14:14:02.131  1017  1056 I SurfaceFlinger: id=9008 createSurf (0x0),-1 flag=80004, 737ad30 Splash Screen com.example.dogglers#0
03-01 14:14:02.132  1485  3054 D InputTransport: Input channel destroyed: '737ad30', fd=748
03-01 14:14:02.133  3875  3875 I BaseActivity: removeActivityFlags, flags : 16
03-01 14:14:02.133  3875  3875 I BaseActivity: removeActivityFlags, flags : 6
03-01 14:14:02.133  3875  3875 I DragController: endDrag
03-01 14:14:02.134  3875  3875 W LauncherAppWidgetHost: setShouldListenFlag, mFlags:15 flag:resume on:false isFront:false
03-01 14:14:02.134  3224  3293 I ViewRootImpl@79c360e[dogglers]: setView = android.widget.FrameLayout@4fea7c5 TM=true
03-01 14:14:02.134  3875  3875 I DecorView: notifyKeepScreenOnChanged: keepScreenOn=false
03-01 14:14:02.135  3875  3875 I SPayUpdater: updateSpayHandler launcher activity is paused false
03-01 14:14:02.136   944 15431 D MDP     : DpAsyncBlit: in: job (123415 140) (576, 1280, 2304, 0, C2s, P0), sec0, flush 0 Buffer 60758: plane=1 bufVA={0x9d,0x0,0x0} bufMVA={0x0,0x0,0x0} bufSize={0x2d0000,0x0,0x0} proxy={0xb400007afb2150c0,0x0,0x0}fence=-1
03-01 14:14:02.136   944 15431 D MDP     : DpAsyncBlit: out0: (576, 1280, 2304, 0, C2s, P0), misc: (X:0, Y:0, R:0, F:0, S:0, A:0, D:0), sec0, flush 0 Buffer 60758: plane=1 bufVA={0x97,0x0,0x0} bufMVA={0x0,0x0,0x0} bufSize={0x2d0000,0x0,0x0} proxy={0xb400007afb215340,0x0,0x0}fence=-1
03-01 14:14:02.136   944 15431 D MDP     : DpAsyncBlit: crop0: (0, 0, 576, 1280, 0, 0, 0, 0)
03-01 14:14:02.141  1485  1503 D InputDispatcher: Focused application set to (0): f54c8c4
03-01 14:14:02.149  1485  3054 V WindowManager: Relayout Window{737ad30 u0 Splash Screen com.example.dogglers}: viewVisibility=0 req=1080x2400 d0
03-01 14:14:02.150  1017  1056 E BufferQueueDebug: [Splash Screen com.example.dogglers$_3224#0](this:0xb4000074aa993948,id:-1,api:0,p:-1,c:-1) id info cannot be read from 'Splash Screen com.example.dogglers$_3224#0'
03-01 14:14:02.150  1017  1056 I BufferQueueDebug: [Splash Screen com.example.dogglers$_3224#0](this:0xb4000074aa993948,id:-1,api:0,p:-1,c:-1) BufferQueue core=(1017:/system/bin/surfaceflinger)
03-01 14:14:02.152   944 15431 D MDP     : DpAsyncBlit: in: job (123417 133) (576, 1280, 2304, 0, C2s, P0), sec0, flush 1 Buffer 60759: plane=1 bufVA={0x9c,0x0,0x0} bufMVA={0x0,0x0,0x0} bufSize={0x2d0000,0x0,0x0} proxy={0xb400007afb2152c0,0x0,0x0}fence=-1
03-01 14:14:02.152   944 15431 D MDP     : DpAsyncBlit: out0: (576, 1280, 2304, 0, C2s, P0), misc: (X:0, Y:0, R:0, F:0, S:0, A:0, D:0), sec0, flush 0 Buffer 60759: plane=1 bufVA={0x92,0x0,0x0} bufMVA={0x0,0x0,0x0} bufSize={0x2d0000,0x0,0x0} proxy={0xb400007afb215180,0x0,0x0}fence=-1
03-01 14:14:02.152   944 15431 D MDP     : DpAsyncBlit: crop0: (0, 0, 576, 1280, 0, 0, 0, 0)
03-01 14:14:02.152  1017  1056 I SurfaceFlinger: id=9009 createSurf (1080x2400),-3 flag=40004, Splash Screen com.example.dogglers$_3224#0
03-01 14:14:02.156  1485  1503 V WindowManager: Relayout Window{585b100 u0 com.sec.android.app.launcher/com.sec.android.app.launcher.activities.LauncherActivity}: viewVisibility=0 req=1080x2400 d0
03-01 14:14:02.157  1485  3054 V WindowManager: Relayout hash=737ad30, pid=3224: mAttrs={(0,0)(fillxfill) sim={adjust=pan} ty=APPLICATION_STARTING fmt=TRANSLUCENT wanim=0x1030001
03-01 14:14:02.157  1485  3054 V WindowManager:   fl=81030118
03-01 14:14:02.157  1485  3054 V WindowManager:   pfl=36000010
03-01 14:14:02.157  1485  3054 V WindowManager:   bhv=DEFAULT
03-01 14:14:02.157  1485  3054 V WindowManager:   fitSides= naviIconColor=0}
03-01 14:14:02.158  3224  3293 I BufferQueueConsumer: [](id:c980000016c,api:0,p:-1,c:3224) connect: controlledByApp=false
03-01 14:14:02.158  3224  3293 I BLASTBufferQueue: [ViewRootImpl@79c360e[dogglers]#364] constructor()
03-01 14:14:02.159  3224  3293 I ViewRootImpl@79c360e[dogglers]: Relayout returned: old=(0,0,1080,2400) new=(0,0,1080,2400) req=(1080,2400)0 dur=21 res=0x7 s={true -5476376627917299712} ch=true fn=-1
03-01 14:14:02.159  3224  3349 I BufferQueueProducer: [ViewRootImpl@79c360e[dogglers]#364(BLAST Consumer)364](id:c980000016c,api:1,p:3224,c:3224) connect: api=1 producerControlledByApp=true
03-01 14:14:02.159  1485  1503 V WindowManager: Relayout hash=585b100, pid=3875: mAttrs={(0,0)(fillxfill) sim={adjust=nothing} layoutInDisplayCutoutMode=shortEdges ty=BASE_APPLICATION fmt=TRANSPARENT wanim=0x10302f2
03-01 14:14:02.159  1485  1503 V WindowManager:   fl=81910100
03-01 14:14:02.159  1485  1503 V WindowManager:   pfl=1e020040
03-01 14:14:02.159  1485  1503 V WindowManager:   vsysui=1700
03-01 14:14:02.159  1485  1503 V WindowManager:   bhv=SHOW_TRANSIENT_BARS_BY_SWIPE
03-01 14:14:02.159  1485  1503 V WindowManager:   fitSides= naviIconColor=0}
03-01 14:14:02.160  3224  3349 D OpenGLRenderer: eglCreateWindowSurface
03-01 14:14:02.160  3224  3293 I ViewRootImpl@79c360e[dogglers]: [DP] dp(1) 0 android.view.ViewRootImpl.reportNextDraw:11420 android.view.ViewRootImpl.performTraversals:4193 android.view.ViewRootImpl.doTraversal:2919
03-01 14:14:02.160  3224  3293 D ViewRootImpl@79c360e[dogglers]: Creating frameDrawingCallback nextDrawUseBlastSync=false reportNextDraw=true hasBlurUpdates=false
03-01 14:14:02.160  3224  3293 D ViewRootImpl@79c360e[dogglers]: Creating frameCompleteCallback
03-01 14:14:02.160  5120  5120 D LifecycleMonitor: Lifecycle status change: androidx.test.core.app.InstrumentationActivityInvoker$BootstrapActivity@60ae115 in: PRE_ON_CREATE
03-01 14:14:02.160  5120  5120 V ActivityScenario: Activity lifecycle changed event received but ignored because the intent does not match. startActivityIntent=Intent { act=android.intent.action.MAIN cat=[android.intent.category.LAUNCHER] cmp=com.example.dogglers/.MainActivity }, activity.getIntent()=Intent { act=android.intent.action.MAIN cat=[android.intent.category.LAUNCHER] flg=0x10008000 cmp=com.example.dogglers/androidx.test.core.app.InstrumentationActivityInvoker$BootstrapActivity (has extras) }, activity=androidx.test.core.app.InstrumentationActivityInvoker$BootstrapActivity@60ae115
03-01 14:14:02.161  3224  4179 D ViewRootImpl@79c360e[dogglers]: Received frameDrawingCallback frameNum=1. Creating transactionCompleteCallback=false
03-01 14:14:02.161  3875  3875 I ViewRootImpl@f544d6f[LauncherActivity]: Relayout returned: old=(0,0,1080,2400) new=(0,0,1080,2400) req=(1080,2400)0 dur=14 res=0x1 s={true -5476376626703319040} ch=false fn=3
03-01 14:14:02.164  1485  3054 D InputDispatcher: Focus left window (0): 585b100 com.sec.android.app.launcher/com.sec.android.app.launcher.activities.LauncherActivity
03-01 14:14:02.165  3875  3875 I ViewRootImpl@f544d6f[LauncherActivity]: MSG_WINDOW_FOCUS_CHANGED 0 1
03-01 14:14:02.165  3875  3875 I BaseActivity: removeActivityFlags, flags : 8
03-01 14:14:02.170   944 15431 D MDP     : DpAsyncBlit: in: job (123419 138) (576, 1280, 2304, 0, C2s, P0), sec0, flush 0 Buffer 60760: plane=1 bufVA={0xac,0x0,0x0} bufMVA={0x0,0x0,0x0} bufSize={0x2d0000,0x0,0x0} proxy={0xb400007afb215040,0x0,0x0}fence=-1
03-01 14:14:02.170   944 15431 D MDP     : DpAsyncBlit: out0: (576, 1280, 2304, 0, C2s, P0), misc: (X:0, Y:0, R:0, F:0, S:0, A:0, D:0), sec0, flush 0 Buffer 60760: plane=1 bufVA={0x98,0x0,0x0} bufMVA={0x0,0x0,0x0} bufSize={0x2d0000,0x0,0x0} proxy={0xb400007afb215300,0x0,0x0}fence=-1
03-01 14:14:02.170   944 15431 D MDP     : DpAsyncBlit: crop0: (0, 0, 576, 1280, 0, 0, 0, 0)
03-01 14:14:02.178  3224  3349 D ViewRootImpl@79c360e[dogglers]: Received frameCompleteCallback  lastAcquiredFrameNum=1 lastAttemptedDrawFrameNum=1
03-01 14:14:02.180  3224  3293 I ViewRootImpl@79c360e[dogglers]: [DP] pdf(0) 0 android.view.ViewRootImpl.lambda$addFrameCompleteCallbackIfNeeded$3$ViewRootImpl:4995 android.view.ViewRootImpl$$ExternalSyntheticLambda16.run:6 android.os.Handler.handleCallback:938
03-01 14:14:02.180  3224  3293 I ViewRootImpl@79c360e[dogglers]: [DP] rdf()
03-01 14:14:02.180  3224  3293 D ViewRootImpl@79c360e[dogglers]: reportDrawFinished (fn: -1)
03-01 14:14:02.180  3875  3875 I BadgeRenderer: Invalid count : 0
03-01 14:14:02.180  3875  3875 I BadgeRenderer: Invalid count : 0
03-01 14:14:02.180  3875  3875 I BadgeRenderer: Invalid count : 0
03-01 14:14:02.181  3875  3875 I BadgeRenderer: Invalid count : 0
03-01 14:14:02.181  3875  3875 I BadgeRenderer: Invalid count : 0
03-01 14:14:02.181  3875  3875 I BadgeRenderer: Invalid count : 0
03-01 14:14:02.181  3875  3875 I BadgeRenderer: Invalid count : 0
03-01 14:14:02.181  3875  3875 I BadgeRenderer: Invalid count : 0
03-01 14:14:02.181  3875  3875 I BadgeRenderer: Invalid count : 0
03-01 14:14:02.181  3875  3875 I BadgeRenderer: Invalid count : 0
03-01 14:14:02.181  3875  3875 I BadgeRenderer: Invalid count : 0
03-01 14:14:02.181  3875  3875 I BadgeRenderer: Invalid count : 0
03-01 14:14:02.184  1485  4333 I MediaSessionMonitor: Media session stopped : controllerList empty
03-01 14:14:02.185  8173  8173 I Utils   : HomePackage : com.sec.android.app.launcher, resumePackageName : com.example.dogglers
03-01 14:14:02.185  1017  1056 I SurfaceFlinger: id=9010 createSurf (0x0),-1 flag=24000, Surface(name=Task=1)/@0xd394439 - animation-leash of app_transition#0
03-01 14:14:02.185   944 15431 D MDP     : DpAsyncBlit: in: job (123421 133) (576, 1280, 2304, 0, C2s, P0), sec0, flush 1 Buffer 60761: plane=1 bufVA={0x9c,0x0,0x0} bufMVA={0x0,0x0,0x0} bufSize={0x2d0000,0x0,0x0} proxy={0xb400007afb215280,0x0,0x0}fence=-1
03-01 14:14:02.185  5120  5120 I DecorView: [INFO] isPopOver=false, config=true
03-01 14:14:02.185   944 15431 D MDP     : DpAsyncBlit: out0: (576, 1280, 2304, 0, C2s, P0), misc: (X:0, Y:0, R:0, F:0, S:0, A:0, D:0), sec0, flush 0 Buffer 60761: plane=1 bufVA={0x92,0x0,0x0} bufMVA={0x0,0x0,0x0} bufSize={0x2d0000,0x0,0x0} proxy={0xb400007afb2151c0,0x0,0x0}fence=-1
03-01 14:14:02.186   944 15431 D MDP     : DpAsyncBlit: crop0: (0, 0, 576, 1280, 0, 0, 0, 0)
03-01 14:14:02.186  5120  5120 I DecorView: updateCaptionType >> DecorView@3030a1b[], isFloating=false, isApplication=true, hasWindowControllerCallback=true, hasWindowDecorCaption=false
03-01 14:14:02.186  5120  5120 D DecorView: setCaptionType = 0, this = DecorView@3030a1b[]
03-01 14:14:02.189  1017  1056 I SurfaceFlinger: id=9011 createSurf (0x0),-1 flag=24004, Surface(name=Task=3987)/@0x71a7663 - animation-leash of app_transition#0
03-01 14:14:02.189  3224  3224 D FullscreenTaskListener: Fullscreen Task Appeared: #3987, caller=com.android.wm.shell.ShellTaskOrganizer.onTaskAppeared:387 com.android.wm.shell.ShellTaskOrganizer.onTaskAppeared:376 android.window.TaskOrganizer$1.lambda$onTaskAppeared$4$TaskOrganizer$1:297
03-01 14:14:02.190  5120  5120 I DecorView: getCurrentDensityDpi: from real metrics. densityDpi=420 msg=resources_loaded
03-01 14:14:02.191  5120  5120 D LifecycleMonitor: Lifecycle status change: androidx.test.core.app.InstrumentationActivityInvoker$BootstrapActivity@60ae115 in: CREATED
03-01 14:14:02.192  5120  5120 V ActivityScenario: Activity lifecycle changed event received but ignored because the intent does not match. startActivityIntent=Intent { act=android.intent.action.MAIN cat=[android.intent.category.LAUNCHER] cmp=com.example.dogglers/.MainActivity }, activity.getIntent()=Intent { act=android.intent.action.MAIN cat=[android.intent.category.LAUNCHER] flg=0x10008000 cmp=com.example.dogglers/androidx.test.core.app.InstrumentationActivityInvoker$BootstrapActivity (has extras) }, activity=androidx.test.core.app.InstrumentationActivityInvoker$BootstrapActivity@60ae115
03-01 14:14:02.193  1017  1056 I SurfaceFlinger: id=9012 createSurf (0x0),-1 flag=24000, Surface(name=11b0562 StatusBar)/@0xa45631f - animation-leash of insets_animation#0
03-01 14:14:02.193  5120  5120 D LifecycleMonitor: Lifecycle status change: androidx.test.core.app.InstrumentationActivityInvoker$BootstrapActivity@60ae115 in: STARTED
03-01 14:14:02.194  5120  5120 V ActivityScenario: Activity lifecycle changed event received but ignored because the intent does not match. startActivityIntent=Intent { act=android.intent.action.MAIN cat=[android.intent.category.LAUNCHER] cmp=com.example.dogglers/.MainActivity }, activity.getIntent()=Intent { act=android.intent.action.MAIN cat=[android.intent.category.LAUNCHER] flg=0x10008000 cmp=com.example.dogglers/androidx.test.core.app.InstrumentationActivityInvoker$BootstrapActivity (has extras) }, activity=androidx.test.core.app.InstrumentationActivityInvoker$BootstrapActivity@60ae115
03-01 14:14:02.195  1017  1056 I SurfaceFlinger: id=9013 createSurf (0x0),-1 flag=24000, Surface(name=16df26b NavigationBar0)/@0xf199c0c - animation-leash of insets_animation#0
03-01 14:14:02.197  1017  1056 I SurfaceFlinger: id=9014 createSurf (0x0),-1 flag=80000, adac7d7 ActivityRecordInputSink com.example.dogglers/androidx.test.core.app.InstrumentationActivityInvoker$BootstrapActivity#0
03-01 14:14:02.200  3224  3293 D InsetsSourceConsumer: ensureControlAlpha: for ITYPE_NAVIGATION_BAR on Splash Screen com.example.dogglers
03-01 14:14:02.201  3224  3293 D InsetsSourceConsumer: ensureControlAlpha: for ITYPE_STATUS_BAR on Splash Screen com.example.dogglers
03-01 14:14:02.203  3875  3875 I ViewRootImpl@f544d6f[LauncherActivity]: handleAppVisibility mAppVisible=true visible=false
03-01 14:14:02.204  3224  3347 D WallpaperService: dispatchAppVisibility onVisibilityChanged(): false
03-01 14:14:02.204  3875  2121 I TouchInteractionService: onSystemUiStateChanged, stateFlags : 131072
03-01 14:14:02.205  3224  3224 D WallpaperService: reportVisibility onVisibilityChanged visible: false
03-01 14:14:02.205  3224  3346 I ImageWallpaper:  onVisibilityChanged false , 0
03-01 14:14:02.209  1017  1828 I SurfaceFlinger: id=9015 createSurf (0x0),-1 flag=80004, ActivityRecord{849bcb6 u0 com.example.dogglers/.MainActivity t3987}#0
03-01 14:14:02.212   959   990 I mtkpower@impl: [setMode] type:5, enabled:1
03-01 14:14:02.215  1017  1017 I Layer   : id=8997 removedFromDrawingState Surface(name=11b0562 StatusBar)/@0xa45631f - animation-leash of insets_animation#1 (152)
03-01 14:14:02.216  1017  1017 I Layer   : id=8998 removedFromDrawingState Surface(name=16df26b NavigationBar0)/@0xf199c0c - animation-leash of insets_animation#1 (152)
03-01 14:14:02.216  1017  1017 I Layer   : id=9010 removedFromDrawingState Surface(name=Task=1)/@0xd394439 - animation-leash of app_transition#0 (152)
03-01 14:14:02.216  4968  4986 I CameraLightSensor_Service: MSG_SERVICE_CAMERA_LOOP
03-01 14:14:02.216  1017  1017 I SurfaceFlinger: id=8997 Removed Surface(name=11b0562 StatusBar)/@0xa45631f - animation-leash of insets_animation#1 (152)
03-01 14:14:02.216  1017  1017 I SurfaceFlinger: id=8998 Removed Surface(name=16df26b NavigationBar0)/@0xf199c0c - animation-leash of insets_animation#1 (153)
03-01 14:14:02.216  1017  1828 I SurfaceFlinger: id=9016 createSurf (0x0),-1 flag=80000, 5502c51 ActivityRecordInputSink com.example.dogglers/.MainActivity#0
03-01 14:14:02.216  1017  1017 I SurfaceFlinger: id=9010 Removed Surface(name=Task=1)/@0xd394439 - animation-leash of app_transition#0 (153)
03-01 14:14:02.217  1017  1017 I Layer   : id=9010 Destroyed Surface(name=Task=1)/@0xd394439 - animation-leash of app_transition#0
03-01 14:14:02.217  1017  1017 I Layer   : id=8997 Destroyed Surface(name=11b0562 StatusBar)/@0xa45631f - animation-leash of insets_animation#1
03-01 14:14:02.217  1017  1017 I Layer   : id=8998 Destroyed Surface(name=16df26b NavigationBar0)/@0xf199c0c - animation-leash of insets_animation#1
03-01 14:14:02.217  4968  4986 I CameraLightSensor_Service: startBackgroundThread : mBackgroundHandler is set
03-01 14:14:02.218  3875  5551 I BufferQueueProducer: [ViewRootImpl@f544d6f[LauncherActivity]#164(BLAST Consumer)164](id:f23000000bc,api:1,p:3875,c:3875) disconnect: api 1
03-01 14:14:02.219  3224  3300 I ViewRootImpl@79c360e[dogglers]: Resizing android.view.ViewRootImpl@5e5684b: frame=[0,0][1080,2400] reportDraw=false forceLayout=false backDropFrame=Rect(0, 0 - 1080, 2400)
03-01 14:14:02.219  5120  5120 D LifecycleMonitor: Lifecycle status change: androidx.test.core.app.InstrumentationActivityInvoker$BootstrapActivity@60ae115 in: RESUMED
03-01 14:14:02.220  3224  3293 I ViewRootImpl@79c360e[dogglers]: handleResized, msg = 4 frames=ClientWindowFrames{frame=[0,0][1080,2400] display=[0,0][1080,2400] backdrop=[0,0][1080,2400]} forceNextWindowRelayout=false displayId=0 frameChanged=false backdropFrameChanged=false configChanged=false displayChanged=false mNextDrawUseBlastSync=false mergedConfiguration={mGlobalConfig={1.1 ?mcc?mnc [ko_KR] ldltr sw411dp w411dp h836dp 420dpi nrml long port finger qwerty/v/v dpad/v winConfig={ mBounds=Rect(0, 0 - 1080, 2400) mAppBounds=Rect(0, 79 - 1080, 2274) mMaxBounds=Rect(0, 0 - 1080, 2400) mWindowingMode=fullscreen mDisplayWindowingMode=fullscreen mActivityType=undefined mAlwaysOnTop=undefined mRotation=ROTATION_0 mPopOver=undefined mFreeformTaskPinningState=undefined} s.1886 fontWeightAdjustment=0 ff=0 bf=0 bts=0 enb/d themeSeq=0} mOverrideConfig={1.1 ?mcc?mnc [ko_KR] ldltr sw411dp w411dp h836dp 420dpi nrml long port finger qwerty/v/v dpad/v winConfig={ mBounds=Rect(0, 0 - 1080, 2400) mAppBounds=Rect(0, 79 - 1080, 2274) mMaxBounds=Rect(0, 0 - 1080, 2400) mWindowingMode=fullscreen mDisplayWindowingMode=fullscreen mActivityType=standard mAlwaysOnTop=undefined mRotation=ROTATION_0 mPopOver=off mFreeformTaskPinningState=unpinned} s.1 fontWeightAdjustment=0 ff=0 bf=0 bts=0 enb/d themeSeq=0}}
03-01 14:14:02.220  5120  5120 V ActivityScenario: Activity lifecycle changed event received but ignored because the intent does not match. startActivityIntent=Intent { act=android.intent.action.MAIN cat=[android.intent.category.LAUNCHER] cmp=com.example.dogglers/.MainActivity }, activity.getIntent()=Intent { act=android.intent.action.MAIN cat=[android.intent.category.LAUNCHER] flg=0x10008000 cmp=com.example.dogglers/androidx.test.core.app.InstrumentationActivityInvoker$BootstrapActivity (has extras) }, activity=androidx.test.core.app.InstrumentationActivityInvoker$BootstrapActivity@60ae115
03-01 14:14:02.221  1099  4085 I CameraService: isHiddenCameraAvailable: isHiddenCameraAvailable for this package : false
03-01 14:14:02.221  4968  4986 I CameraManager: registerAvailabilityCallback: Is device callback = false
03-01 14:14:02.221  4968  4986 I CameraManagerGlobal: postSingleUpdate device: camera id 0 status STATUS_PRESENT
03-01 14:14:02.221  4968  4986 I CameraManagerGlobal: postSingleUpdate device: camera id 1 status STATUS_PRESENT
03-01 14:14:02.221  4968  5428 I CameraLightSensor_Service: Camera 1 is available
03-01 14:14:02.221  4968  4986 I CameraManagerGlobal: postSingleUpdate device: camera id 2 status STATUS_PRESENT
03-01 14:14:02.222  4968  5428 I CameraLightSensor_Service: Camera open callback start
03-01 14:14:02.224  1099 29509 I CameraService: CameraService::connect call (PID -1 "com.samsung.adaptivebrightnessgo", camera ID 1) and Camera API version 2
03-01 14:14:02.225  1099 29509 I CameraService: isUidActiveLocked E: uid 5021, callingPackage com.samsung.adaptivebrightnessgo, isRegistered true
03-01 14:14:02.225  1099 29509 I CameraService: isUidActiveLocked X: return true.
03-01 14:14:02.225  1099 29509 I CameraService: this package is a adaptive brightness app.
03-01 14:14:02.225  1099 29509 I CameraService: CameraService::validateClientPermissionsLocked is ok : calling pid 4968, calling uid 5021, client com.samsung.adaptivebrightnessgo , cameraservice pid=1099, device user 0, currently allowed device users: 0
03-01 14:14:02.225  1099 29509 I CameraService: CameraService::handleEvictionsLocked
03-01 14:14:02.225  1099 29509 I CameraService: this package is a adaptive brightness app.
03-01 14:14:02.225  1099 29509 I CameraService: wouldEvictLocked: [incoming client] owner = 4968, priority-score=999, cost=100, returnIncompatibleClients=false
03-01 14:14:02.225  1099 29509 I CameraService: wouldEvictLocked: [cost info] current cost=0, adding cost=100, total cost=100, max cost=100
03-01 14:14:02.225  1099 29509 I CameraService: wouldEvictLocked: [highestPriority] owner=4968, score=999
03-01 14:14:02.225  1099 29509 I CameraFlashlight: prepareDeviceOpen: prepare for device open(cameraId=1)
03-01 14:14:02.225  1099 29509 D Camera3-RequestInjector: RequestInjector[1] Mapper created
03-01 14:14:02.226  1099 29509 I Camera2ClientBase: Camera 1: Opened. Client: com.samsung.adaptivebrightnessgo (PID 4968, UID 5021)
03-01 14:14:02.226  1099 29509 I CameraDeviceClient: CameraDeviceClient 1: Opened
03-01 14:14:02.226  1099 29509 I CameraService: isSamsungCamera: this package is Samsung app: false
03-01 14:14:02.226  1485  3054 V WindowManager: Relayout Window{585b100 u0 com.sec.android.app.launcher/com.sec.android.app.launcher.activities.LauncherActivity}: viewVisibility=8 req=1080x2400 d0
03-01 14:14:02.227  1099 29509 I CameraService: service.camera.client set to com.samsung.adaptivebrightnessgo
03-01 14:14:02.227  1099 29509 I CameraService: startCameraOps: Start camera ops, package name = com.samsung.adaptivebrightnessgo, client UID = 5021
03-01 14:14:02.227  1099 29509 I CameraService: this package is a adaptive brightness app.
03-01 14:14:02.229  1485  3054 V WindowManager: Relayout hash=585b100, pid=3875: mAttrs={(0,0)(fillxfill) sim={adjust=nothing} layoutInDisplayCutoutMode=shortEdges ty=BASE_APPLICATION fmt=TRANSPARENT wanim=0x10302f2
03-01 14:14:02.229  1485  3054 V WindowManager:   fl=81910100
03-01 14:14:02.229  1485  3054 V WindowManager:   pfl=1e020040
03-01 14:14:02.229  1485  3054 V WindowManager:   vsysui=1700
03-01 14:14:02.229  1485  3054 V WindowManager:   bhv=SHOW_TRANSIENT_BARS_BY_SWIPE
03-01 14:14:02.229  1485  3054 V WindowManager:   fitSides= naviIconColor=0}
03-01 14:14:02.229  3875  3875 I BLASTBufferQueue: [ViewRootImpl@f544d6f[LauncherActivity]#164] destructor()
03-01 14:14:02.229  3875  3875 I BufferQueueConsumer: [ViewRootImpl@f544d6f[LauncherActivity]#164(BLAST Consumer)164](id:f23000000bc,api:0,p:-1,c:3875) disconnect
03-01 14:14:02.230  3875  3875 I ViewRootImpl@f544d6f[LauncherActivity]: Relayout returned: old=(0,0,1080,2400) new=(0,0,1080,2400) req=(1080,2400)8 dur=9 res=0x5 s={false 0} ch=true fn=4
03-01 14:14:02.230  3875  3875 I TouchInteractionService: onSystemUiFlagsChanged, userUnlocked
03-01 14:14:02.231  1099 29509 I CameraService: Drop checking dpm for package com.samsung.adaptivebrightnessgo(pid 4968) from startCameraOps()
03-01 14:14:02.231  1099 29509 I CameraService: Drop updateStatus callbak for package com.samsung.adaptivebrightnessgo(pid 4968)
03-01 14:14:02.232  1099 29509 D Camera3-Device: CameraPerf: initialize E
03-01 14:14:02.232  1099 29509 D Camera3-Device: initialize: mInterfaceLock.lock()
03-01 14:14:02.232  1099 29509 D CameraProviderManager: CameraPerf: openSession E
03-01 14:14:02.233  5120  5120 D LifecycleMonitor: Lifecycle status change: androidx.test.core.app.InstrumentationActivityInvoker$BootstrapActivity@60ae115 in: PAUSED
03-01 14:14:02.233  5120  5120 V ActivityScenario: Activity lifecycle changed event received but ignored because the intent does not match. startActivityIntent=Intent { act=android.intent.action.MAIN cat=[android.intent.category.LAUNCHER] cmp=com.example.dogglers/.MainActivity }, activity.getIntent()=Intent { act=android.intent.action.MAIN cat=[android.intent.category.LAUNCHER] flg=0x10008000 cmp=com.example.dogglers/androidx.test.core.app.InstrumentationActivityInvoker$BootstrapActivity (has extras) }, activity=androidx.test.core.app.InstrumentationActivityInvoker$BootstrapActivity@60ae115
03-01 14:14:02.234   963  5069 I SehCamDev@5.0-impl: [CAMKPI] camera3->open : E
03-01 14:14:02.234   963  5069 I Unihal  : UniDebugLog.cpp: __unihal_log_status_update: 57: UpdateLogStatus 0000000d ERR 1 PERF 0 WARN 4 INFO 8 DEBUG 0 DUMP 0 STRACE 0 META 0
03-01 14:14:02.234   963  5069 I Unihal  : UniHal3InterfaceEntry.cpp: uni_open_camera_hardware: 628: E cameraName: 1
03-01 14:14:02.234   963  5069 I Unihal  : UniHal3InterfaceEntry.cpp: uni_open_camera_hardware: 630: UNIHAL_VERSION = "2.1"
03-01 14:14:02.234   963  5069 I Unihal  : CameraDevice.cpp: OpenCameraHardware_v3: 401: name : 1 camera id : 1
03-01 14:14:02.234   963  5069 E mtkcam-devicemgr: [getDeviceName] deviceId 1  name device@3.6/legacy/1 (getDeviceName){#506:vendor/mediatek/proprietary/hardware/mtkcam3/main/hal/devicemgr/base/CameraDeviceManagerBase_utils.cpp}
03-01 14:14:02.234   963  5069 I MtkCam/Metadata: valueForByDeviceId(120):[debug] valueForByDeviceId passedInId:6
03-01 14:14:02.234   963  5069 E mtkcam-devicemgr: [getDeviceName] deviceId 1  name device@3.6/legacy/1 (getDeviceName){#506:vendor/mediatek/proprietary/hardware/mtkcam3/main/hal/devicemgr/base/CameraDeviceManagerBase_utils.cpp}
03-01 14:14:02.234   963  5069 E mtkcam-devicemgr: [getDeviceName] deviceId 1  name device@3.6/legacy/1 (getDeviceName){#506:vendor/mediatek/proprietary/hardware/mtkcam3/main/hal/devicemgr/base/CameraDeviceManagerBase_utils.cpp}
03-01 14:14:02.234   963  5069 I mtkcam-devmgr3-legacy: [openDeviceLocked] open camera3 device id(1) systraceLevel(1) CamraDevice3Impl(0xb4000070f8236480)
03-01 14:14:02.234   963  5069 I mtkcam-dev3: 6[CameraDevice3Impl::open] open camera3 device (device@3.6/legacy/1) systraceLevel(1) instanceId(6) vid(1)
03-01 14:14:02.234   963  5069 I mtkcam-dev3: [6-session::open] +
03-01 14:14:02.234   963  5069 I mtkcam-devicemgr: [attachOpenDeviceLocked] device: device@3.6/legacy/1 openTimestamp:03-01 14:14:02.234
03-01 14:14:02.236   963  5069 I mtkcam-AppStreamMgr: [6-CallbackHandler::CallbackHandler] enableMetaMerge 1, bEnableDejitter 1
03-01 14:14:02.238   963  5069 I mtkcam-AppStreamMgr: [6-FrameHandler::FrameHandler] IsDejitterEnabled = 1, EnableMetaPending = 1, EnableMetaHitched = 1
03-01 14:14:02.241   963  5069 I mtkcam-dev3: [6-session::tryRunCommandLocked] Run command onOpenLocked -
03-01 14:14:02.241   963  5069 I mtkcam-devmgr3-legacy: [open] Skipped starting MEMBOOST
03-01 14:14:02.241   963  5069 I Unihal  : UniState.cpp: transitState: 101: Transiting to state 1
03-01 14:14:02.241   963  5069 I Unihal  : ParameterManager.cpp: SetCameraCharacteristics: 116: Registered camera characteristics successfully. : cameraId=1, characteristics=0xb40000702f4afcc0
03-01 14:14:02.241   963  5069 I Unihal  : UniUtils.cpp: GetProductName: 168: Succeeded to get product name property. : productName=a31ks
03-01 14:14:02.241   963  5069 I Unihal  : UniHal3InterfaceEntry.cpp: uni_open_camera_hardware: 656: X (0)
03-01 14:14:02.241   963  5069 I SehCamDev@5.0-impl: [CAMKPI] camera3->open : X
03-01 14:14:02.242   963  5432 I mtkcam-pipelinemodel: [operator()] old policy 0, priority 0
03-01 14:14:02.242   963  5432 I mtkcam-pipelinemodel: [operator()] new policy 0, priority -20
03-01 14:14:02.242   963  5432 I mtkcam-DeviceAdapter: 6[HalDeviceAdapter::powerOn] powerOn +
03-01 14:14:02.242   963  5069 I Unihal  : UniState.cpp: transitState: 101: Transiting to state 2
03-01 14:14:02.243   963  5432 I Drv/HWsync: Drv/HWsync[init] +, user&cnt(HW_SYNC_USER_AE,0),srIdxNum(0)
03-01 14:14:02.243   963  5432 I Drv/HWsync: Drv/HWsync[init] mAECyclePeriod(3)
03-01 14:14:02.243   963  5432 W nvbuf_util.cpp: [getInstance:408] getInstance, bInit(1)
03-01 14:14:02.243   963  5432 W nvbuf_util.cpp: [getBufAndReadNoLock:695] ramId(1), sensorDev(2), p(0xb4000070353b3dc0), bForceRead(0) +
03-01 14:14:02.243   963  5432 W nvbuf_util.cpp: [getInstance:408] getInstance, bInit(1)
03-01 14:14:02.243   963  5432 W nvbuf_util.cpp: [getBufAndReadNoLock:695] ramId(4), sensorDev(2), p(0xb40000702f4c3cc0), bForceRead(0) +
03-01 14:14:02.243   963  5432 W nvbuf_util.cpp: [getInstance:408] getInstance, bInit(1)
03-01 14:14:02.243   963  5432 W nvbuf_util.cpp: [getBufAndReadNoLock:695] ramId(0), sensorDev(2), p(0x0), bForceRead(0) +
03-01 14:14:02.244  1485  1503 D InputDispatcher: Focused application set to (0): 849bcb6
03-01 14:14:02.244  1017  1017 D SurfaceFlinger: Display 9223372036909292376 HWC layers:
03-01 14:14:02.244  1017  1017 D SurfaceFlinger:      CLIENT | 0xb4000074cf823b80 | 0100 | RGBA_8888    |    0.0    0.0 1080.0 2400.0 |    0    0  576 1280 | Splash Screen com.example.dogglers$_3224#0
03-01 14:14:02.244  1017  1017 D SurfaceFlinger:      CLIENT | 0xb4000074cf822380 | 0100 | RGBA_8888    |    0.0    0.0 1080.0   79.0 |    0    0  576   42 | StatusBar$_3224#0
03-01 14:14:02.244  1017  1017 D SurfaceFlinger:      CLIENT | 0xb4000074cdc7b200 | 0100 | RGBA_8888    |    0.0    0.0   67.0  342.0 |  540  244  576  427 | com.samsung.android.app.cocktailbars[...]arservice.CocktailBarService$_8173#0
03-01 14:14:02.244  1017  1017 D SurfaceFlinger:      CLIENT | 0xb4000074cdc2ea80 | 0100 | RGBA_8888    |    0.0    0.0 1080.0  126.0 |    0 1213  576 1280 | NavigationBar0$_3224#0
03-01 14:14:02.244  1017  1017 D SurfaceFlinger:
03-01 14:14:02.244  1017  1017 D SurfaceFlinger: Display 0 HWC layers:
03-01 14:14:02.244  1017  1017 D SurfaceFlinger:      DEVICE | 0xb4000074cf823b80 | 0100 | RGBA_8888    |    0.0    0.0 1080.0 2400.0 |    0    0 1080 2400 | Splash Screen com.example.dogglers$_3224#0
03-01 14:14:02.244  1017  1017 D SurfaceFlinger:      DEVICE | 0xb4000074cf822380 | 0100 | RGBA_8888    |    0.0    0.0 1080.0   79.0 |    0    0 1080   79 | StatusBar$_3224#0
03-01 14:14:02.244  1017  1017 D SurfaceFlinger:      DEVICE | 0xb4000074cdc7b200 | 0100 | RGBA_8888    |    0.0    0.0   67.0  342.0 | 1013  458 1080  800 | com.samsung.android.app.cocktailbars[...]arservice.CocktailBarService$_8173#0
03-01 14:14:02.244  1017  1017 D SurfaceFlinger:      DEVICE | 0xb4000074cdc2ea80 | 0100 | RGBA_8888    |    0.0    0.0 1080.0  126.0 |    0 2274 1080 2400 | NavigationBar0$_3224#0
03-01 14:14:02.244  1017  1017 D SurfaceFlinger:      DEVICE | 0xb4000074cf823a00 | 0140 | RGBA_8888    |    0.0    0.0 1080.0  181.0 |    0    0 1080  181 | ScreenDecorOverlay$_3224#0
03-01 14:14:02.244  1017  1017 D SurfaceFlinger:      DEVICE | 0xb4000074cf822500 | 0140 | RGBA_8888    |    0.0    0.0 1080.0  181.0 |    0 2219 1080 2400 | ScreenDecorOverlayBottom$_3224#0
03-01 14:14:02.244  1017  1017 D SurfaceFlinger:      CLIENT | 0xb4000074aa809600 | 0148 | RGBA_8888    |    0.0    0.0 1080.0 2400.0 |    0    0 1080 2400 | com.samsung.andr
03-01 14:14:02.244  1017  1017 D SurfaceFlinger: oid.galaxycontinuity[...]martview.BlackScreenViewImpl$_5703#0
03-01 14:14:02.244  1017  1017 D SurfaceFlinger:      CLIENT | 0xb4000074cf822200 | 0148 | RGBA_8888    |    0.0    0.0    1.0    1.0 |  539 1199  540 1200 | com.samsung.android.galaxycontinuity[...]eholder.WakeLockScreenLayout$_5703#0
03-01 14:14:02.244  1017  1017 D SurfaceFlinger:
03-01 14:14:02.245  1017  1017 I BufferQueueProducer: [NavigationBar0$_3224#0](this:0xb4000074aa73b948,id:-1,api:0,p:-1,c:1017) queueBuffer: fps=3.80 dur=1053.49 max=401.43 min=200.43
03-01 14:14:02.245   963  5432 I FlashHal: init().
03-01 14:14:02.245   963  5432 I FlashMgrM: init().
03-01 14:14:02.245   963  5432 I FlashNvram: nvRead3A().
03-01 14:14:02.245   963  5432 W nvbuf_util.cpp: [getInstance:408] getInstance, bInit(1)
03-01 14:14:02.246   963  5432 W nvbuf_util.cpp: [getBufAndReadNoLock:695] ramId(1), sensorDev(2), p(0xb4000070353b3dc0), bForceRead(0) +
03-01 14:14:02.246   963  5432 I FlashNvram: nvReadStrobe().
03-01 14:14:02.246   963  5432 W nvbuf_util.cpp: [getInstance:408] getInstance, bInit(1)
03-01 14:14:02.246   963  5432 W nvbuf_util.cpp: [getBufAndReadNoLock:695] ramId(5), sensorDev(2), p(0xb40000702f2ff000), bForceRead(0) +
03-01 14:14:02.246   963  5432 I FlashNvram: nvReadFlashCali().
03-01 14:14:02.246  1017  1017 I Layer   : id=9011 removedFromDrawingState Surface(name=Task=3987)/@0x71a7663 - animation-leash of app_transition#0 (150)
03-01 14:14:02.246   963  5432 W nvbuf_util.cpp: [getInstance:408] getInstance, bInit(1)
03-01 14:14:02.246   963  5432 W nvbuf_util.cpp: [getBufAndReadNoLock:695] ramId(12), sensorDev(2), p(0xb400007030083680), bForceRead(0) +
03-01 14:14:02.246  1017  1017 I SurfaceFlinger: id=9011 Removed Surface(name=Task=3987)/@0x71a7663 - animation-leash of app_transition#0 (150)
03-01 14:14:02.246   963  5432 I FlickerHal: init(). m_sensorDev(2)
03-01 14:14:02.246   963  5432 I FlickerHal: init flicker custom adaptor.
03-01 14:14:02.246  1017  1017 I Layer   : id=9011 Destroyed Surface(name=Task=3987)/@0x71a7663 - animation-leash of app_transition#0
03-01 14:14:02.247   963  5432 I FlickerPlatformAdapter: createBuf(). Create buf success.
03-01 14:14:02.247   963  5432 W nvbuf_util.cpp: [getInstance:408] getInstance, bInit(1)
03-01 14:14:02.247   963  5432 W nvbuf_util.cpp: [getBufAndReadNoLock:695] ramId(0), sensorDev(2), p(0x0), bForceRead(0) +
03-01 14:14:02.248   963  5432 E paramctrl_lifetime: open /proc/driver/thermal/clNR_status failed, disable NR cooler
03-01 14:14:02.248   963  5432 E paramctrl_lifetime:  (Paramctrl){#261:vendor/mediatek/proprietary/hardware/mtkcam/aaa/source/isp_40/isp_tuning/paramctrl/paramctrl_lifetime.cpp}
03-01 14:14:02.249  1099 29509 D CameraProviderManager: CameraPerf: openSession X
03-01 14:14:02.253   963  5437 I MtkCam/SensorProviderService: (5437)[operator()] getDefaultSensor[0] successfully
03-01 14:14:02.253   552  4860 I keystore2: keystore2::watchdog: Watchdog thread idle -> terminating. Have a great day.
03-01 14:14:02.254  1099 29509 D Camera3-Device: CameraPerf: initialize X
03-01 14:14:02.254  1099 29509 D Camera3-Device: CameraPerf: initializeCommonLocked: E
03-01 14:14:02.254  1099 29509 I Camera3-Status: addComponent: Adding new component 0 - InflightRequests
03-01 14:14:02.255  1099 29509 I Camera3-Status: addComponent: Adding new component 1 - RequestThread
03-01 14:14:02.255  1099 29509 D Camera3-Device: initializeCommonLocked mTimestampOffset = 53746191911201ns.
03-01 14:14:02.256  1485  1792 D SensorService: Calling batch handle==4 flags=0 rate=20000000 timeout== 0
03-01 14:14:02.256   953   953 I SensorsHub: batch: handle=4 period=20000000 timeout=0
03-01 14:14:02.257   953   953 I SensorsHub: activate: handle 4 enable 1
03-01 14:14:02.257   953   953 I SensorsHub: type : 4, enable : 1
03-01 14:14:02.257   963  5432 I Hal3ARaw: [setAfParams] SEC, date.0218, bAFTriggerByAPP(0), u1AfTrig(0)
03-01 14:14:02.258  1099 29509 D Camera3-Device: CameraPerf: initializeCommonLocked: X
03-01 14:14:02.258  1099 29509 E Camera2-FrameProcessorBase: FrameProcessorBase: created
03-01 14:14:02.258  1099 29509 E Camera2-FrameProcessorBase: registerListener: Registering listener for frame id range 0 - 2147483647
03-01 14:14:02.258  1099  5442 I Camera3-Device: WatchDog...
03-01 14:14:02.259  1485  1503 E CameraService_proxy: Top task with package name: com.samsung.adaptivebrightnessgo not found!
03-01 14:14:02.259   944 15431 D MDP     : DpAsyncBlit: in: job (123427 152) (576, 1280, 2304, 0, C2s, P0), sec0, flush 0 Buffer 60764: plane=1 bufVA={0xc4,0x0,0x0} bufMVA={0x0,0x0,0x0} bufSize={0x2d0000,0x0,0x0} proxy={0xb400007afb2150c0,0x0,0x0}fence=-1
03-01 14:14:02.259  1099 29509 I CameraService: connectHelper: overrideCameraMuteMode = false, isIndividualSensorPrivacyEnabled = false
03-01 14:14:02.259  1099 29509 I CameraService: CameraService::finishConnectLocked E
03-01 14:14:02.259  1099 29509 I CameraService: wouldEvictLocked: [incoming client] owner = 4968, priority-score=999, cost=100, returnIncompatibleClients=false
03-01 14:14:02.259  1099 29509 I CameraService: wouldEvictLocked: [cost info] current cost=0, adding cost=100, total cost=100, max cost=100
03-01 14:14:02.259   944 15431 D MDP     : DpAsyncBlit: out0: (576, 1280, 2304, 0, C2s, P0), misc: (X:0, Y:0, R:0, F:0, S:0, A:0, D:0), sec0, flush 0 Buffer 60764: plane=1 bufVA={0xa9,0x0,0x0} bufMVA={0x0,0x0,0x0} bufSize={0x2d0000,0x0,0x0} proxy={0xb400007afb215340,0x0,0x0}fence=-1
03-01 14:14:02.259  1099 29509 I CameraService: wouldEvictLocked: [highestPriority] owner=4968, score=999
03-01 14:14:02.259   944 15431 D MDP     : DpAsyncBlit: crop0: (0, 0, 576, 1280, 0, 0, 0, 0)
03-01 14:14:02.260  1099 29509 I CameraService: addAndEvict: push the client(owner 4968, priorityScore 999, state 6) to mClients
03-01 14:14:02.260  1099 29509 I CameraService: CameraService::finishConnectLocked X
03-01 14:14:02.260  1099 29509 I CameraDeviceClient: notifyAppPackageName
03-01 14:14:02.260  1099 29509 D Camera3-Device: CameraPerf: setParameters E
03-01 14:14:02.261   963  5069 I Unihal  : UniHal3InterfaceEntry.cpp: uni_set_parameters: 506: set_parameters : pkgName=com.samsung.adaptivebrightnessgo;
03-01 14:14:02.261   963  5069 I SecCameraUtil: pkgName: com.samsung.adaptivebrightnessgo
03-01 14:14:02.261   963  5069 I mtkcam-dev3: [6-session::tryRunCommandLocked] Run command onSetParametersLocked -
03-01 14:14:02.261  1099 29509 D Camera3-Device: CameraPerf: setParameters X
03-01 14:14:02.261  1099 29509 I CameraService: Notified package name to HAL.
03-01 14:14:02.261  1099 29509 I CameraServiceProxyWrapper: updateProxyDeviceState: notifyCameraState for Camera ID 1, newState 0, facing 1, clientName com.samsung.adaptivebrightnessgo, apiLevel 2
03-01 14:14:02.261  1099 29509 I CameraService: isSamsungCamera: this package is Samsung app: false
03-01 14:14:02.261  1485  3054 I CameraManagerGlobal: Camera 1 facing CAMERA_FACING_FRONT state now CAMERA_STATE_OPEN for client com.samsung.adaptivebrightnessgo API Level 2
03-01 14:14:02.261  1485  1503 I AudioManager: setParameters keyValuePairs = cameraFacing=front
03-01 14:14:02.262  4968  7922 I CameraManagerGlobal: Camera 1 facing CAMERA_FACING_FRONT state now CAMERA_STATE_OPEN for client com.samsung.adaptivebrightnessgo API Level 2
03-01 14:14:02.262  4968  5428 I CameraLightSensor_Service: Camera open callback finish
03-01 14:14:02.262  4968  5428 I CameraLightSensor_Service: Camera acquired, time = 1216765310
03-01 14:14:02.262  3224  3300 I CameraManagerGlobal: Camera 1 facing CAMERA_FACING_FRONT state now CAMERA_STATE_OPEN for client com.samsung.adaptivebrightnessgo API Level 2
03-01 14:14:02.262  4968  5428 I BufferQueueConsumer: [](id:136800002c85,api:0,p:-1,c:4968) connect: controlledByApp=true
03-01 14:14:02.262   935  1474 D AudioALSAHardware: +setParameters(): cameraFacing=front
03-01 14:14:02.262  5400  5420 I CameraManagerGlobal: Camera 1 facing CAMERA_FACING_FRONT state now CAMERA_STATE_OPEN for client com.samsung.adaptivebrightnessgo API Level 2
03-01 14:14:02.262  5400  5420 I CameraManagerGlobal: onCameraDeviceStateChangedLocked: post device state update
