03-01 14:14:02.788  1485  7182 V WindowManager: Relayout hash=1bf20d9, pid=5120: mAttrs={(0,0)(fillxfill) sim={adjust=pan forwardNavigation} ty=BASE_APPLICATION wanim=0x1030001
03-01 14:14:02.788  1485  7182 V WindowManager:   fl=1810100
03-01 14:14:02.788  1485  7182 V WindowManager:   pfl=12020040
03-01 14:14:02.788  1485  7182 V WindowManager:   apr=LIGHT_NAVIGATION_BARS
03-01 14:14:02.788  1485  7182 V WindowManager:   bhv=DEFAULT
03-01 14:14:02.788  1485  7182 V WindowManager:   fitSides= naviIconColor=0
03-01 14:14:02.788  1485  7182 V WindowManager:   sfl=100000}
03-01 14:14:02.789   963  5069 I Unihal  : CameraHalManager.cpp: CloseCamera: 279: HAL close - End
03-01 14:14:02.789   963  5069 I Unihal  : UniState.cpp: SetIsAlreadyCreated: 173: isAlreadyCreated=0, val=0
03-01 14:14:02.789   963  5069 I Unihal  : FwkCaptureManager.cpp: Release: 168: Already released.
03-01 14:14:02.789   963  5069 I Unihal  : UniHal3InterfaceEntry.cpp: uni_close_camera_hardware: 571: X (0)
03-01 14:14:02.790  5120  5120 I BLASTBufferQueue: [ViewRootImpl@7eea884[InstrumentationActivityInvoker$EmptyActivity]#16] destructor()
03-01 14:14:02.790  5120  5120 I BufferQueueConsumer: [ViewRootImpl@7eea884[InstrumentationActivityInvoker$EmptyActivity]#16(BLAST Consumer)16](id:140000000010,api:0,p:-1,c:5120) disconnect
03-01 14:14:02.792  5120  5120 I ViewRootImpl@7eea884[InstrumentationActivityInvoker$EmptyActivity]: Relayout returned: old=(0,0,1080,2400) new=(0,0,1080,2400) req=(1080,2400)8 dur=4 res=0x5 s={false 0} ch=true fn=2
03-01 14:14:02.792  1017  1055 I SurfaceFlinger: id=9032 Removed Surface(name=67b73e4 InputMethod)/@0xe7dc702 - animation-leash of insets_animation#1 (137)
03-01 14:14:02.793  1099 29509 D Camera3-Device: CameraPerf: close X
03-01 14:14:02.793  5120  5120 I ViewRootImpl@7eea884[InstrumentationActivityInvoker$EmptyActivity]: stopped(true) old=false
03-01 14:14:02.793  1099 29509 D Camera3-OutputStream: disconnectLocked: disconnecting stream 0 from native window
03-01 14:14:02.794  4968  4986 I BufferQueueProducer: [SurfaceTexture-0-4968-11397](id:136800002c85,api:4,p:1099,c:4968) disconnect: api 4
03-01 14:14:02.794  5120  5120 D LifecycleMonitor: Lifecycle status change: androidx.test.core.app.InstrumentationActivityInvoker$EmptyActivity@1531a31 in: STOPPED
03-01 14:14:02.794  5120  5120 V ActivityScenario: Activity lifecycle changed event received but ignored because the intent does not match. startActivityIntent=Intent { act=android.intent.action.MAIN cat=[android.intent.category.LAUNCHER] cmp=com.example.dogglers/.MainActivity }, activity.getIntent()=Intent { act=android.intent.action.MAIN cat=[android.intent.category.LAUNCHER] flg=0x10000000 cmp=com.example.dogglers/androidx.test.core.app.InstrumentationActivityInvoker$EmptyActivity }, activity=androidx.test.core.app.InstrumentationActivityInvoker$EmptyActivity@1531a31
03-01 14:14:02.796  1099 29509 I CameraLatencyHistogram: Stream 0 dequeueBuffer latency histogram (10) samples:
03-01 14:14:02.797  1099 29509 I CameraLatencyHistogram:         5     10     15     20     25     30     35     40     45    inf (max ms)
03-01 14:14:02.797  1099 29509 I CameraLatencyHistogram:      90.00   10.00   0.00   0.00   0.00   0.00   0.00   0.00   0.00   0.00 (%)
03-01 14:14:02.797  1099 29509 I CameraLatencyHistogram: Stream 0 enqueueBuffer latency histogram (5) samples:
03-01 14:14:02.797  1099 29509 I CameraLatencyHistogram:         5     10     15     20     25     30     35     40     45    inf (max ms)
03-01 14:14:02.797  1099 29509 I CameraLatencyHistogram:      100.00   0.00   0.00   0.00   0.00   0.00   0.00   0.00   0.00   0.00 (%)
03-01 14:14:02.797  1099 29509 I Camera3-Device: disconnectImpl: X
03-01 14:14:02.797  1099 29509 I CameraServiceProxyWrapper: updateProxyDeviceState: notifyCameraState for Camera ID 1, newState 3, facing 1, clientName com.samsung.adaptivebrightnessgo, apiLevel 2
03-01 14:14:02.797  1099 29509 D CameraService: BasicClient::disconnect E
03-01 14:14:02.798  1017  1017 I Layer   : id=9032 Destroyed Surface(name=67b73e4 InputMethod)/@0xe7dc702 - animation-leash of insets_animation#1
03-01 14:14:02.799  1099 29509 I CameraService: finishCameraOps: Finish camera ops, package name = com.samsung.adaptivebrightnessgo, client UID = 5021
03-01 14:14:02.799  1099 29509 I CameraService: this package is a adaptive brightness app.
03-01 14:14:02.799  1099 29509 I CameraService: Drop updateStatus callbak for package com.samsung.adaptivebrightnessgo(pid 4968)
03-01 14:14:02.800  1485  7182 I CameraManagerGlobal: Camera 1 facing CAMERA_FACING_FRONT state now CAMERA_STATE_CLOSED for client com.samsung.adaptivebrightnessgo API Level 2
03-01 14:14:02.800  3224 22984 I CameraManagerGlobal: Camera 1 facing CAMERA_FACING_FRONT state now CAMERA_STATE_CLOSED for client com.samsung.adaptivebrightnessgo API Level 2
03-01 14:14:02.800  4968  4981 I CameraManagerGlobal: Camera 1 facing CAMERA_FACING_FRONT state now CAMERA_STATE_CLOSED for client com.samsung.adaptivebrightnessgo API Level 2
03-01 14:14:02.800  5400  5420 I CameraManagerGlobal: Camera 1 facing CAMERA_FACING_FRONT state now CAMERA_STATE_CLOSED for client com.samsung.adaptivebrightnessgo API Level 2
03-01 14:14:02.800  5400  5420 I CameraManagerGlobal: onCameraDeviceStateChangedLocked: post device state update
03-01 14:14:02.800  5400  5420 I CameraManagerGlobal: onCameraDeviceStateChangedLocked: post device state update
03-01 14:14:02.801  1099 29509 I CameraFlashlight: deviceClosed: device 1 is closed
03-01 14:14:02.801  1099 29509 I CameraService: disconnect: Disconnected client for camera 1 for PID 4968
03-01 14:14:02.801  1099 29509 D CameraService: BasicClient::disconnect X
03-01 14:14:02.802  1485  3054 D InputDispatcher: Focused application set to (0): aad0de8
03-01 14:14:02.802  4968  4986 I CameraLightSensor_Service: Camera released, time taken= 540 cameraLock= true
03-01 14:14:02.802  4968  4986 I CameraLightSensor_Service: stopBackgroundThread : mBackgroundHandler is set to null
03-01 14:14:02.810  1485  3054 D InputMethodManagerServicePhysicalKey: isConnectedDexOnPC false
03-01 14:14:02.810  1485  3054 D InputMethodManagerService: isImeSwitcherDisabledPackage : false
03-01 14:14:02.814  5120  5120 D LifecycleMonitor: Lifecycle status change: androidx.test.core.app.InstrumentationActivityInvoker$EmptyActivity@1531a31 in: DESTROYED
03-01 14:14:02.815  5120  5120 V ActivityScenario: Activity lifecycle changed event received but ignored because the intent does not match. startActivityIntent=Intent { act=android.intent.action.MAIN cat=[android.intent.category.LAUNCHER] cmp=com.example.dogglers/.MainActivity }, activity.getIntent()=Intent { act=android.intent.action.MAIN cat=[android.intent.category.LAUNCHER] flg=0x10000000 cmp=com.example.dogglers/androidx.test.core.app.InstrumentationActivityInvoker$EmptyActivity }, activity=androidx.test.core.app.InstrumentationActivityInvoker$EmptyActivity@1531a31
03-01 14:14:02.816  5120  5154 D OpenGLRenderer: setSurface called with nullptr
03-01 14:14:02.816  5120  5120 I ViewRootImpl@7eea884[InstrumentationActivityInvoker$EmptyActivity]: dispatchDetachedFromWindow
03-01 14:14:02.817  1485  7181 D InputTransport: Input channel destroyed: '1bf20d9', fd=718
03-01 14:14:02.817  1485  7181 W InputManager-JNI: Input channel object '1bf20d9 com.example.dogglers/androidx.test.core.app.InstrumentationActivityInvoker$EmptyActivity (client)' was disposed without first being removed with the input manager!
03-01 14:14:02.817  1485  7181 D InputTransport: Input channel destroyed: '1bf20d9', fd=747
03-01 14:14:02.820   944 15431 D MDP     : DpAsyncBlit: in: job (123483 133) (576, 1280, 2304, 0, C2s, P0), sec0, flush 1 Buffer 60792: plane=1 bufVA={0xa5,0x0,0x0} bufMVA={0x0,0x0,0x0} bufSize={0x2d0000,0x0,0x0} proxy={0xb400007afb215080,0x0,0x0}fence=-1
03-01 14:14:02.821   944 15431 D MDP     : DpAsyncBlit: out0: (576, 1280, 2304, 0, C2s, P0), misc: (X:0, Y:0, R:0, F:0, S:0, A:0, D:0), sec0, flush 0 Buffer 60792: plane=1 bufVA={0x92,0x0,0x0} bufMVA={0x0,0x0,0x0} bufSize={0x2d0000,0x0,0x0} proxy={0xb400007afb215380,0x0,0x0}fence=-1
03-01 14:14:02.821   944 15431 D MDP     : DpAsyncBlit: crop0: (0, 0, 576, 1280, 0, 0, 0, 0)
03-01 14:14:02.821  5120  5120 D InputTransport: Input channel destroyed: '1bf20d9', fd=130
03-01 14:14:02.823  1017  1055 I SurfaceFlinger: id=9029 Removed 3ebe8c6 ActivityRecordInputSink com.example.dogglers/androidx.test.core.app.InstrumentationActivityInvoker$EmptyActivity#0 (136)
03-01 14:14:02.825  5120  5120 D LifecycleMonitor: Lifecycle status change: androidx.test.core.app.InstrumentationActivityInvoker$EmptyActivity@da0841c in: PAUSED
03-01 14:14:02.825  5120  5120 V ActivityScenario: Activity lifecycle changed event received but ignored because the intent does not match. startActivityIntent=Intent { act=android.intent.action.MAIN cat=[android.intent.category.LAUNCHER] cmp=com.example.dogglers/.MainActivity }, activity.getIntent()=Intent { act=android.intent.action.MAIN cat=[android.intent.category.LAUNCHER] flg=0x10000000 cmp=com.example.dogglers/androidx.test.core.app.InstrumentationActivityInvoker$EmptyActivity }, activity=androidx.test.core.app.InstrumentationActivityInvoker$EmptyActivity@da0841c
03-01 14:14:02.826  1485  7181 I SemDvfsHyPerManager: acquire hyper - AMS_APP_HOME/1485@20, type = -999
03-01 14:14:02.827   956  1008 I HYPER-HAL: [RequestManager.cpp]acquire(): Acquired ID : 1133285  [1485 / 20]    HINT : AMS_APP_HOME    list :
03-01 14:14:02.827   956  1008 I mtkpower_client: perf_lock_rel, hdl:15874, tid:1008
03-01 14:14:02.828   956  1008 I mtkpower_client: perf_lock_acq, hdl:0, dur:0, num:2, tid:1008
03-01 14:14:02.828   959  1040 I libPowerHal: [perfLockRel] hdl:15874, idx:1
03-01 14:14:02.828   959  1040 I libPowerHal: [PD] vendor.samsung. update cmd:1c3c000, param:1
03-01 14:14:02.828  5400  5400 I SemDvfsHyPerManager: acquire hyper - APP_START_SHORT/5400@15, type = -999
03-01 14:14:02.829   959  1040 I libPowerHal: [PD] (less) /proc/mcdi/state set +prefix:enable 1;
03-01 14:14:02.829  3875  3875 I ViewRootImpl@f544d6f[LauncherActivity]: handleAppVisibility mAppVisible=false visible=true
03-01 14:14:02.829   956  1008 I mtkpower_client: ret_hdl:15876
03-01 14:14:02.829   956  1008 I mtkpower_client: perf_lock_rel, hdl:15873, tid:1008
03-01 14:14:02.830   959  1040 I libPowerHal: [perfLockAcq] idx:1 hdl:15876 hint:-1 pid:956 duration:0 lock_user:vendor.samsung. => ret_hdl:15876
03-01 14:14:02.830   959  1040 I libPowerHal: [PE] (less) /proc/mcdi/state set +prefix:enable 0;
03-01 14:14:02.830   956  1008 I mtkpower_client: perf_lock_acq, hdl:0, dur:0, num:2, tid:1008
03-01 14:14:02.830   959  1040 I libPowerHal: [perfLockRel] hdl:15873, idx:0
03-01 14:14:02.831   959  1040 I libPowerHal: vendor.samsung.: cpu_ctrl set cpu freq: -1 -1 -1 -1
03-01 14:14:02.831   956  1008 I mtkpower_client: ret_hdl:15877
03-01 14:14:02.832   959  1040 I libPowerHal: [perfLockAcq] idx:3 hdl:15877 hint:-1 pid:956 duration:0 lock_user:vendor.samsung. => ret_hdl:15877
03-01 14:14:02.832   956  1008 I HYPER-HAL: [RequestManager.cpp]acquire(): Acquired ID : 14663835  [5400 / 15]    HINT : APP_START    list : [TIMEOUT / 1500]
03-01 14:14:02.832  1017  1017 I Layer   : id=9026 removedFromDrawingState com.example.dogglers/androidx.test.core.app.InstrumentationActivityInvoker$EmptyActivity$_5120#0 (136)
03-01 14:14:02.832  1017  1017 I Layer   : id=9025 removedFromDrawingState 1bf20d9 com.example.dogglers/androidx.test.core.app.InstrumentationActivityInvoker$EmptyActivity#0 (136)
03-01 14:14:02.832  1017  1017 I SurfaceFlinger: id=9025 Removed 1bf20d9 com.example.dogglers/androidx.test.core.app.InstrumentationActivityInvoker$EmptyActivity#0 (136)
03-01 14:14:02.832   959  1040 I libPowerHal: vendor.samsung.: cpu_ctrl set cpu freq: 1700000 -1 -1 -1
03-01 14:14:02.832  1017  1017 I SurfaceFlinger: id=9026 Removed com.example.dogglers/androidx.test.core.app.InstrumentationActivityInvoker$EmptyActivity$_5120#0 (136)
03-01 14:14:02.832  1017  1017 I Layer   : id=9025 Destroyed 1bf20d9 com.example.dogglers/androidx.test.core.app.InstrumentationActivityInvoker$EmptyActivity#0
03-01 14:14:02.833  1017  1017 I BufferQueueDebug: [com.example.dogglers/androidx.test.core.app.InstrumentationActivityInvoker$EmptyActivity$_5120#0](this:0xb4000074aa952948,id:-1,api:0,p:-1,c:1017) onDestructor()
03-01 14:14:02.833  1017  1017 I Layer   : id=9026 Destroyed com.example.dogglers/androidx.test.core.app.InstrumentationActivityInvoker$EmptyActivity$_5120#0
03-01 14:14:02.834  1485  5875 D InputDispatcher: Focus left window (0): 28e0a03 com.example.dogglers/androidx.test.core.app.InstrumentationActivityInvoker$EmptyActivity
03-01 14:14:02.835  5120  5120 I ViewRootImpl@c321fab[InstrumentationActivityInvoker$EmptyActivity]: MSG_WINDOW_FOCUS_CHANGED 0 1
03-01 14:14:02.836  5120  5148 I TestRunner: finished: vertical_list_button_is_displayed(com.example.dogglers.ButtonTests)
