03-01 14:14:03.554  5120  5120 I ViewRootImpl@5292b9[GridListActivity]: [DP] rdf()
03-01 14:14:03.554  5120  5120 D ViewRootImpl@5292b9[GridListActivity]: reportDrawFinished (fn: -1)
03-01 14:14:03.558  1485  1527 I SemDvfsHyPerManager: acquire hyper - AMS_RESUME_TAIL/1485@17, type = -999
03-01 14:14:03.558  1485  1527 I SemDvfsHyPerManager: acquire hyper - AMS_ACT_LAZY/1485@18, type = -999
03-01 14:14:03.558   956  1008 I HYPER-HAL: [RequestManager.cpp]acquire(): Acquired ID : 1128770  [1485 / 17]    HINT : AMS_RESUME_TAIL    list :
03-01 14:14:03.558  1485  1523 W ziparchive: Unable to open '/data/app/~~jCsyuDODn4Tpa2nx2l6TPQ==/com.example.dogglers-a5K0cEESRmsjuI8Rg_nqXA==/base.dm': No such file or directory
03-01 14:14:03.559   956  1008 I mtkpower_client: perf_lock_rel, hdl:15881, tid:1008
03-01 14:14:03.559  1485  3877 W libprocessgroup: Failed to find DoNothingOlaftask profile: Try again
03-01 14:14:03.559  5120  5120 D InsetsSourceConsumer: ensureControlAlpha: for ITYPE_NAVIGATION_BAR on com.example.dogglers/com.example.dogglers.GridListActivity
03-01 14:14:03.559   959  1040 I libPowerHal: [perfLockRel] hdl:15881, idx:2
03-01 14:14:03.559   959  1040 I libPowerHal: [PD] vendor.samsung. update cmd:1c3c000, param:1
03-01 14:14:03.559   956  1008 I mtkpower_client: perf_lock_acq, hdl:0, dur:0, num:2, tid:1008
03-01 14:14:03.559   959  1040 I libPowerHal: [PD] (less) /proc/mcdi/state set +prefix:enable 1;
03-01 14:14:03.560  1485  1523 I PkgPredictorService-SecIpmManagerServiceImpl: reportToNAP uid:10437 com.example.dogglers/com.example.dogglers.GridListActivity thisTime:535
03-01 14:14:03.560  5120  5120 D InsetsSourceConsumer: ensureControlAlpha: for ITYPE_STATUS_BAR on com.example.dogglers/com.example.dogglers.GridListActivity
03-01 14:14:03.560  1017  1784 I SurfaceFlinger: id=9064 createSurf (0x0),-1 flag=24000, Surface(name=733001e com.example.dogglers/com.example.dogglers.GridListActivity)/@0x93f70f7 - animation-leash of starting_reveal#0
03-01 14:14:03.561   956  1008 I mtkpower_client: ret_hdl:15883
03-01 14:14:03.561   956  1008 I mtkpower_client: perf_lock_rel, hdl:15882, tid:1008
03-01 14:14:03.561   959  1040 I libPowerHal: [perfLockAcq] idx:2 hdl:15883 hint:-1 pid:956 duration:0 lock_user:vendor.samsung. => ret_hdl:15883
03-01 14:14:03.561   959  1040 I libPowerHal: [PE] (less) /proc/mcdi/state set +prefix:enable 0;
03-01 14:14:03.561   959  1040 I libPowerHal: [perfLockRel] hdl:15882, idx:0
03-01 14:14:03.562   959  1040 I libPowerHal: [PD] vendor.samsung. update cmd:1000000, param:-1
03-01 14:14:03.562   956  1008 I mtkpower_client: perf_lock_acq, hdl:0, dur:0, num:2, tid:1008
03-01 14:14:03.562   959  1040 I libPowerHal: [PD] vendor.samsung. update cmd:1000000 param:-1
03-01 14:14:03.562   956  1008 I mtkpower_client: ret_hdl:15884
03-01 14:14:03.562   959  1040 I libPowerHal: [perfLockAcq] idx:0 hdl:15884 hint:-1 pid:956 duration:0 lock_user:vendor.samsung. => ret_hdl:15884
03-01 14:14:03.562   956  1008 I mtkpower_client: perf_lock_rel, hdl:15883, tid:1008
03-01 14:14:03.563   959  1040 I libPowerHal: [PE] vendor.samsung. update cmd:1000000, param:0
03-01 14:14:03.563   959  1040 I libPowerHal: [PE] vendor.samsung. update cmd:1000000 param:0
03-01 14:14:03.563   956  1008 I mtkpower_client: perf_lock_acq, hdl:0, dur:0, num:2, tid:1008
03-01 14:14:03.563   959  1040 I libPowerHal: [perfLockRel] hdl:15883, idx:2
03-01 14:14:03.563   959  1040 I libPowerHal: [PD] vendor.samsung. update cmd:1c3c000, param:1
03-01 14:14:03.564   959  1040 I libPowerHal: [PD] (less) /proc/mcdi/state set +prefix:enable 1;
03-01 14:14:03.564   956  1008 I mtkpower_client: ret_hdl:15885
03-01 14:14:03.564   959  1040 I libPowerHal: [perfLockAcq] idx:3 hdl:15885 hint:-1 pid:956 duration:0 lock_user:vendor.samsung. => ret_hdl:15885
03-01 14:14:03.564   956  1008 I mtkpower_client: perf_lock_rel, hdl:15879, tid:1008
03-01 14:14:03.564   959  1040 I libPowerHal: [PE] (less) /proc/mcdi/state set +prefix:enable 0;
03-01 14:14:03.565   956  1008 I mtkpower_client: perf_lock_acq, hdl:0, dur:0, num:2, tid:1008
03-01 14:14:03.565  1485  1523 I ActivityTaskManager: Displayed com.example.dogglers/.GridListActivity: +535ms
03-01 14:14:03.565   959  1040 I libPowerHal: [perfLockRel] hdl:15879, idx:1
03-01 14:14:03.566  3993  3993 E pageboostd: Received HALT command code 2
03-01 14:14:03.566   959  1040 I libPowerHal: vendor.samsung.: cpu_ctrl set cpu freq: -1 -1 -1 -1
03-01 14:14:03.566   956  1008 I mtkpower_client: ret_hdl:15886
03-01 14:14:03.567   956  1008 I mtkpower_client: perf_lock_rel, hdl:15884, tid:1008
03-01 14:14:03.567   959  1040 I libPowerHal: [perfLockAcq] idx:2 hdl:15886 hint:-1 pid:956 duration:0 lock_user:vendor.samsung. => ret_hdl:15886
03-01 14:14:03.567   959  1040 I libPowerHal: vendor.samsung.: cpu_ctrl set cpu freq: 1700000 -1 -1 -1
03-01 14:14:03.567  5120  5120 D RootViewPicker: Root not ready - waiting: 10ms for one to appear.
03-01 14:14:03.568   956  1008 I mtkpower_client: perf_lock_acq, hdl:0, dur:0, num:2, tid:1008
03-01 14:14:03.568   959  1040 I libPowerHal: [perfLockRel] hdl:15884, idx:0
03-01 14:14:03.568   959  1040 I libPowerHal: [PD] vendor.samsung. update cmd:1000000, param:-1
03-01 14:14:03.568   959  1040 I libPowerHal: [PD] vendor.samsung. update cmd:1000000 param:-1
03-01 14:14:03.569   956  1008 I mtkpower_client: ret_hdl:15887
03-01 14:14:03.569   956  1008 I HYPER-HAL: [RequestManager.cpp]releaseLocked(): Released ID : 1131779
03-01 14:14:03.569   959  1040 I libPowerHal: [perfLockAcq] idx:0 hdl:15887 hint:-1 pid:956 duration:0 lock_user:vendor.samsung. => ret_hdl:15887
03-01 14:14:03.569  3224  3349 D OpenGLRenderer: setSurface called with nullptr
03-01 14:14:03.569  3224  3349 D OpenGLRenderer: setSurface() destroyed EGLSurface
03-01 14:14:03.569  3224  3349 D OpenGLRenderer: destroyEglSurface
03-01 14:14:03.570   959  1040 I libPowerHal: [PE] vendor.samsung. update cmd:1000000, param:0
03-01 14:14:03.570   959  1040 I libPowerHal: [PE] vendor.samsung. update cmd:1000000 param:0
03-01 14:14:03.570   959   990 I mtkpower@impl: [setMode] type:5, enabled:0
03-01 14:14:03.570  1485  7181 D InputDispatcher: Focus entered window (0): 733001e com.example.dogglers/com.example.dogglers.GridListActivity
03-01 14:14:03.571  5120  5120 I ViewRootImpl@5292b9[GridListActivity]: MSG_WINDOW_FOCUS_CHANGED 1 1
03-01 14:14:03.571  3224  3349 I BufferQueueProducer: [ViewRootImpl@d14cb1f[dogglers]#365(BLAST Consumer)365](id:c980000016d,api:1,p:3224,c:3224) disconnect: api 1
03-01 14:14:03.576  1485  7181 V WindowManager: Relayout Window{e26f4d4 u0 Splash Screen com.example.dogglers}: viewVisibility=8 req=1080x2400 d0
03-01 14:14:03.577  5120  5120 D InputMethodManager: startInputInner - Id : 0
03-01 14:14:03.577  5120  5120 I InputMethodManager: startInputInner - mService.startInputOrWindowGainedFocus
03-01 14:14:03.579  1017  1055 I SurfaceFlinger: id=9065 createSurf (0x0),-1 flag=24000, Surface(name=e26f4d4 Splash Screen com.example.dogglers)/@0x36e7807 - animation-leash of window_animation#0
03-01 14:14:03.584  1485  7181 V WindowManager: Relayout hash=e26f4d4, pid=3224: mAttrs={(0,0)(fillxfill) sim={adjust=pan} ty=APPLICATION_STARTING fmt=TRANSLUCENT wanim=0x1030001
03-01 14:14:03.584  1485  7181 V WindowManager:   fl=81030118
03-01 14:14:03.584  1485  7181 V WindowManager:   pfl=36000010
03-01 14:14:03.584  1485  7181 V WindowManager:   bhv=DEFAULT
03-01 14:14:03.584  1485  7181 V WindowManager:   fitSides= naviIconColor=0}
03-01 14:14:03.585  1485  3054 D InputMethodManagerService: mDesktopModeManager null!
03-01 14:14:03.585  1485  3054 V InputMethodManagerService: getDisplayIdOfInputMethodWindowToBeAdded : 0
03-01 14:14:03.585   944 15431 D MDP     : DpAsyncBlit: in: job (123531 151) (576, 1280, 2304, 0, C2s, P0), sec0, flush 1 Buffer 60816: plane=1 bufVA={0xc6,0x0,0x0} bufMVA={0x0,0x0,0x0} bufSize={0x2d0000,0x0,0x0} proxy={0xb400007afb215080,0x0,0x0}fence=-1
03-01 14:14:03.585   944 15431 D MDP     : DpAsyncBlit: out0: (576, 1280, 2304, 0, C2s, P0), misc: (X:0, Y:0, R:0, F:0, S:0, A:0, D:0), sec0, flush 0 Buffer 60816: plane=1 bufVA={0xb2,0x0,0x0} bufMVA={0x0,0x0,0x0} bufSize={0x2d0000,0x0,0x0} proxy={0xb400007afb215380,0x0,0x0}fence=-1
03-01 14:14:03.585   944 15431 D MDP     : DpAsyncBlit: crop0: (0, 0, 576, 1280, 0, 0, 0, 0)
03-01 14:14:03.585  3224  3293 I BLASTBufferQueue: [ViewRootImpl@d14cb1f[dogglers]#365] destructor()
03-01 14:14:03.585  3224  3293 I BufferQueueConsumer: [ViewRootImpl@d14cb1f[dogglers]#365(BLAST Consumer)365](id:c980000016d,api:0,p:-1,c:3224) disconnect
03-01 14:14:03.585  1485  3054 D InputMethodManagerService: checkDisplayOfStartInputAndUpdateKeyboard display Id 0last 0
03-01 14:14:03.585  1485  3054 D InputTransport: Input channel constructed: 'ClientS', fd=757
03-01 14:14:03.586  1485  3054 D InputTransport: Input channel destroyed: 'ClientS', fd=757
03-01 14:14:03.587  3224  3293 I ViewRootImpl@d14cb1f[dogglers]: Relayout returned: old=(0,0,1080,2400) new=(0,0,1080,2400) req=(1080,2400)8 dur=12 res=0x5 s={false 0} ch=true fn=2
03-01 14:14:03.587  3224  3293 I ViewRootImpl@d14cb1f[dogglers]: dispatchDetachedFromWindow
03-01 14:14:03.588  1485  3054 D InputTransport: Input channel destroyed: 'e26f4d4', fd=718
03-01 14:14:03.588  1485  3054 W InputManager-JNI: Input channel object 'e26f4d4 Splash Screen com.example.dogglers (client)' was disposed without first being removed with the input manager!
03-01 14:14:03.588  1485  3054 D InputTransport: Input channel destroyed: 'e26f4d4', fd=747
03-01 14:14:03.589  6169  6169 I HBD     : HoneyBoardService onFinishInput
03-01 14:14:03.589  6169  6169 I HBD     : HoneyBoardService isPhysicalKeyboardConnected so skip call of super.onFinishInput()
03-01 14:14:03.590  6169  6169 I HBD     : a IC have been unbinding,  InputConnectionWrapper{idHash=#73e9308 mMissingMethods=}
03-01 14:14:03.590  6169  6169 I HBD     : HoneyBoardService [PF_CL][onFinishInput]  885539 ns
03-01 14:14:03.590  6169  6169 I HBD     : HoneyBoardService [IMI] onStartInput - caller pid : 5120 , caller uid : 10437
03-01 14:14:03.590  6169  6169 I HBD     : j updateConfigs
03-01 14:14:03.590  6169  6169 I HBD     : j isEnabledNightMode : false
03-01 14:14:03.591  6169  6169 I HBD     : a IC have been binding, InputConnectionWrapper{idHash=#c0934c6 mMissingMethods=}
03-01 14:14:03.591  6169  6169 I HBD     : h [EditorInputType]setPrivateImeOptionsToTable privateImeOptions ( null )
03-01 14:14:03.591  6169  6169 I HBD     : b incognitoMode : false
03-01 14:14:03.591  3224  3224 D NavigationBar: onSystemBarAttributesChanged() -  displayId:0, appearance:16 (APPEARANCE_LIGHT_NAVIGATION_BARS ), navbarColorManagedByIme:false
03-01 14:14:03.591  6169  6169 I HBD     : a needOff = true , isForceOff = false, isNullInputClass : true
03-01 14:14:03.591  3224  3224 V Navbar.Store: handleEvent [EventType] GET_BOOL_REGION_SAMPLING_ENABLED [Module] LightBarController  KEYS_DEFAULT=false
03-01 14:14:03.591  3224  3224 V Navbar.Store: --[Band]COLOR_PACK_GET_REGION_SAMPLING_ENABLED
03-01 14:14:03.591  3224  3224 V Navbar.Store: ----getValue(BOOL_REGION_SAMPLING_ENABLED)=false
03-01 14:14:03.591  6169  6169 I HBD     : h getDefaultInputRange : UNKNOWN
03-01 14:14:03.591  6169  6169 I HBD     : h getDefaultInputRange : UNKNOWN
03-01 14:14:03.592  6169  6169 I HBD     : h getDefaultInputRange : UNKNOWN
03-01 14:14:03.592  1485  3345 D DARUtil : Device owner status not updated yet...
03-01 14:14:03.592  3224  3293 D InputTransport: Input channel destroyed: 'e26f4d4', fd=201
03-01 14:14:03.592  1485  3345 D DARUtil : Not an enterprise user : 0
03-01 14:14:03.592  1485  3345 D DARUtil : Device owner status not updated yet...
03-01 14:14:03.592  1485  3345 D DARUtil : Not an enterprise user : 0
03-01 14:14:03.593  5120  5120 I ViewInteraction: Checking 'com.example.dogglers.BaseTest$DrawableMatcher$RecyclerViewAssertion@a2d12ef' assertion on view view.getId() is <2131230934/com.example.dogglers:id/grid_recycler_view>
03-01 14:14:03.596  1017  1017 D SurfaceFlinger: Display 9223372036909292376 HWC layers:
03-01 14:14:03.596  1017  1017 D SurfaceFlinger:      CLIENT | 0xb4000074aa809900 | 0102 | RGBA_8888    |    0.0    0.0 1080.0 2400.0 |    0    0  576 1280 | com.example.dogglers/com.example.dogglers.GridListActivity$_5120#0
03-01 14:14:03.596  1017  1017 D SurfaceFlinger:      CLIENT | 0xb4000074cdc7aa80 | 0100 | RGBA_8888    |    0.0    0.0 1080.0 2400.0 |    0    0  576 1280 | Splash Screen com.example.dogglers$_3224#0
03-01 14:14:03.596  1017  1017 D SurfaceFlinger:      CLIENT | 0xb4000074cf822380 | 0100 | RGBA_8888    |    0.0    0.0 1080.0   79.0 |    0    0  576   42 | StatusBar$_3224#0
03-01 14:14:03.596  1017  1017 D SurfaceFlinger:      CLIENT | 0xb4000074cdc7b200 | 0100 | RGBA_8888    |    0.0    0.0   67.0  342.0 |  540  244  576  427 | com.samsung.android.app.cocktailbars[...]arservice.CocktailBarService$_8173#0
03-01 14:14:03.596  1017  1017 D SurfaceFlinger:      CLIENT | 0xb4000074cdc7b380 | 0100 | RGBA_8888    |    0.0    0.0 1080.0  126.0 |    0 1213  576 1280 | NavigationBar0$_3224#0
03-01 14:14:03.596  1017  1017 D SurfaceFlinger:
03-01 14:14:03.597  6169  6169 I HBD     : a needOff = true , isForceOff = false, isNullInputClass : true
03-01 14:14:03.597  1017  1017 D SurfaceFlinger: Display 0 HWC layers:
03-01 14:14:03.597  1017  1017 D SurfaceFlinger:      DEVICE | 0xb4000074aa809900 | 0102 | RGBA_8888    |    0.0    0.0 1080.0 2400.0 |    0    0 1080 2400 | com.example.dogglers/com.example.dogglers.GridListActivity$_5120#0
03-01 14:14:03.597  1017  1017 D SurfaceFlinger:      DEVICE | 0xb4000074cdc7aa80 | 0100 | RGBA_8888    |    0.0    0.0 1080.0 2400.0 |    0    0 1080 2400 | Splash Screen com.example.dogglers$_3224#0
03-01 14:14:03.597  1017  1017 D SurfaceFlinger:      DEVICE | 0xb4000074cf822380 | 0100 | RGBA_8888    |    0.0    0.0 1080.0   79.0 |    0    0 1080   79 | StatusBar$_3224#0
03-01 14:14:03.597  1017  1017 D SurfaceFlinger:      DEVICE | 0xb4000074cdc7b200 | 0100 | RGBA_8888    |    0.0    0.0   67.0  342.0 | 1013  458 1080  800 | com.samsung.android.app.cocktailbars[...]arservice.CocktailBarService$_8173#0
03-01 14:14:03.597  1017  1017 D SurfaceFlinger:      DEVICE | 0xb4000074cdc7b380 | 0100 | RGBA_8888    |    0.0    0.0 1080.0  126.0 |    0 2274 1080 2400 | NavigationBar0$_3224#0
03-01 14:14:03.597  1017  1017 D SurfaceFlinger:      CLIENT | 0xb4000074cf823a00 | 0140 | RGBA_8888    |    0.0    0.0 1080.0  181.0 |    0    0 1080  181 | ScreenDecorOverlay$_3224#0
03-01 14:14:03.597  1017  1017 D SurfaceFlinger:      CLIENT | 0xb4000074cf822500 | 0140 | RGBA_8888    |    0.0    0.0 1080.0  181.0 |    0
03-01 14:14:03.597  1017  1017 D SurfaceFlinger:  2219 1080 2400 | ScreenDecorOverlayBottom$_3224#0
03-01 14:14:03.597  1017  1017 D SurfaceFlinger:      CLIENT | 0xb4000074aa809600 | 0148 | RGBA_8888    |    0.0    0.0 1080.0 2400.0 |    0    0 1080 2400 | com.samsung.android.galaxycontinuity[...]martview.BlackScreenViewImpl$_5703#0
03-01 14:14:03.597  1017  1017 D SurfaceFlinger:      CLIENT | 0xb4000074cf822200 | 0148 | RGBA_8888    |    0.0    0.0    1.0    1.0 |  539 1199  540 1200 | com.samsung.android.galaxycontinuity[...]eholder.WakeLockScreenLayout$_5703#0
03-01 14:14:03.597  1017  1017 D SurfaceFlinger:
03-01 14:14:03.597  1017  1828 I SurfaceFlinger: id=9066 createSurf (0x0),-1 flag=24004, Surface(name=67b73e4 InputMethod)/@0xe7dc702 - animation-leash of insets_animation#0
03-01 14:14:03.598  6169  6169 I HBD     : a update cached prediction status : false
03-01 14:14:03.598  6169  6169 I HBD     : h getDefaultInputRange : UNKNOWN
03-01 14:14:03.598  6169  6169 I HBD     : h getDefaultInputRange : UNKNOWN
03-01 14:14:03.598  6169  6169 I HBD     : a currentState : 0
03-01 14:14:03.599  6169  6169 I HBD     : h load selected json path : /data/user/0/com.samsung.android.honeyboard/files/selected.json
03-01 14:14:03.600  6169  6169 I HBD     : h load selected json info : {"version":"4.1","currentLanguageOrder":0,"selected":[{"activeOptionList":["auto_spacing"],"engName":"Korean","id":4521984,"inputType":"qwerty","isUsed":true},{"activeOptionList":["auto_replace","auto_spacing","writing_assistant"],"engName":"English","id":65537,"inputType":"qwerty","isUsed":true}]}
03-01 14:14:03.601  6169  6169 I HBD     : a [UpdatePolicy] [post] a: 0 cl: 4521984 kit: [0/0] vt: 0 ir: 1
03-01 14:14:03.602  6169  6169 I HBD     : HoneyBoardService [PF_OP][onStartInput]  12092385 ns
03-01 14:14:03.603  1485  7181 D InputMethodManagerServicePhysicalKey: isConnectedDexOnPC false
03-01 14:14:03.605  1485  7181 D InputMethodManagerService: isImeSwitcherDisabledPackage : false
03-01 14:14:03.611   945   996 D BatteryDump: wait_for_battery_event : occurred : change@/devices/platform/samsung_mobile_device/samsung_mobile_device:battery/power_supply/battery
03-01 14:14:03.612   944 15431 D MDP     : DpAsyncBlit: in: job (123533 154) (576, 1280, 2304, 0, C2s, P0), sec0, flush 0 Buffer 60817: plane=1 bufVA={0xc6,0x0,0x0} bufMVA={0x0,0x0,0x0} bufSize={0x2d0000,0x0,0x0} proxy={0xb400007afb215280,0x0,0x0}fence=-1
03-01 14:14:03.612   944 15431 D MDP     : DpAsyncBlit: out0: (576, 1280, 2304, 0, C2s, P0), misc: (X:0, Y:0, R:0, F:0, S:0, A:0, D:0), sec0, flush 0 Buffer 60817: plane=1 bufVA={0xa2,0x0,0x0} bufMVA={0x0,0x0,0x0} bufSize={0x2d0000,0x0,0x0} proxy={0xb400007afb215140,0x0,0x0}fence=-1
03-01 14:14:03.612   944 15431 D MDP     : DpAsyncBlit: crop0: (0, 0, 576, 1280, 0, 0, 0, 0)
03-01 14:14:03.616   945   945 E android.hardware.health@2.1-service-samsung: Could not open /sys/class/power_supply/battery/lrp
03-01 14:14:03.617  1485  5839 I SemDvfsHyPerManager: acquire hyper - AMS_ACT_START/1485@15, type = -999
03-01 14:14:03.617   956  1008 I HYPER-HAL: [RequestManager.cpp]acquire(): Acquired ID : 1125765  [1485 / 15]    HINT : AMS_ACT_START    list :
03-01 14:14:03.618   956  1008 I mtkpower_client: perf_lock_rel, hdl:15886, tid:1008
03-01 14:14:03.618  1017  1017 D SurfaceFlinger: Display 9223372036909292376 HWC layers:
03-01 14:14:03.618  1017  1017 D SurfaceFlinger:      CLIENT | 0xb4000074cdc30e80 | 0102 | RGBA_8888    |    0.0    0.0 1080.0 2400.0 |    0    0  576 1280 | com.example.dogglers/com.example.dogglers.GridListActivity$_5120#0
03-01 14:14:03.618  1017  1017 D SurfaceFlinger:      CLIENT | 0xb4000074cf822380 | 0100 | RGBA_8888    |    0.0    0.0 1080.0   79.0 |    0    0  576   42 | StatusBar$_3224#0
03-01 14:14:03.618  1017  1017 D SurfaceFlinger:      CLIENT | 0xb4000074cdc7b200 | 0100 | RGBA_8888    |    0.0    0.0   67.0  342.0 |  540  244  576  427 | com.samsung.android.app.cocktailbars[...]arservice.CocktailBarService$_8173#0
03-01 14:14:03.618  1017  1017 D SurfaceFlinger:      CLIENT | 0xb4000074cdc7b380 | 0100 | RGBA_8888    |    0.0    0.0 1080.0  126.0 |    0 1213  576 1280 | NavigationBar0$_3224#0
03-01 14:14:03.618  1017  1017 D SurfaceFlinger:
03-01 14:14:03.618  1017  1017 D SurfaceFlinger: Display 0 HWC layers:
03-01 14:14:03.618  1017  1017 D SurfaceFlinger:      DEVICE | 0xb4000074cdc30e80 | 0102 | RGBA_8888    |    0.0    0.0 1080.0 2400.0 |    0    0 1080 2400 | com.example.dogglers/com.example.dogglers.GridListActivity$_5120#0
03-01 14:14:03.618  1017  1017 D SurfaceFlinger:      DEVICE | 0xb4000074cf822380 | 0100 | RGBA_8888    |    0.0    0.0 1080.0   79.0 |    0    0 1080   79 | StatusBar$_3224#0
03-01 14:14:03.618  1017  1017 D SurfaceFlinger:      DEVICE | 0xb4000074cdc7b200 | 0100 | RGBA_8888    |    0.0    0.0   67.0  342.0 | 1013  458 1080  800 | com.samsung.android.app.cocktailbars[...]arservice.CocktailBarService$_8173#0
03-01 14:14:03.618  1017  1017 D SurfaceFlinger:      DEVICE | 0xb4000074cdc7b380 | 0100 | RGBA_8888    |    0.0    0.0 1080.0  126.0 |    0 2274 1080 2400 | NavigationBar0$_3224#0
03-01 14:14:03.618  1017  1017 D SurfaceFlinger:      DEVICE | 0xb4000074cf823a00 | 0140 | RGBA_8888    |    0.0    0.0 1080.0  181.0 |    0    0 1080  181 | ScreenDecorOverlay$_3224#0
03-01 14:14:03.618  1017  1017 D SurfaceFlinger:      DEVICE | 0xb4000074cf822500 | 0140 | RGBA_8888    |    0.0    0.0 1080.0  181.0 |    0 2219 1080 2400 | ScreenDecorOverlayBottom$_3224#0
03-01 14:14:03.618  1017  1017 D SurfaceFlinger:      CLIENT | 0xb4000074aa809600 | 0148 | RGBA_8888    |    0.0    0.0 1080.0 2400.0 |    0    0 1080
03-01 14:14:03.618  1017  1017 D SurfaceFlinger:  2400 | com.samsung.android.galaxycontinuity[...]martview.BlackScreenViewImpl$_5703#0
03-01 14:14:03.618  1017  1017 D SurfaceFlinger:      CLIENT | 0xb4000074cf822200 | 0148 | RGBA_8888    |    0.0    0.0    1.0    1.0 |  539 1199  540 1200 | com.samsung.android.galaxycontinuity[...]eholder.WakeLockScreenLayout$_5703#0
03-01 14:14:03.618  1017  1017 D SurfaceFlinger:
03-01 14:14:03.619  1485  1779 D MotionRecognitionService: [SAR]  onReceive : ACTION_BATTERY_CHANGED, Plugged: 2
03-01 14:14:03.619  1485  1779 I MotionRecognitionService: [TA] In/out: true, curr state: 1
03-01 14:14:03.619  1485  1779 I MotionRecognitionService: [TA] Before receiving the SAR request for Main. Return.
03-01 14:14:03.619   959  1040 I libPowerHal: [perfLockRel] hdl:15886, idx:2
03-01 14:14:03.619  1485  1485 E PocketModeEvent: PocketModeSetting is off
03-01 14:14:03.619  1485  1485 D PhoneWindowManagerExt: ACTION_BATTERY_CHANGED - Level=73, status=2
03-01 14:14:03.619   959  1040 I libPowerHal: vendor.samsung.: cpu_ctrl set cpu freq: -1 -1 -1 -1
03-01 14:14:03.619  1485  1485 D SemWifiApBroadcastReceiver: Received : android.intent.action.BATTERY_CHANGED
03-01 14:14:03.620  1017  1017 I Layer   : id=9052 removedFromDrawingState Splash Screen com.example.dogglers$_3224#0 (144)
03-01 14:14:03.620  1017  1017 I Layer   : id=9051 removedFromDrawingState e26f4d4 Splash Screen com.example.dogglers#0 (144)
03-01 14:14:03.620  1017  1017 I Layer   : id=9065 removedFromDrawingState Surface(name=e26f4d4 Splash Screen com.example.dogglers)/@0x36e7807 - animation-leash of window_animation#0 (144)
03-01 14:14:03.620  1017  1017 I Layer   : id=9064 removedFromDrawingState Surface(name=733001e com.example.dogglers/com.example.dogglers.GridListActivity)/@0x93f70f7 - animation-leash of starting_reveal#0 (144)
03-01 14:14:03.620  1017  1017 I Layer   : id=9047 removedFromDrawingState Surface(name=67b73e4 InputMethod)/@0xe7dc702 - animation-leash of insets_animation#1 (144)
03-01 14:14:03.620  3224  3224 I PowerUI : mBootCompleted = true |  mFullyConnected = true
03-01 14:14:03.620  3224  3224 D PowerUI : priorPlugType = 2 mPlugType = 2 priorBatteryStatus = 2 mBatteryStatus = 2
03-01 14:14:03.620  3224  3224 I PowerUI : oldMisalign : false, curMisalign : false
03-01 14:14:03.620  1017  1017 I BufferQueueProducer: [NavigationBar0$_3224#0](this:0xb4000074aa73b948,id:-1,api:0,p:-1,c:1017) queueBuffer: fps=2.91 dur=1375.13 max=468.48 min=202.25
03-01 14:14:03.620  3536  3536 D SemBigDataInfoController: Intent : android.intent.action.BATTERY_CHANGED
03-01 14:14:03.621  1017  1017 I SurfaceFlinger: id=9047 Removed Surface(name=67b73e4 InputMethod)/@0xe7dc702 - animation-leash of insets_animation#1 (144)
03-01 14:14:03.621  1017  1017 D SurfaceFlinger: App entry ending
03-01 14:14:03.621  1017  1017 I SurfaceFlinger: id=9051 Removed e26f4d4 Splash Screen com.example.dogglers#0 (144)
03-01 14:14:03.621  1017  1017 D SurfaceFlinger: App entry ending
03-01 14:14:03.622  1017  1017 I SurfaceFlinger: id=9052 Removed Splash Screen com.example.dogglers$_3224#0 (144)
03-01 14:14:03.622  1017  1017 D SurfaceFlinger: App entry ending
03-01 14:14:03.622   956  1008 I mtkpower_client: perf_lock_acq, hdl:0, dur:0, num:2, tid:1008
03-01 14:14:03.622  3224  3224 D PowerUI.Notification: showChargingNotice oldChargingType : 1 currentChargingType : 1 oldChargingTime : 8313000 mChargingTime : 8313000
03-01 14:14:03.622  3224  3224 D PowerUI.Notification: There is no change about charging status, so return!
03-01 14:14:03.622  3224  3224 D PowerUI : Battery swelling mode - priorBatterySwellingMode = 0 mBatterySwellingMode = 0 mBatteryStatus = 2
03-01 14:14:03.622  3224  3224 I PowerUI : mBatteryMiscEvent = 65536
03-01 14:14:03.622  3224  3224 D KeyguardUpdateMonitor: received broadcast android.intent.action.BATTERY_CHANGED
03-01 14:14:03.623   959  1040 I libPowerHal: [perfLockAcq] idx:1 hdl:15888 hint:-1 pid:956 duration:0 lock_user:vendor.samsung. => ret_hdl:15888
03-01 14:14:03.623  1017  1017 I SurfaceFlinger: id=9065 Removed Surface(name=e26f4d4 Splash Screen com.example.dogglers)/@0x36e7807 - animation-leash of window_animation#0 (144)
03-01 14:14:03.623   956  1008 I mtkpower_client: ret_hdl:15888
03-01 14:14:03.623   956  1008 I mtkpower_client: perf_lock_rel, hdl:15885, tid:1008
03-01 14:14:03.623   959  1040 I libPowerHal: vendor.samsung.: cpu_ctrl set cpu freq: 1700000 -1 -1 -1
03-01 14:14:03.623  1017  1055 I SurfaceFlinger: id=9067 createSurf (0x0),-1 flag=80004, ActivityRecord{65b7832 u0 com.example.dogglers/androidx.test.core.app.InstrumentationActivityInvoker$EmptyActivity t3988}#0
03-01 14:14:03.624  1017  1017 I Layer   : id=9047 Destroyed Surface(name=67b73e4 InputMethod)/@0xe7dc702 - animation-leash of insets_animation#1
03-01 14:14:03.624  1017  1017 I Layer   : id=9065 Destroyed Surface(name=e26f4d4 Splash Screen com.example.dogglers)/@0x36e7807 - animation-leash of window_animation#0
03-01 14:14:03.624  1017  1017 I Layer   : id=9051 Destroyed e26f4d4 Splash Screen com.example.dogglers#0
03-01 14:14:03.624   956  1008 I mtkpower_client: perf_lock_acq, hdl:0, dur:0, num:2, tid:1008
03-01 14:14:03.624  1017  1017 I BufferQueueDebug: [Splash Screen com.example.dogglers$_3224#0](this:0xb4000074a848d948,id:-1,api:0,p:-1,c:1017) onDestructor()
03-01 14:14:03.624  1017  1017 I Layer   : id=9052 Destroyed Splash Screen com.example.dogglers$_3224#0
03-01 14:14:03.624  3224  3224 I AODBatteryManager: updateBatteryData: ACTION_BATTERY_CHANGED
03-01 14:14:03.625   956  1008 I mtkpower_client: ret_hdl:15889
03-01 14:14:03.625   959  1040 I libPowerHal: [perfLockRel] hdl:15885, idx:3
03-01 14:14:03.625   956  1008 I mtkpower_client: perf_lock_rel, hdl:15887, tid:1008
03-01 14:14:03.625  3224  7695 D PowerUI.Notification: 1. restoreScreenTimeOut - saved_value : :
03-01 14:14:03.625  3224  7695 E PowerUI.Notification: no saved value, so we do nothing !!
03-01 14:14:03.625   959  1040 I libPowerHal: [PD] vendor.samsung. update cmd:1c3c000, param:1
03-01 14:14:03.625   959  1040 I libPowerHal: [PD] (less) /proc/mcdi/state set +prefix:enable 1;
03-01 14:14:03.626   959   990 I mtkpower@impl: [setMode] type:5, enabled:1
03-01 14:14:03.626   959  1040 I libPowerHal: [perfLockAcq] idx:2 hdl:15889 hint:-1 pid:956 duration:0 lock_user:vendor.samsung. => ret_hdl:15889
03-01 14:14:03.626   959  1040 I libPowerHal: [PE] (less) /proc/mcdi/state set +prefix:enable 0;
03-01 14:14:03.627  3224  3224 I AODBatteryManager: saveBatteryData : AOD BatteryData [mBatteryLevel=73, mBatteryStatus=CHARGING, mBatteryPlugType=USB, mBatteryPlugged=true, mRemainingChargeTime=8313000, mBatteryChargingType=1, mBatteryChargerType=NORMAL, mBatteryOnline=USB, mBatterySwellingMode=NONE, mBatteryProtectMode=false]
03-01 14:14:03.627   956  1008 I mtkpower_client: perf_lock_acq, hdl:0, dur:0, num:2, tid:1008
03-01 14:14:03.627  3224  3224 D KeyguardUpdateMonitor: handleBatteryUpdate
03-01 14:14:03.627   959  1040 I libPowerHal: [perfLockRel] hdl:15887, idx:0
03-01 14:14:03.627   959  1040 I libPowerHal: [PD] vendor.samsung. update cmd:1000000, param:-1
03-01 14:14:03.628   959  1040 I libPowerHal: [PD] vendor.samsung. update cmd:1000000 param:-1
03-01 14:14:03.628   956  1008 I mtkpower_client: ret_hdl:15890
03-01 14:14:03.629   959  1040 I libPowerHal: [perfLockAcq] idx:3 hdl:15890 hint:-1 pid:956 duration:0 lock_user:vendor.samsung. => ret_hdl:15890
03-01 14:14:03.629   959  1040 I libPowerHal: [PE] vendor.samsung. update cmd:1000000, param:0
03-01 14:14:03.629   959  1040 I libPowerHal: [PE] vendor.samsung. update cmd:1000000 param:0
03-01 14:14:03.632   956  5513 I mtkpower_client: perf_lock_rel, hdl:15889, tid:5513
03-01 14:14:03.632   956  5513 I mtkpower_client: perf_lock_acq, hdl:0, dur:0, num:2, tid:5513
03-01 14:14:03.632   959  1040 I libPowerHal: [perfLockRel] hdl:15889, idx:2
03-01 14:14:03.632   959  1040 I libPowerHal: [PD] vendor.samsung. update cmd:1c3c000, param:1
03-01 14:14:03.633   959  1040 I libPowerHal: [PD] (less) /proc/mcdi/state set +prefix:enable 1;
03-01 14:14:03.633   956  5513 I mtkpower_client: ret_hdl:15891
03-01 14:14:03.633   959  1040 I libPowerHal: [perfLockAcq] idx:0 hdl:15891 hint:-1 pid:956 duration:0 lock_user:vendor.samsung. => ret_hdl:15891
03-01 14:14:03.633   956  5513 I mtkpower_client: perf_lock_rel, hdl:15888, tid:5513
03-01 14:14:03.633   959  1040 I libPowerHal: [PE] (less) /proc/mcdi/state set +prefix:enable 0;
03-01 14:14:03.634   956  5513 I mtkpower_client: perf_lock_acq, hdl:0, dur:0, num:2, tid:5513
03-01 14:14:03.634   956  5513 I mtkpower_client: ret_hdl:15892
03-01 14:14:03.634   956  5513 I HYPER-HAL: [RequestManager.cpp]releaseLocked(): Released ID : 1133285
03-01 14:14:03.635   959  1040 I libPowerHal: [perfLockRel] hdl:15888, idx:1
03-01 14:14:03.635   959  1040 I libPowerHal: vendor.samsung.: cpu_ctrl set cpu freq: -1 -1 -1 -1
03-01 14:14:03.637   959  1040 I libPowerHal: [perfLockAcq] idx:2 hdl:15892 hint:-1 pid:956 duration:0 lock_user:vendor.samsung. => ret_hdl:15892
03-01 14:14:03.637   959  1040 I libPowerHal: vendor.samsung.: cpu_ctrl set cpu freq: 1700000 -1 -1 -1
03-01 14:14:03.637  5120  5120 D LifecycleMonitor: Lifecycle status change: com.example.dogglers.GridListActivity@e9b2c4c in: PAUSED
03-01 14:14:03.638  5120  5120 V ActivityScenario: Update currentActivityStage to PAUSED, currentActivity=com.example.dogglers.GridListActivity@e9b2c4c
03-01 14:14:03.642  3224  3224 D QS      : setQSExpansion 0.0 -111.299995
03-01 14:14:03.644  1485  7181 D InputDispatcher: Focused application set to (0): 65b7832
03-01 14:14:03.644  3224  3224 D QS      : setQSExpansion 0.0 -111.299995
03-01 14:14:03.644  3224  3224 V SecQSFragmentAnimatorBase: setQsExpansionPosition 0.0
03-01 14:14:03.645  3224  3224 V QsExpandAnimator: setQsExpansionPosition 0.0 0
03-01 14:14:03.645  3224  3224 D QS      : setQSExpansion 0.0 -111.299995
03-01 14:14:03.646  1017  1828 I SurfaceFlinger: id=9038 Removed Surface(name=67b73e4 InputMethod)/@0xe7dc702 - animation-leash of insets_animation#0 (141)
03-01 14:14:03.646  3224  3224 D IndicatorGardenInputProperty: updateRotation() prv:-1 >> new:0
03-01 14:14:03.646  3224  3224 D DeviceState: getDeviceResolutionPixelSize - currentDensity = 420 deviceDensity = 420 initialDisplaySizeFactor = 1080 currentDisplaySizeFactor = 1080 initialDisplayDensity = 420 proportionalDensity = 420 proportionalPixel = 84
03-01 14:14:03.646  3224  3224 D DeviceState: getDeviceResolutionPixelSize - currentDensity = 420 deviceDensity = 420 initialDisplaySizeFactor = 1080 currentDisplaySizeFactor = 1080 initialDisplayDensity = 420 proportionalDensity = 420 proportionalPixel = 0
03-01 14:14:03.646  3224  3224 D DeviceState: getDeviceResolutionPixelSize - currentDensity = 420 deviceDensity = 420 initialDisplaySizeFactor = 1080 currentDisplaySizeFactor = 1080 initialDisplayDensity = 420 proportionalDensity = 420 proportionalPixel = 0
03-01 14:14:03.650   944 15431 D MDP     : DpAsyncBlit: in: job (123537 118) (576, 1280, 2304, 0, C2s, P0), sec0, flush 1 Buffer 60819: plane=1 bufVA={0xa7,0x0,0x0} bufMVA={0x0,0x0,0x0} bufSize={0x2d0000,0x0,0x0} proxy={0xb400007afb215200,0x0,0x0}fence=-1
03-01 14:14:03.650   944 15431 D MDP     : DpAsyncBlit: out0: (576, 1280, 2304, 0, C2s, P0), misc: (X:0, Y:0, R:0, F:0, S:0, A:0, D:0), sec0, flush 0 Buffer 60819: plane=1 bufVA={0x7e,0x0,0x0} bufMVA={0x0,0x0,0x0} bufSize={0x2d0000,0x0,0x0} proxy={0xb400007afb215180,0x0,0x0}fence=-1
03-01 14:14:03.650   944 15431 D MDP     : DpAsyncBlit: crop0: (0, 0, 576, 1280, 0, 0, 0, 0)
03-01 14:14:03.659  1017  1017 I BufferQueueProducer: [StatusBar$_3224#0](this:0xb4000074aa775948,id:-1,api:0,p:-1,c:1017) queueBuffer: fps=0.63 dur=1578.00 max=1578.00 min=1578.00
03-01 14:14:03.660  1017  1017 I Layer   : id=9038 Destroyed Surface(name=67b73e4 InputMethod)/@0xe7dc702 - animation-leash of insets_animation#0
03-01 14:14:03.661  1485  7181 D InputDispatcher: Focus left window (0): 733001e com.example.dogglers/com.example.dogglers.GridListActivity
03-01 14:14:03.661  1485  4333 I MediaSessionMonitor: Media session stopped : controllerList empty
03-01 14:14:03.664  5120  5120 D LifecycleMonitor: Lifecycle status change: androidx.test.core.app.InstrumentationActivityInvoker$EmptyActivity@50a51e8 in: PRE_ON_CREATE
03-01 14:14:03.664  5120  5120 V ActivityScenario: Activity lifecycle changed event received but ignored because the intent does not match. startActivityIntent=Intent { act=android.intent.action.MAIN cat=[android.intent.category.LAUNCHER] cmp=com.example.dogglers/.GridListActivity }, activity.getIntent()=Intent { act=android.intent.action.MAIN cat=[android.intent.category.LAUNCHER] flg=0x10000000 cmp=com.example.dogglers/androidx.test.core.app.InstrumentationActivityInvoker$EmptyActivity }, activity=androidx.test.core.app.InstrumentationActivityInvoker$EmptyActivity@50a51e8
03-01 14:14:03.666  8173  8173 I Utils   : HomePackage : com.sec.android.app.launcher, resumePackageName : com.example.dogglers
03-01 14:14:03.667  1485  4967 D MotionRecognitionService: values = 100.0
03-01 14:14:03.667  1485  4967 D MotionRecognitionService: onReceive lux: 100.0  action:
03-01 14:14:03.667  1485  4967 D MotionRecognitionService: Inject brightness form Cam 100.0
03-01 14:14:03.667  1485  4967 D MotionRecognitionService: Inject calibrated lux
03-01 14:14:03.668   953   953 I SensorsHub: AutoBrightnessSensor::injectSensorData: camLux 100
03-01 14:14:03.672   944 15431 D MDP     : DpAsyncBlit: in: job (123539 162) (576, 1280, 2304, 0, C2s, P0), sec0, flush 0 Buffer 60820: plane=1 bufVA={0xd0,0x0,0x0} bufMVA={0x0,0x0,0x0} bufSize={0x2d0000,0x0,0x0} proxy={0xb400007afb215040,0x0,0x0}fence=-1
03-01 14:14:03.672   944 15431 D MDP     : DpAsyncBlit: out0: (576, 1280, 2304, 0, C2s, P0), misc: (X:0, Y:0, R:0, F:0, S:0, A:0, D:0), sec0, flush 0 Buffer 60820: plane=1 bufVA={0xa7,0x0,0x0} bufMVA={0x0,0x0,0x0} bufSize={0x2d0000,0x0,0x0} proxy={0xb400007afb215300,0x0,0x0}fence=-1
03-01 14:14:03.672   944 15431 D MDP     : DpAsyncBlit: crop0: (0, 0, 576, 1280, 0, 0, 0, 0)
03-01 14:14:03.673  5120  5120 I DecorView: [INFO] isPopOver=false, config=true
03-01 14:14:03.673  5120  5120 I DecorView: updateCaptionType >> DecorView@c74e448[], isFloating=false, isApplication=true, hasWindowControllerCallback=true, hasWindowDecorCaption=false
03-01 14:14:03.673  5120  5120 D DecorView: setCaptionType = 0, this = DecorView@c74e448[]
03-01 14:14:03.676  5120  5120 I DecorView: getCurrentDensityDpi: from real metrics. densityDpi=420 msg=resources_loaded
03-01 14:14:03.677  5120  5120 D LifecycleMonitor: Lifecycle status change: androidx.test.core.app.InstrumentationActivityInvoker$EmptyActivity@50a51e8 in: CREATED
03-01 14:14:03.677  5120  5120 V ActivityScenario: Activity lifecycle changed event received but ignored because the intent does not match. startActivityIntent=Intent { act=android.intent.action.MAIN cat=[android.intent.category.LAUNCHER] cmp=com.example.dogglers/.GridListActivity }, activity.getIntent()=Intent { act=android.intent.action.MAIN cat=[android.intent.category.LAUNCHER] flg=0x10000000 cmp=com.example.dogglers/androidx.test.core.app.InstrumentationActivityInvoker$EmptyActivity }, activity=androidx.test.core.app.InstrumentationActivityInvoker$EmptyActivity@50a51e8
03-01 14:14:03.679  5120  5120 D LifecycleMonitor: Lifecycle status change: androidx.test.core.app.InstrumentationActivityInvoker$EmptyActivity@50a51e8 in: STARTED
03-01 14:14:03.679  5120  5120 V ActivityScenario: Activity lifecycle changed event received but ignored because the intent does not match. startActivityIntent=Intent { act=android.intent.action.MAIN cat=[android.intent.category.LAUNCHER] cmp=com.example.dogglers/.GridListActivity }, activity.getIntent()=Intent { act=android.intent.action.MAIN cat=[android.intent.category.LAUNCHER] flg=0x10000000 cmp=com.example.dogglers/androidx.test.core.app.InstrumentationActivityInvoker$EmptyActivity }, activity=androidx.test.core.app.InstrumentationActivityInvoker$EmptyActivity@50a51e8
03-01 14:14:03.681  5120  5120 D LifecycleMonitor: Lifecycle status change: androidx.test.core.app.InstrumentationActivityInvoker$EmptyActivity@50a51e8 in: RESUMED
03-01 14:14:03.681  5120  5120 V ActivityScenario: Activity lifecycle changed event received but ignored because the intent does not match. startActivityIntent=Intent { act=android.intent.action.MAIN cat=[android.intent.category.LAUNCHER] cmp=com.example.dogglers/.GridListActivity }, activity.getIntent()=Intent { act=android.intent.action.MAIN cat=[android.intent.category.LAUNCHER] flg=0x10000000 cmp=com.example.dogglers/androidx.test.core.app.InstrumentationActivityInvoker$EmptyActivity }, activity=androidx.test.core.app.InstrumentationActivityInvoker$EmptyActivity@50a51e8
03-01 14:14:03.682  1017  1828 I SurfaceFlinger: [SF client] NEW(0xb4000074ac1c0340) for (5120:com.example.dogglers)
03-01 14:14:03.686  1485  7181 D InputTransport: Input channel constructed: 'cdeb5fb', fd=718
03-01 14:14:03.686  1485  7181 D InputTransport: Input channel constructed: 'cdeb5fb', fd=747
03-01 14:14:03.686  1485  7181 D InputTransport: Input channel constructed: 'cdeb5fb', fd=755
03-01 14:14:03.686  1017  1828 I SurfaceFlinger: id=9068 createSurf (0x0),-1 flag=80004, cdeb5fb com.example.dogglers/androidx.test.core.app.InstrumentationActivityInvoker$EmptyActivity#0
03-01 14:14:03.688  1485  7181 D InputTransport: Input channel destroyed: 'cdeb5fb', fd=755
03-01 14:14:03.689  5120  5120 I ViewRootImpl@30352e1[InstrumentationActivityInvoker$EmptyActivity]: setView = com.android.internal.policy.DecorView@c74e448 TM=true
03-01 14:14:03.694  1485  7181 V WindowManager: Relayout Window{cdeb5fb u0 com.example.dogglers/androidx.test.core.app.InstrumentationActivityInvoker$EmptyActivity}: viewVisibility=0 req=1080x2400 d0
03-01 14:14:03.695  1017  1828 E BufferQueueDebug: [com.example.dogglers/androidx.test.core.app.InstrumentationActivityInvoker$EmptyActivity$_5120#0](this:0xb4000074a84c9948,id:-1,api:0,p:-1,c:-1) id info cannot be read from 'com.example.dogglers/androidx.test.core.app.InstrumentationActivityInvoker$EmptyActivity$_5120#0'
03-01 14:14:03.695  1017  1828 I BufferQueueDebug: [com.example.dogglers/androidx.test.core.app.InstrumentationActivityInvoker$EmptyActivity$_5120#0](this:0xb4000074a84c9948,id:-1,api:0,p:-1,c:-1) BufferQueue core=(1017:/system/bin/surfaceflinger)
03-01 14:14:03.695  1017  1828 I SurfaceFlinger: id=9069 createSurf (1x1),-3 flag=40004, com.example.dogglers/androidx.test.core.app.InstrumentationActivityInvoker$EmptyActivity$_5120#0
03-01 14:14:03.699  1017  1828 I SurfaceFlinger: id=9070 createSurf (0x0),-1 flag=24000, Surface(name=11b0562 StatusBar)/@0xa45631f - animation-leash of insets_animation#1
03-01 14:14:03.700  1017  1828 I SurfaceFlinger: id=9071 createSurf (0x0),-1 flag=24000, Surface(name=16df26b NavigationBar0)/@0xf199c0c - animation-leash of insets_animation#1
03-01 14:14:03.702  1485  7181 V WindowManager: Relayout hash=cdeb5fb, pid=5120: mAttrs={(0,0)(fillxfill) sim={adjust=pan forwardNavigation} ty=BASE_APPLICATION wanim=0x1030001
03-01 14:14:03.702  1485  7181 V WindowManager:   fl=1810100
03-01 14:14:03.702  1485  7181 V WindowManager:   pfl=12020040
03-01 14:14:03.702  1485  7181 V WindowManager:   apr=LIGHT_NAVIGATION_BARS
03-01 14:14:03.702  1485  7181 V WindowManager:   bhv=DEFAULT
03-01 14:14:03.702  1485  7181 V WindowManager:   fitSides= naviIconColor=0
03-01 14:14:03.702  1485  7181 V WindowManager:   sfl=100000}
03-01 14:14:03.703  5120  5120 I BufferQueueConsumer: [](id:140000000013,api:0,p:-1,c:5120) connect: controlledByApp=false
03-01 14:14:03.703  5120  5120 I BLASTBufferQueue: [ViewRootImpl@30352e1[InstrumentationActivityInvoker$EmptyActivity]#19] constructor()
03-01 14:14:03.704  5120  5120 I ViewRootImpl@30352e1[InstrumentationActivityInvoker$EmptyActivity]: Relayout returned: old=(0,0,1080,2400) new=(0,0,1080,2400) req=(1080,2400)0 dur=9 res=0x7 s={true -5476376626619305984} ch=true fn=-1
03-01 14:14:03.705  5120  5154 I BufferQueueProducer: [ViewRootImpl@30352e1[InstrumentationActivityInvoker$EmptyActivity]#19(BLAST Consumer)19](id:140000000013,api:1,p:5120,c:5120) connect: api=1 producerControlledByApp=true
03-01 14:14:03.705  5120  5154 D OpenGLRenderer: eglCreateWindowSurface
03-01 14:14:03.708  5120  5120 I ViewRootImpl@30352e1[InstrumentationActivityInvoker$EmptyActivity]: [DP] dp(1) 1 android.view.ViewRootImpl.reportNextDraw:11420 android.view.ViewRootImpl.performTraversals:4193 android.view.ViewRootImpl.doTraversal:2919
03-01 14:14:03.708  5120  5120 D ViewRootImpl@30352e1[InstrumentationActivityInvoker$EmptyActivity]: Creating frameDrawingCallback nextDrawUseBlastSync=false reportNextDraw=true hasBlurUpdates=false
03-01 14:14:03.708  5120  5120 D ViewRootImpl@30352e1[InstrumentationActivityInvoker$EmptyActivity]: Creating frameCompleteCallback
03-01 14:14:03.711  5120  5192 D ViewRootImpl@30352e1[InstrumentationActivityInvoker$EmptyActivity]: Received frameDrawingCallback frameNum=1. Creating transactionCompleteCallback=false
03-01 14:14:03.716  5120  5154 D ViewRootImpl@30352e1[InstrumentationActivityInvoker$EmptyActivity]: Received frameCompleteCallback  lastAcquiredFrameNum=1 lastAttemptedDrawFrameNum=1
03-01 14:14:03.717  5120  5120 I ViewRootImpl@30352e1[InstrumentationActivityInvoker$EmptyActivity]: [DP] pdf(0) 1 android.view.ViewRootImpl.lambda$addFrameCompleteCallbackIfNeeded$3$ViewRootImpl:4995 android.view.ViewRootImpl$$ExternalSyntheticLambda16.run:6 android.os.Handler.handleCallback:938
03-01 14:14:03.717  5120  5120 I ViewRootImpl@30352e1[InstrumentationActivityInvoker$EmptyActivity]: [DP] rdf()
03-01 14:14:03.717  5120  5120 D ViewRootImpl@30352e1[InstrumentationActivityInvoker$EmptyActivity]: reportDrawFinished (fn: -1)
03-01 14:14:03.718  5120  5120 I ViewRootImpl@5292b9[GridListActivity]: MSG_WINDOW_FOCUS_CHANGED 0 1
03-01 14:14:03.719  1017  1017 I Layer   : id=9062 removedFromDrawingState Surface(name=11b0562 StatusBar)/@0xa45631f - animation-leash of insets_animation#0 (144)
03-01 14:14:03.719  1017  1017 I Layer   : id=82 removedFromDrawingState 11b0562 StatusBar#0 (144)
03-01 14:14:03.719  1017  1017 I Layer   : id=89 removedFromDrawingState StatusBar$_3224#0 (144)
03-01 14:14:03.720  1017  1017 I Layer   : id=82 addToCurrentState 11b0562 StatusBar#0 (144)
03-01 14:14:03.720  1017  1017 I Layer   : id=89 addToCurrentState StatusBar$_3224#0 (144)
03-01 14:14:03.720  1017  1017 I Layer   : id=9063 removedFromDrawingState Surface(name=16df26b NavigationBar0)/@0xf199c0c - animation-leash of insets_animation#0 (144)
03-01 14:14:03.722  1485  3054 D InputDispatcher: Focus request (0): cdeb5fb com.example.dogglers/androidx.test.core.app.InstrumentationActivityInvoker$EmptyActivity but waiting because NOT_VISIBLE
03-01 14:14:03.722  1485  1527 I SemDvfsHyPerManager: acquire hyper - AMS_RESUME_TAIL/1485@17, type = -999
03-01 14:14:03.722  1485  1523 I ActivityTaskManager: Displayed com.example.dogglers/androidx.test.core.app.InstrumentationActivityInvoker$EmptyActivity: +106ms
03-01 14:14:03.722  1485  1527 I SemDvfsHyPerManager: acquire hyper - AMS_ACT_LAZY/1485@18, type = -999
03-01 14:14:03.722   956  1008 I HYPER-HAL: [RequestManager.cpp]acquire(): Acquired ID : 1128770  [1485 / 17]    HINT : AMS_RESUME_TAIL    list :
03-01 14:14:03.723   956  1008 I mtkpower_client: perf_lock_rel, hdl:15892, tid:1008
03-01 14:14:03.723   956  1008 I mtkpower_client: perf_lock_acq, hdl:0, dur:0, num:2, tid:1008
03-01 14:14:03.723   959  1040 I libPowerHal: [perfLockRel] hdl:15892, idx:2
03-01 14:14:03.724   959  1040 I libPowerHal: vendor.samsung.: cpu_ctrl set cpu freq: -1 -1 -1 -1
03-01 14:14:03.724   956  1008 I mtkpower_client: ret_hdl:15893
03-01 14:14:03.724   959  1040 I libPowerHal: [perfLockAcq] idx:1 hdl:15893 hint:-1 pid:956 duration:0 lock_user:vendor.samsung. => ret_hdl:15893
03-01 14:14:03.724   956  1008 I mtkpower_client: perf_lock_rel, hdl:15891, tid:1008
03-01 14:14:03.724  1017  1055 I SurfaceFlinger: id=9072 createSurf (0x0),-1 flag=80000, e05f83d ActivityRecordInputSink com.example.dogglers/androidx.test.core.app.InstrumentationActivityInvoker$EmptyActivity#0
03-01 14:14:03.724   959  1040 I libPowerHal: vendor.samsung.: cpu_ctrl set cpu freq: 1700000 -1 -1 -1
03-01 14:14:03.724   956  1008 I mtkpower_client: perf_lock_acq, hdl:0, dur:0, num:2, tid:1008
03-01 14:14:03.725   959  1040 I libPowerHal: [perfLockRel] hdl:15891, idx:0
03-01 14:14:03.725   959  1040 I libPowerHal: [PD] vendor.samsung. update cmd:1c3c000, param:1
03-01 14:14:03.725  3993  3993 E pageboostd: Received HALT command code 2
03-01 14:14:03.725   959  1040 I libPowerHal: [PD] (less) /proc/mcdi/state set +prefix:enable 1;
03-01 14:14:03.726   956  1008 I mtkpower_client: ret_hdl:15894
03-01 14:14:03.726   959  1040 I libPowerHal: [perfLockAcq] idx:0 hdl:15894 hint:-1 pid:956 duration:0 lock_user:vendor.samsung. => ret_hdl:15894
03-01 14:14:03.726   956  1008 I mtkpower_client: perf_lock_rel, hdl:15890, tid:1008
03-01 14:14:03.726   959  1040 I libPowerHal: [PE] (less) /proc/mcdi/state set +prefix:enable 0;
03-01 14:14:03.727   956  1008 I mtkpower_client: perf_lock_acq, hdl:0, dur:0, num:2, tid:1008
03-01 14:14:03.727   959  1040 I libPowerHal: [perfLockRel] hdl:15890, idx:3
03-01 14:14:03.727   959  1040 I libPowerHal: [PD] vendor.samsung. update cmd:1000000, param:-1
03-01 14:14:03.728   959  1040 I libPowerHal: [PD] vendor.samsung. update cmd:1000000 param:-1
03-01 14:14:03.728   956  1008 I mtkpower_client: ret_hdl:15895
03-01 14:14:03.728   956  1008 I HYPER-HAL: [RequestManager.cpp]releaseLocked(): Released ID : 1125765
03-01 14:14:03.730   959  1040 I libPowerHal: [perfLockAcq] idx:2 hdl:15895 hint:-1 pid:956 duration:0 lock_user:vendor.samsung. => ret_hdl:15895
03-01 14:14:03.730  5120  5120 D InsetsSourceConsumer: ensureControlAlpha: for ITYPE_NAVIGATION_BAR on com.example.dogglers/androidx.test.core.app.InstrumentationActivityInvoker$EmptyActivity
03-01 14:14:03.730   959  1040 I libPowerHal: [PE] vendor.samsung. update cmd:1000000, param:0
03-01 14:14:03.730   959  1040 I libPowerHal: [PE] vendor.samsung. update cmd:1000000 param:0
03-01 14:14:03.731  5120  5120 D InsetsSourceConsumer: ensureControlAlpha: for ITYPE_STATUS_BAR on com.example.dogglers/androidx.test.core.app.InstrumentationActivityInvoker$EmptyActivity
03-01 14:14:03.732  1017  1828 I SurfaceFlinger: id=9063 Removed Surface(name=16df26b NavigationBar0)/@0xf199c0c - animation-leash of insets_animation#0 (145)
03-01 14:14:03.732  1017  1828 I SurfaceFlinger: id=9062 Removed Surface(name=11b0562 StatusBar)/@0xa45631f - animation-leash of insets_animation#0 (145)
03-01 14:14:03.736  1017  1017 I Layer   : id=9062 Destroyed Surface(name=11b0562 StatusBar)/@0xa45631f - animation-leash of insets_animation#0
03-01 14:14:03.736  1017  1017 I Layer   : id=9063 Destroyed Surface(name=16df26b NavigationBar0)/@0xf199c0c - animation-leash of insets_animation#0
03-01 14:14:03.737  5120  5120 I ViewRootImpl@5292b9[GridListActivity]: handleAppVisibility mAppVisible=true visible=false
03-01 14:14:03.738  1485  3345 D InputDispatcher: Focus entered window (0): cdeb5fb com.example.dogglers/androidx.test.core.app.InstrumentationActivityInvoker$EmptyActivity
03-01 14:14:03.738  5120  5120 I ViewRootImpl@5292b9[GridListActivity]: stopped(true) old=false
03-01 14:14:03.738  1485  3054 I SemDvfsHyPerManager: acquire hyper - AMS_ACT_START/1485@15, type = -999
03-01 14:14:03.738   956  1008 I HYPER-HAL: [RequestManager.cpp]acquire(): Acquired ID : 1125765  [1485 / 15]    HINT : AMS_ACT_START    list :
03-01 14:14:03.739   956  1008 I mtkpower_client: perf_lock_rel, hdl:15893, tid:1008
03-01 14:14:03.739   956  1008 I mtkpower_client: perf_lock_acq, hdl:0, dur:0, num:2, tid:1008
03-01 14:14:03.739   959  1040 I libPowerHal: [perfLockRel] hdl:15893, idx:1
03-01 14:14:03.740   959  1040 I libPowerHal: vendor.samsung.: cpu_ctrl set cpu freq: -1 -1 -1 -1
03-01 14:14:03.740  1017  1828 I SurfaceFlinger: id=9073 createSurf (0x0),-1 flag=80004, ActivityRecord{c888f5c u0 com.example.dogglers/androidx.test.core.app.InstrumentationActivityInvoker$EmptyActivity t3988}#0
03-01 14:14:03.740   956  1008 I mtkpower_client: ret_hdl:15896
03-01 14:14:03.740   959  1040 I libPowerHal: [perfLockAcq] idx:3 hdl:15896 hint:-1 pid:956 duration:0 lock_user:vendor.samsung. => ret_hdl:15896
03-01 14:14:03.740   956  1008 I mtkpower_client: perf_lock_rel, hdl:15894, tid:1008
03-01 14:14:03.741   959  1040 I libPowerHal: vendor.samsung.: cpu_ctrl set cpu freq: 1700000 -1 -1 -1
03-01 14:14:03.741   956  1008 I mtkpower_client: perf_lock_acq, hdl:0, dur:0, num:2, tid:1008
03-01 14:14:03.741   959  1040 I libPowerHal: [perfLockRel] hdl:15894, idx:0
03-01 14:14:03.741   959  1040 I libPowerHal: [PD] vendor.samsung. update cmd:1c3c000, param:1
03-01 14:14:03.742   959  1040 I libPowerHal: [PD] (less) /proc/mcdi/state set +prefix:enable 1;
03-01 14:14:03.742   959   990 I mtkpower@impl: [setMode] type:5, enabled:1
03-01 14:14:03.742   959  1040 I libPowerHal: [perfLockAcq] idx:1 hdl:15897 hint:-1 pid:956 duration:0 lock_user:vendor.samsung. => ret_hdl:15897
03-01 14:14:03.743   956  1008 I mtkpower_client: ret_hdl:15897
03-01 14:14:03.743   959  1040 I libPowerHal: [PE] (less) /proc/mcdi/state set +prefix:enable 0;
03-01 14:14:03.743   956  1008 I mtkpower_client: perf_lock_rel, hdl:15895, tid:1008
03-01 14:14:03.744   956  1008 I mtkpower_client: perf_lock_acq, hdl:0, dur:0, num:2, tid:1008
03-01 14:14:03.744   959  1040 I libPowerHal: [perfLockRel] hdl:15895, idx:2
