03-01 14:14:03.744   959  1040 I libPowerHal: [PD] vendor.samsung. update cmd:1000000, param:-1
03-01 14:14:03.744   959  1040 I libPowerHal: [PD] vendor.samsung. update cmd:1000000 param:-1
03-01 14:14:03.744   956  1008 I mtkpower_client: ret_hdl:15898
03-01 14:14:03.745   959  1040 I libPowerHal: [perfLockAcq] idx:0 hdl:15898 hint:-1 pid:956 duration:0 lock_user:vendor.samsung. => ret_hdl:15898
03-01 14:14:03.745  5120  5120 D LifecycleMonitor: Lifecycle status change: com.example.dogglers.GridListActivity@e9b2c4c in: STOPPED
03-01 14:14:03.745   959  1040 I libPowerHal: [PE] vendor.samsung. update cmd:1000000, param:0
03-01 14:14:03.745   959  1040 I libPowerHal: [PE] vendor.samsung. update cmd:1000000 param:0
03-01 14:14:03.745  5120  5120 V ActivityScenario: Update currentActivityStage to STOPPED, currentActivity=com.example.dogglers.GridListActivity@e9b2c4c
03-01 14:14:03.749  3875  2121 I RecentModel: onTaskStackChangedBackground
03-01 14:14:03.750  5120  5120 D LifecycleMonitor: Lifecycle status change: com.example.dogglers.GridListActivity@e9b2c4c in: DESTROYED
03-01 14:14:03.750  5120  5120 V ActivityScenario: Update currentActivityStage to DESTROYED, currentActivity=null
03-01 14:14:03.753  1017  1017 D SurfaceFlinger: Display 9223372036909292376 HWC layers:
03-01 14:14:03.753  1017  1017 D SurfaceFlinger:      CLIENT | 0xb4000074cdc7b080 | 0102 | RGBA_8888    |    0.0    0.0 1080.0 2400.0 |    0    0  576 1280 | com.example.dogglers/androidx.test.c[...]ctivityInvoker$EmptyActivity$_5120#0
03-01 14:14:03.753  1017  1017 D SurfaceFlinger:      CLIENT | 0xb4000074cdc7b500 | 0100 | RGBA_8888    |    0.0    0.0 1080.0   79.0 |    0    0  576   42 | StatusBar$_3224#0
03-01 14:14:03.753  1017  1017 D SurfaceFlinger:      CLIENT | 0xb4000074cdc7b200 | 0100 | RGBA_8888    |    0.0    0.0   67.0  342.0 |  540  244  576  427 | com.samsung.android.app.cocktailbars[...]arservice.CocktailBarService$_8173#0
03-01 14:14:03.753  1017  1017 D SurfaceFlinger:      CLIENT | 0xb4000074cf822980 | 0100 | RGBA_8888    |    0.0    0.0 1080.0  126.0 |    0 1213  576 1280 | NavigationBar0$_3224#0
03-01 14:14:03.753  1017  1017 D SurfaceFlinger:
03-01 14:14:03.754  5120  5154 D OpenGLRenderer: setSurface called with nullptr
03-01 14:14:03.754  5120  5154 D OpenGLRenderer: setSurface() destroyed EGLSurface
03-01 14:14:03.754  5120  5154 D OpenGLRenderer: destroyEglSurface
03-01 14:14:03.754  1017  1017 D SurfaceFlinger: Display 0 HWC layers:
03-01 14:14:03.754  1017  1017 D SurfaceFlinger:      DEVICE | 0xb4000074cdc7b080 | 0102 | RGBA_8888    |    0.0    0.0 1080.0 2400.0 |    0    0 1080 2400 | com.example.dogglers/androidx.test.c[...]ctivityInvoker$EmptyActivity$_5120#0
03-01 14:14:03.754  1017  1017 D SurfaceFlinger:      DEVICE | 0xb4000074cdc7b500 | 0100 | RGBA_8888    |    0.0    0.0 1080.0   79.0 |    0    0 1080   79 | StatusBar$_3224#0
03-01 14:14:03.754  1017  1017 D SurfaceFlinger:      DEVICE | 0xb4000074cdc7b200 | 0100 | RGBA_8888    |    0.0    0.0   67.0  342.0 | 1013  458 1080  800 | com.samsung.android.app.cocktailbars[...]arservice.CocktailBarService$_8173#0
03-01 14:14:03.754  1017  1017 D SurfaceFlinger:      DEVICE | 0xb4000074cf822980 | 0100 | RGBA_8888    |    0.0    0.0 1080.0  126.0 |    0 2274 1080 2400 | NavigationBar0$_3224#0
03-01 14:14:03.754  1017  1017 D SurfaceFlinger:      DEVICE | 0xb4000074cf823a00 | 0140 | RGBA_8888    |    0.0    0.0 1080.0  181.0 |    0    0 1080  181 | ScreenDecorOverlay$_3224#0
03-01 14:14:03.754  1017  1017 D SurfaceFlinger:      DEVICE | 0xb4000074cf822500 | 0140 | RGBA_8888    |    0.0    0.0 1080.0  181.0 |    0 2219 1080 2400 | ScreenDecorOverlayBottom$_3224#0
03-01 14:14:03.754  1017  1017 D SurfaceFlinger:      CLIENT | 0xb4000074aa809600 | 0148 | RGBA_8888    |    0.0    0.0 1080.0 2400.0 |
03-01 14:14:03.754  1017  1017 D SurfaceFlinger: 0    0 1080 2400 | com.samsung.android.galaxycontinuity[...]martview.BlackScreenViewImpl$_5703#0
03-01 14:14:03.754  1017  1017 D SurfaceFlinger:      CLIENT | 0xb4000074cf822200 | 0148 | RGBA_8888    |    0.0    0.0    1.0    1.0 |  539 1199  540 1200 | com.samsung.android.galaxycontinuity[...]eholder.WakeLockScreenLayout$_5703#0
03-01 14:14:03.754  1017  1017 D SurfaceFlinger:
03-01 14:14:03.755  5120  5154 I BufferQueueProducer: [ViewRootImpl@5292b9[GridListActivity]#18(BLAST Consumer)18](id:140000000012,api:1,p:5120,c:5120) disconnect: api 1
03-01 14:14:03.756  5120  5120 I ViewRootImpl@5292b9[GridListActivity]: dispatchDetachedFromWindow
03-01 14:14:03.757  1485  3054 D InputTransport: Input channel destroyed: '733001e', fd=323
03-01 14:14:03.757  1485  3054 W InputManager-JNI: Input channel object '733001e com.example.dogglers/com.example.dogglers.GridListActivity (client)' was disposed without first being removed with the input manager!
03-01 14:14:03.757  1485  3054 D InputTransport: Input channel destroyed: '733001e', fd=748
03-01 14:14:03.758  1017  1828 I SurfaceFlinger: id=9074 createSurf (0x0),-1 flag=24004, Surface(name=67b73e4 InputMethod)/@0xe7dc702 - animation-leash of insets_animation#1
03-01 14:14:03.762  5120  5120 D InputTransport: Input channel destroyed: '733001e', fd=99
03-01 14:14:03.764  5120  5396 I BLASTBufferQueue: [ViewRootImpl@5292b9[GridListActivity]#18] destructor()
03-01 14:14:03.764  5120  5396 I BufferQueueConsumer: [ViewRootImpl@5292b9[GridListActivity]#18(BLAST Consumer)18](id:140000000012,api:0,p:-1,c:5120) disconnect
03-01 14:14:03.766  1017  1055 I SurfaceFlinger: id=9059 Removed 8ffd088 ActivityRecordInputSink com.example.dogglers/.GridListActivity#0 (145)
03-01 14:14:03.770  1017  1017 I Layer   : id=9061 removedFromDrawingState com.example.dogglers/com.example.dogglers.GridListActivity$_5120#0 (145)
03-01 14:14:03.770  1017  1017 I Layer   : id=9060 removedFromDrawingState 733001e com.example.dogglers/com.example.dogglers.GridListActivity#0 (145)
03-01 14:14:03.770  1017  1017 I Layer   : id=9066 removedFromDrawingState Surface(name=67b73e4 InputMethod)/@0xe7dc702 - animation-leash of insets_animation#0 (145)
03-01 14:14:03.770  1017  1017 I SurfaceFlinger: id=9060 Removed 733001e com.example.dogglers/com.example.dogglers.GridListActivity#0 (145)
03-01 14:14:03.770  1017  1017 I SurfaceFlinger: id=9066 Removed Surface(name=67b73e4 InputMethod)/@0xe7dc702 - animation-leash of insets_animation#0 (145)
03-01 14:14:03.770  1017  1017 I SurfaceFlinger: id=9061 Removed com.example.dogglers/com.example.dogglers.GridListActivity$_5120#0 (145)
03-01 14:14:03.771  1017  1017 I Layer   : id=9060 Destroyed 733001e com.example.dogglers/com.example.dogglers.GridListActivity#0
03-01 14:14:03.771  1017  1017 I BufferQueueDebug: [com.example.dogglers/com.example.dogglers.GridListActivity$_5120#0](this:0xb4000074a83f0948,id:-1,api:0,p:-1,c:1017) onDestructor()
03-01 14:14:03.771  1017  1017 I Layer   : id=9061 Destroyed com.example.dogglers/com.example.dogglers.GridListActivity$_5120#0
03-01 14:14:03.771  1017  1017 I Layer   : id=9066 Destroyed Surface(name=67b73e4 InputMethod)/@0xe7dc702 - animation-leash of insets_animation#0
03-01 14:14:03.772  5120  5120 D LifecycleMonitor: Lifecycle status change: androidx.test.core.app.InstrumentationActivityInvoker$EmptyActivity@50a51e8 in: PAUSED
03-01 14:14:03.773  5120  5120 V ActivityScenario: Activity lifecycle changed event received but ignored because the intent does not match. startActivityIntent=Intent { act=android.intent.action.MAIN cat=[android.intent.category.LAUNCHER] cmp=com.example.dogglers/.GridListActivity }, activity.getIntent()=Intent { act=android.intent.action.MAIN cat=[android.intent.category.LAUNCHER] flg=0x10000000 cmp=com.example.dogglers/androidx.test.core.app.InstrumentationActivityInvoker$EmptyActivity }, activity=androidx.test.core.app.InstrumentationActivityInvoker$EmptyActivity@50a51e8
03-01 14:14:03.778   944 15431 D MDP     : DpAsyncBlit: in: job (123549 138) (576, 1280, 2304, 0, C2s, P0), sec0, flush 1 Buffer 60825: plane=1 bufVA={0xad,0x0,0x0} bufMVA={0x0,0x0,0x0} bufSize={0x2d0000,0x0,0x0} proxy={0xb400007afb215280,0x0,0x0}fence=-1
03-01 14:14:03.778   944 15431 D MDP     : DpAsyncBlit: out0: (576, 1280, 2304, 0, C2s, P0), misc: (X:0, Y:0, R:0, F:0, S:0, A:0, D:0), sec0, flush 0 Buffer 60825: plane=1 bufVA={0x97,0x0,0x0} bufMVA={0x0,0x0,0x0} bufSize={0x2d0000,0x0,0x0} proxy={0xb400007afb215180,0x0,0x0}fence=-1
03-01 14:14:03.778   944 15431 D MDP     : DpAsyncBlit: crop0: (0, 0, 576, 1280, 0, 0, 0, 0)
03-01 14:14:03.779  1485  3054 D InputDispatcher: Focused application set to (0): c888f5c
03-01 14:14:03.784  5120  5120 I ViewRootImpl@30352e1[InstrumentationActivityInvoker$EmptyActivity]: MSG_WINDOW_FOCUS_CHANGED 1 1
03-01 14:14:03.786  5120  5120 D InputMethodManager: startInputInner - Id : 0
03-01 14:14:03.786  5120  5120 I InputMethodManager: startInputInner - mService.startInputOrWindowGainedFocus
03-01 14:14:03.786  1017  1017 I Layer   : id=9058 removedFromDrawingState ActivityRecord{7a56a21 u0 com.example.dogglers/.GridListActivity t3988}#0 (142)
03-01 14:14:03.786  1017  1017 I Layer   : id=9059 removedFromDrawingState 8ffd088 ActivityRecordInputSink com.example.dogglers/.GridListActivity#0 (142)
03-01 14:14:03.786  1017  1017 I SurfaceFlinger: id=9058 Removed ActivityRecord{7a56a21 u0 com.example.dogglers/.GridListActivity t3988}#0 (142)
03-01 14:14:03.787  1017  1017 I Layer   : id=9058 Destroyed ActivityRecord{7a56a21 u0 com.example.dogglers/.GridListActivity t3988}#0
03-01 14:14:03.787  1017  1017 I Layer   : id=9059 Destroyed 8ffd088 ActivityRecordInputSink com.example.dogglers/.GridListActivity#0
03-01 14:14:03.788  1485  3054 D InputMethodManagerServicePhysicalKey: isConnectedDexOnPC false
03-01 14:14:03.788  1485  3054 D InputMethodManagerService: isImeSwitcherDisabledPackage : false
03-01 14:14:03.791  1485  4333 I MediaSessionMonitor: Media session stopped : controllerList empty
03-01 14:14:03.791  8173  8173 I Utils   : HomePackage : com.sec.android.app.launcher, resumePackageName : com.example.dogglers
03-01 14:14:03.793  5120  5120 D LifecycleMonitor: Lifecycle status change: androidx.test.core.app.InstrumentationActivityInvoker$BootstrapActivity@20f3ab4 in: DESTROYED
03-01 14:14:03.793  5120  5120 V ActivityScenario: Activity lifecycle changed event received but ignored because the intent does not match. startActivityIntent=Intent { act=android.intent.action.MAIN cat=[android.intent.category.LAUNCHER] cmp=com.example.dogglers/.GridListActivity }, activity.getIntent()=Intent { act=android.intent.action.MAIN cat=[android.intent.category.LAUNCHER] flg=0x10008000 cmp=com.example.dogglers/androidx.test.core.app.InstrumentationActivityInvoker$BootstrapActivity (has extras) }, activity=androidx.test.core.app.InstrumentationActivityInvoker$BootstrapActivity@20f3ab4
03-01 14:14:03.793   944 15431 D MDP     : DpAsyncBlit: in: job (123551 133) (576, 1280, 2304, 0, C2s, P0), sec0, flush 0 Buffer 60826: plane=1 bufVA={0xa5,0x0,0x0} bufMVA={0x0,0x0,0x0} bufSize={0x2d0000,0x0,0x0} proxy={0xb400007afb215040,0x0,0x0}fence=-1
03-01 14:14:03.793   944 15431 D MDP     : DpAsyncBlit: out0: (576, 1280, 2304, 0, C2s, P0), misc: (X:0, Y:0, R:0, F:0, S:0, A:0, D:0), sec0, flush 0 Buffer 60826: plane=1 bufVA={0x92,0x0,0x0} bufMVA={0x0,0x0,0x0} bufSize={0x2d0000,0x0,0x0} proxy={0xb400007afb215300,0x0,0x0}fence=-1
03-01 14:14:03.793   944 15431 D MDP     : DpAsyncBlit: crop0: (0, 0, 576, 1280, 0, 0, 0, 0)
03-01 14:14:03.795  1017  1056 I SurfaceFlinger: id=9057 Removed 9fc444b ActivityRecordInputSink com.example.dogglers/androidx.test.core.app.InstrumentationActivityInvoker$BootstrapActivity#0 (140)
03-01 14:14:03.802  5120  5120 D LifecycleMonitor: Lifecycle status change: androidx.test.core.app.InstrumentationActivityInvoker$EmptyActivity@fa7d19 in: PRE_ON_CREATE
03-01 14:14:03.802  5120  5120 V ActivityScenario: Activity lifecycle changed event received but ignored because the intent does not match. startActivityIntent=Intent { act=android.intent.action.MAIN cat=[android.intent.category.LAUNCHER] cmp=com.example.dogglers/.GridListActivity }, activity.getIntent()=Intent { act=android.intent.action.MAIN cat=[android.intent.category.LAUNCHER] flg=0x10000000 cmp=com.example.dogglers/androidx.test.core.app.InstrumentationActivityInvoker$EmptyActivity }, activity=androidx.test.core.app.InstrumentationActivityInvoker$EmptyActivity@fa7d19
03-01 14:14:03.803  1017  1017 I Layer   : id=9050 removedFromDrawingState ActivityRecord{a3a1e28 u0 com.example.dogglers/androidx.test.core.app.InstrumentationActivityInvoker$BootstrapActivity t3988}#0 (140)
03-01 14:14:03.803  1017  1017 I Layer   : id=9057 removedFromDrawingState 9fc444b ActivityRecordInputSink com.example.dogglers/androidx.test.core.app.InstrumentationActivityInvoker$BootstrapActivity#0 (140)
03-01 14:14:03.803  1017  1017 I SurfaceFlinger: id=9050 Removed ActivityRecord{a3a1e28 u0 com.example.dogglers/androidx.test.core.app.InstrumentationActivityInvoker$BootstrapActivity t3988}#0 (140)
03-01 14:14:03.803  1017  1017 I Layer   : id=9050 Destroyed ActivityRecord{a3a1e28 u0 com.example.dogglers/androidx.test.core.app.InstrumentationActivityInvoker$BootstrapActivity t3988}#0
03-01 14:14:03.804  1017  1017 I Layer   : id=9057 Destroyed 9fc444b ActivityRecordInputSink com.example.dogglers/androidx.test.core.app.InstrumentationActivityInvoker$BootstrapActivity#0
03-01 14:14:03.805  1485  3345 D InputDispatcher: Focus left window (0): cdeb5fb com.example.dogglers/androidx.test.core.app.InstrumentationActivityInvoker$EmptyActivity
03-01 14:14:03.808  5120  5120 I DecorView: [INFO] isPopOver=false, config=true
03-01 14:14:03.808  5120  5120 I DecorView: updateCaptionType >> DecorView@5ac6fbf[], isFloating=false, isApplication=true, hasWindowControllerCallback=true, hasWindowDecorCaption=false
03-01 14:14:03.808  5120  5120 D DecorView: setCaptionType = 0, this = DecorView@5ac6fbf[]
03-01 14:14:03.811  5120  5120 I DecorView: getCurrentDensityDpi: from real metrics. densityDpi=420 msg=resources_loaded
03-01 14:14:03.812  5120  5120 D LifecycleMonitor: Lifecycle status change: androidx.test.core.app.InstrumentationActivityInvoker$EmptyActivity@fa7d19 in: CREATED
03-01 14:14:03.813  5120  5120 V ActivityScenario: Activity lifecycle changed event received but ignored because the intent does not match. startActivityIntent=Intent { act=android.intent.action.MAIN cat=[android.intent.category.LAUNCHER] cmp=com.example.dogglers/.GridListActivity }, activity.getIntent()=Intent { act=android.intent.action.MAIN cat=[android.intent.category.LAUNCHER] flg=0x10000000 cmp=com.example.dogglers/androidx.test.core.app.InstrumentationActivityInvoker$EmptyActivity }, activity=androidx.test.core.app.InstrumentationActivityInvoker$EmptyActivity@fa7d19
03-01 14:14:03.814  5120  5120 D LifecycleMonitor: Lifecycle status change: androidx.test.core.app.InstrumentationActivityInvoker$EmptyActivity@fa7d19 in: STARTED
03-01 14:14:03.814  5120  5120 V ActivityScenario: Activity lifecycle changed event received but ignored because the intent does not match. startActivityIntent=Intent { act=android.intent.action.MAIN cat=[android.intent.category.LAUNCHER] cmp=com.example.dogglers/.GridListActivity }, activity.getIntent()=Intent { act=android.intent.action.MAIN cat=[android.intent.category.LAUNCHER] flg=0x10000000 cmp=com.example.dogglers/androidx.test.core.app.InstrumentationActivityInvoker$EmptyActivity }, activity=androidx.test.core.app.InstrumentationActivityInvoker$EmptyActivity@fa7d19
03-01 14:14:03.816  5120  5120 D LifecycleMonitor: Lifecycle status change: androidx.test.core.app.InstrumentationActivityInvoker$EmptyActivity@fa7d19 in: RESUMED
03-01 14:14:03.817  5120  5120 V ActivityScenario: Activity lifecycle changed event received but ignored because the intent does not match. startActivityIntent=Intent { act=android.intent.action.MAIN cat=[android.intent.category.LAUNCHER] cmp=com.example.dogglers/.GridListActivity }, activity.getIntent()=Intent { act=android.intent.action.MAIN cat=[android.intent.category.LAUNCHER] flg=0x10000000 cmp=com.example.dogglers/androidx.test.core.app.InstrumentationActivityInvoker$EmptyActivity }, activity=androidx.test.core.app.InstrumentationActivityInvoker$EmptyActivity@fa7d19
03-01 14:14:03.818  1017  1056 I SurfaceFlinger: [SF client] NEW(0xb4000074aa7cc480) for (5120:com.example.dogglers)
03-01 14:14:03.822  1485  3345 D InputTransport: Input channel constructed: 'ca2f792', fd=323
03-01 14:14:03.822  1485  3345 D InputTransport: Input channel constructed: 'ca2f792', fd=748
03-01 14:14:03.822  1485  3345 D InputTransport: Input channel constructed: 'ca2f792', fd=755
03-01 14:14:03.822  1017  1056 I SurfaceFlinger: id=9075 createSurf (0x0),-1 flag=80004, ca2f792 com.example.dogglers/androidx.test.core.app.InstrumentationActivityInvoker$EmptyActivity#0
03-01 14:14:03.823  1485  3345 D InputTransport: Input channel destroyed: 'ca2f792', fd=755
03-01 14:14:03.825  5120  5120 I ViewRootImpl@131f68c[InstrumentationActivityInvoker$EmptyActivity]: setView = com.android.internal.policy.DecorView@5ac6fbf TM=true
03-01 14:14:03.840  1485  3345 V WindowManager: Relayout Window{ca2f792 u0 com.example.dogglers/androidx.test.core.app.InstrumentationActivityInvoker$EmptyActivity}: viewVisibility=0 req=1080x2400 d0
03-01 14:14:03.841  1017  1056 E BufferQueueDebug: [com.example.dogglers/androidx.test.core.app.InstrumentationActivityInvoker$EmptyActivity$_5120#1](this:0xb4000074aa8fa948,id:-1,api:0,p:-1,c:-1) id info cannot be read from 'com.example.dogglers/androidx.test.core.app.InstrumentationActivityInvoker$EmptyActivity$_5120#1'
03-01 14:14:03.841  1017  1056 I BufferQueueDebug: [com.example.dogglers/androidx.test.core.app.InstrumentationActivityInvoker$EmptyActivity$_5120#1](this:0xb4000074aa8fa948,id:-1,api:0,p:-1,c:-1) BufferQueue core=(1017:/system/bin/surfaceflinger)
03-01 14:14:03.841  1017  1056 I SurfaceFlinger: id=9076 createSurf (1x1),-3 flag=40004, com.example.dogglers/androidx.test.core.app.InstrumentationActivityInvoker$EmptyActivity$_5120#1
03-01 14:14:03.847  1017  1056 I SurfaceFlinger: id=9077 createSurf (0x0),-1 flag=24000, Surface(name=11b0562 StatusBar)/@0xa45631f - animation-leash of insets_animation#0
03-01 14:14:03.848  1017  1056 I SurfaceFlinger: id=9078 createSurf (0x0),-1 flag=24000, Surface(name=16df26b NavigationBar0)/@0xf199c0c - animation-leash of insets_animation#0
03-01 14:14:03.850  1485  3345 V WindowManager: Relayout hash=ca2f792, pid=5120: mAttrs={(0,0)(fillxfill) sim={adjust=pan forwardNavigation} ty=BASE_APPLICATION wanim=0x1030001
03-01 14:14:03.850  1485  3345 V WindowManager:   fl=1810100
03-01 14:14:03.850  1485  3345 V WindowManager:   pfl=12020040
03-01 14:14:03.850  1485  3345 V WindowManager:   apr=LIGHT_NAVIGATION_BARS
03-01 14:14:03.850  1485  3345 V WindowManager:   bhv=DEFAULT
03-01 14:14:03.850  1485  3345 V WindowManager:   fitSides= naviIconColor=0
03-01 14:14:03.850  1485  3345 V WindowManager:   sfl=100000}
03-01 14:14:03.851  5120  5120 I BufferQueueConsumer: [](id:140000000014,api:0,p:-1,c:5120) connect: controlledByApp=false
03-01 14:14:03.852  5120  5120 I BLASTBufferQueue: [ViewRootImpl@131f68c[InstrumentationActivityInvoker$EmptyActivity]#20] constructor()
03-01 14:14:03.853  5120  5120 I ViewRootImpl@131f68c[InstrumentationActivityInvoker$EmptyActivity]: Relayout returned: old=(0,0,1080,2400) new=(0,0,1080,2400) req=(1080,2400)0 dur=11 res=0x7 s={true -5476376626618949632} ch=true fn=-1
03-01 14:14:03.854  5120  5154 I BufferQueueProducer: [ViewRootImpl@131f68c[InstrumentationActivityInvoker$EmptyActivity]#20(BLAST Consumer)20](id:140000000014,api:1,p:5120,c:5120) connect: api=1 producerControlledByApp=true
03-01 14:14:03.854  5120  5154 D OpenGLRenderer: eglCreateWindowSurface
03-01 14:14:03.857  5120  5120 I ViewRootImpl@131f68c[InstrumentationActivityInvoker$EmptyActivity]: [DP] dp(1) 1 android.view.ViewRootImpl.reportNextDraw:11420 android.view.ViewRootImpl.performTraversals:4193 android.view.ViewRootImpl.doTraversal:2919
03-01 14:14:03.858  5120  5120 D ViewRootImpl@131f68c[InstrumentationActivityInvoker$EmptyActivity]: Creating frameDrawingCallback nextDrawUseBlastSync=false reportNextDraw=true hasBlurUpdates=false
03-01 14:14:03.858  5120  5120 D ViewRootImpl@131f68c[InstrumentationActivityInvoker$EmptyActivity]: Creating frameCompleteCallback
03-01 14:14:03.861  5120  5193 D ViewRootImpl@131f68c[InstrumentationActivityInvoker$EmptyActivity]: Received frameDrawingCallback frameNum=1. Creating transactionCompleteCallback=false
03-01 14:14:03.866  5120  5154 D ViewRootImpl@131f68c[InstrumentationActivityInvoker$EmptyActivity]: Received frameCompleteCallback  lastAcquiredFrameNum=1 lastAttemptedDrawFrameNum=1
03-01 14:14:03.867  5120  5120 I ViewRootImpl@131f68c[InstrumentationActivityInvoker$EmptyActivity]: [DP] pdf(0) 1 android.view.ViewRootImpl.lambda$addFrameCompleteCallbackIfNeeded$3$ViewRootImpl:4995 android.view.ViewRootImpl$$ExternalSyntheticLambda16.run:6 android.os.Handler.handleCallback:938
03-01 14:14:03.867  5120  5120 I ViewRootImpl@131f68c[InstrumentationActivityInvoker$EmptyActivity]: [DP] rdf()
03-01 14:14:03.867  5120  5120 D ViewRootImpl@131f68c[InstrumentationActivityInvoker$EmptyActivity]: reportDrawFinished (fn: -1)
03-01 14:14:03.868  5120  5120 I ViewRootImpl@30352e1[InstrumentationActivityInvoker$EmptyActivity]: MSG_WINDOW_FOCUS_CHANGED 0 1
03-01 14:14:03.868  1485  4967 D MotionRecognitionService: values = 100.0
03-01 14:14:03.868  1485  4967 D MotionRecognitionService: onReceive lux: 100.0  action:
03-01 14:14:03.868  1485  4967 D MotionRecognitionService: Inject brightness form Cam 100.0
03-01 14:14:03.868  1485  4967 D MotionRecognitionService: Inject calibrated lux
03-01 14:14:03.868   953   953 I SensorsHub: AutoBrightnessSensor::injectSensorData: camLux 100
03-01 14:14:03.870  1017  1017 I Layer   : id=9070 removedFromDrawingState Surface(name=11b0562 StatusBar)/@0xa45631f - animation-leash of insets_animation#1 (142)
03-01 14:14:03.870  1017  1017 I Layer   : id=9071 removedFromDrawingState Surface(name=16df26b NavigationBar0)/@0xf199c0c - animation-leash of insets_animation#1 (142)
03-01 14:14:03.872  1485  1523 I ActivityTaskManager: Displayed com.example.dogglers/androidx.test.core.app.InstrumentationActivityInvoker$EmptyActivity: +136ms
03-01 14:14:03.872  1485  1527 I SemDvfsHyPerManager: acquire hyper - AMS_RESUME_TAIL/1485@17, type = -999
03-01 14:14:03.872  1485  1527 I SemDvfsHyPerManager: acquire hyper - AMS_ACT_LAZY/1485@18, type = -999
03-01 14:14:03.872  3993  3993 E pageboostd: Received HALT command code 2
03-01 14:14:03.873   956  1008 I HYPER-HAL: [RequestManager.cpp]acquire(): Acquired ID : 1128770  [1485 / 17]    HINT : AMS_RESUME_TAIL    list :
03-01 14:14:03.873  1485  3054 D InputDispatcher: Focus request (0): ca2f792 com.example.dogglers/androidx.test.core.app.InstrumentationActivityInvoker$EmptyActivity but waiting because NOT_VISIBLE
03-01 14:14:03.873   956  1008 I mtkpower_client: perf_lock_rel, hdl:15896, tid:1008
03-01 14:14:03.873   956  1008 I mtkpower_client: perf_lock_acq, hdl:0, dur:0, num:2, tid:1008
03-01 14:14:03.873   959  1040 I libPowerHal: [perfLockRel] hdl:15896, idx:3
03-01 14:14:03.873   959  1040 I libPowerHal: vendor.samsung.: cpu_ctrl set cpu freq: -1 -1 -1 -1
03-01 14:14:03.874   956  1008 I mtkpower_client: ret_hdl:15899
03-01 14:14:03.874   956  1008 I mtkpower_client: perf_lock_rel, hdl:15897, tid:1008
03-01 14:14:03.874   959  1040 I libPowerHal: [perfLockAcq] idx:2 hdl:15899 hint:-1 pid:956 duration:0 lock_user:vendor.samsung. => ret_hdl:15899
03-01 14:14:03.875   959  1040 I libPowerHal: vendor.samsung.: cpu_ctrl set cpu freq: 1700000 -1 -1 -1
03-01 14:14:03.875   956  1008 I mtkpower_client: perf_lock_acq, hdl:0, dur:0, num:2, tid:1008
03-01 14:14:03.875   959  1040 I libPowerHal: [perfLockRel] hdl:15897, idx:1
03-01 14:14:03.875   959  1040 I libPowerHal: [PD] vendor.samsung. update cmd:1c3c000, param:1
03-01 14:14:03.875   959  1040 I libPowerHal: [PD] (less) /proc/mcdi/state set +prefix:enable 1;
03-01 14:14:03.875  1017  1828 I SurfaceFlinger: id=9079 createSurf (0x0),-1 flag=80000, b6da9cf ActivityRecordInputSink com.example.dogglers/androidx.test.core.app.InstrumentationActivityInvoker$EmptyActivity#0
03-01 14:14:03.876   956  1008 I mtkpower_client: ret_hdl:15900
03-01 14:14:03.876   959  1040 I libPowerHal: [perfLockAcq] idx:1 hdl:15900 hint:-1 pid:956 duration:0 lock_user:vendor.samsung. => ret_hdl:15900
03-01 14:14:03.876   959  1040 I libPowerHal: [PE] (less) /proc/mcdi/state set +prefix:enable 0;
03-01 14:14:03.876   956  1008 I mtkpower_client: perf_lock_rel, hdl:15898, tid:1008
03-01 14:14:03.876   956  1008 I mtkpower_client: perf_lock_acq, hdl:0, dur:0, num:2, tid:1008
03-01 14:14:03.876   959  1040 I libPowerHal: [perfLockRel] hdl:15898, idx:0
03-01 14:14:03.876   959  1040 I libPowerHal: [PD] vendor.samsung. update cmd:1000000, param:-1
03-01 14:14:03.877   959  1040 I libPowerHal: [PD] vendor.samsung. update cmd:1000000 param:-1
03-01 14:14:03.877   956  1008 I mtkpower_client: ret_hdl:15901
03-01 14:14:03.877   959  1040 I libPowerHal: [perfLockAcq] idx:3 hdl:15901 hint:-1 pid:956 duration:0 lock_user:vendor.samsung. => ret_hdl:15901
03-01 14:14:03.877   959  1040 I libPowerHal: [PE] vendor.samsung. update cmd:1000000, param:0
03-01 14:14:03.877   959  1040 I libPowerHal: [PE] vendor.samsung. update cmd:1000000 param:0
03-01 14:14:03.877   956  1008 I HYPER-HAL: [RequestManager.cpp]releaseLocked(): Released ID : 1125765
03-01 14:14:03.879  5120  5120 D InsetsSourceConsumer: ensureControlAlpha: for ITYPE_NAVIGATION_BAR on com.example.dogglers/androidx.test.core.app.InstrumentationActivityInvoker$EmptyActivity
03-01 14:14:03.880  5120  5120 D InsetsSourceConsumer: ensureControlAlpha: for ITYPE_STATUS_BAR on com.example.dogglers/androidx.test.core.app.InstrumentationActivityInvoker$EmptyActivity
03-01 14:14:03.882  1017  1056 I SurfaceFlinger: id=9071 Removed Surface(name=16df26b NavigationBar0)/@0xf199c0c - animation-leash of insets_animation#1 (143)
03-01 14:14:03.882  5120  5120 I ViewRootImpl@30352e1[InstrumentationActivityInvoker$EmptyActivity]: handleAppVisibility mAppVisible=true visible=false
03-01 14:14:03.883  1017  1828 I SurfaceFlinger: id=9070 Removed Surface(name=11b0562 StatusBar)/@0xa45631f - animation-leash of insets_animation#1 (143)
03-01 14:14:03.883  3875  2121 I RecentModel: onTaskStackChangedBackground
03-01 14:14:03.883  5120  5120 I ViewRootImpl@30352e1[InstrumentationActivityInvoker$EmptyActivity]: stopped(true) old=false
03-01 14:14:03.884  5120  5120 D LifecycleMonitor: Lifecycle status change: androidx.test.core.app.InstrumentationActivityInvoker$EmptyActivity@50a51e8 in: STOPPED
03-01 14:14:03.884  5120  5120 V ActivityScenario: Activity lifecycle changed event received but ignored because the intent does not match. startActivityIntent=Intent { act=android.intent.action.MAIN cat=[android.intent.category.LAUNCHER] cmp=com.example.dogglers/.GridListActivity }, activity.getIntent()=Intent { act=android.intent.action.MAIN cat=[android.intent.category.LAUNCHER] flg=0x10000000 cmp=com.example.dogglers/androidx.test.core.app.InstrumentationActivityInvoker$EmptyActivity }, activity=androidx.test.core.app.InstrumentationActivityInvoker$EmptyActivity@50a51e8
03-01 14:14:03.887  1017  1017 I Layer   : id=9070 Destroyed Surface(name=11b0562 StatusBar)/@0xa45631f - animation-leash of insets_animation#1
03-01 14:14:03.887  1017  1017 I Layer   : id=9071 Destroyed Surface(name=16df26b NavigationBar0)/@0xf199c0c - animation-leash of insets_animation#1
03-01 14:14:03.888  1485  3054 D InputDispatcher: Focus entered window (0): ca2f792 com.example.dogglers/androidx.test.core.app.InstrumentationActivityInvoker$EmptyActivity
03-01 14:14:03.890  1485  3054 D InputDispatcher: Focused application set to (0): aad0de8
03-01 14:14:03.897  5120  5154 D OpenGLRenderer: setSurface called with nullptr
03-01 14:14:03.897  5120  5154 D OpenGLRenderer: setSurface() destroyed EGLSurface
03-01 14:14:03.897  5120  5154 D OpenGLRenderer: destroyEglSurface
03-01 14:14:03.898  5120  5154 I BufferQueueProducer: [ViewRootImpl@30352e1[InstrumentationActivityInvoker$EmptyActivity]#19(BLAST Consumer)19](id:140000000013,api:1,p:5120,c:5120) disconnect: api 1
03-01 14:14:03.899  5120  5154 I BLASTBufferQueue: [ViewRootImpl@30352e1[InstrumentationActivityInvoker$EmptyActivity]#19] destructor()
03-01 14:14:03.899  5120  5154 I BufferQueueConsumer: [ViewRootImpl@30352e1[InstrumentationActivityInvoker$EmptyActivity]#19(BLAST Consumer)19](id:140000000013,api:0,p:-1,c:5120) disconnect
03-01 14:14:03.901  1485  3054 V WindowManager: Relayout Window{cdeb5fb u0 com.example.dogglers/androidx.test.core.app.InstrumentationActivityInvoker$EmptyActivity}: viewVisibility=8 req=1080x2400 d0
03-01 14:14:03.904  1485  3054 V WindowManager: Relayout hash=cdeb5fb, pid=5120: mAttrs={(0,0)(fillxfill) sim={adjust=pan forwardNavigation} ty=BASE_APPLICATION wanim=0x1030001
03-01 14:14:03.904  1485  3054 V WindowManager:   fl=1810100
03-01 14:14:03.904  1485  3054 V WindowManager:   pfl=12020040
03-01 14:14:03.904  1485  3054 V WindowManager:   apr=LIGHT_NAVIGATION_BARS
03-01 14:14:03.904  1485  3054 V WindowManager:   bhv=DEFAULT
03-01 14:14:03.904  1485  3054 V WindowManager:   fitSides= naviIconColor=0
03-01 14:14:03.904  1485  3054 V WindowManager:   sfl=100000}
03-01 14:14:03.905  1017  1017 D SurfaceFlinger: Display 9223372036909292376 HWC layers:
03-01 14:14:03.905  1017  1017 D SurfaceFlinger:      CLIENT | 0xb4000074cdc7a900 | 0102 | RGBA_8888    |    0.0    0.0 1080.0 2400.0 |    0    0  576 1280 | com.example.dogglers/androidx.test.c[...]ctivityInvoker$EmptyActivity$_5120#1
03-01 14:14:03.905  1017  1017 D SurfaceFlinger:      CLIENT | 0xb4000074cdc7b500 | 0100 | RGBA_8888    |    0.0    0.0 1080.0   79.0 |    0    0  576   42 | StatusBar$_3224#0
03-01 14:14:03.905  1017  1017 D SurfaceFlinger:      CLIENT | 0xb4000074cdc7b200 | 0100 | RGBA_8888    |    0.0    0.0   67.0  342.0 |  540  244  576  427 | com.samsung.android.app.cocktailbars[...]arservice.CocktailBarService$_8173#0
03-01 14:14:03.905  1017  1017 D SurfaceFlinger:      CLIENT | 0xb4000074cf822980 | 0100 | RGBA_8888    |    0.0    0.0 1080.0  126.0 |    0 1213  576 1280 | NavigationBar0$_3224#0
03-01 14:14:03.905  1017  1017 D SurfaceFlinger:
03-01 14:14:03.906  1017  1017 D SurfaceFlinger: Display 0 HWC layers:
03-01 14:14:03.906  1017  1017 D SurfaceFlinger:      DEVICE | 0xb4000074cdc7a900 | 0102 | RGBA_8888    |    0.0    0.0 1080.0 2400.0 |    0    0 1080 2400 | com.example.dogglers/androidx.test.c[...]ctivityInvoker$EmptyActivity$_5120#1
03-01 14:14:03.906  1017  1017 D SurfaceFlinger:      DEVICE | 0xb4000074cdc7b500 | 0100 | RGBA_8888    |    0.0    0.0 1080.0   79.0 |    0    0 1080   79 | StatusBar$_3224#0
03-01 14:14:03.906  1017  1017 D SurfaceFlinger:      DEVICE | 0xb4000074cdc7b200 | 0100 | RGBA_8888    |    0.0    0.0   67.0  342.0 | 1013  458 1080  800 | com.samsung.android.app.cocktailbars[...]arservice.CocktailBarService$_8173#0
03-01 14:14:03.906  1017  1017 D SurfaceFlinger:      DEVICE | 0xb4000074cf822980 | 0100 | RGBA_8888    |    0.0    0.0 1080.0  126.0 |    0 2274 1080 2400 | NavigationBar0$_3224#0
03-01 14:14:03.906  1017  1017 D SurfaceFlinger:      DEVICE | 0xb4000074cf823a00 | 0140 | RGBA_8888    |    0.0    0.0 1080.0  181.0 |    0    0 1080  181 | ScreenDecorOverlay$_3224#0
03-01 14:14:03.906  1017  1017 D SurfaceFlinger:      DEVICE | 0xb4000074cf822500 | 0140 | RGBA_8888    |    0.0    0.0 1080.0  181.0 |    0 2219 1080 2400 | ScreenDecorOverlayBottom$_3224#0
03-01 14:14:03.906  1017  1017 D SurfaceFlinger:      CLIENT | 0xb4000074aa809600 | 0148 | RGBA_8888    |    0.0    0.0 1080.0 2400.0 |
03-01 14:14:03.906  1017  1017 D SurfaceFlinger: 0    0 1080 2400 | com.samsung.android.galaxycontinuity[...]martview.BlackScreenViewImpl$_5703#0
03-01 14:14:03.906  1017  1017 D SurfaceFlinger:      CLIENT | 0xb4000074cf822200 | 0148 | RGBA_8888    |    0.0    0.0    1.0    1.0 |  539 1199  540 1200 | com.samsung.android.galaxycontinuity[...]eholder.WakeLockScreenLayout$_5703#0
03-01 14:14:03.906  1017  1017 D SurfaceFlinger:
03-01 14:14:03.906  5120  5120 I ViewRootImpl@30352e1[InstrumentationActivityInvoker$EmptyActivity]: Relayout returned: old=(0,0,1080,2400) new=(0,0,1080,2400) req=(1080,2400)8 dur=5 res=0x5 s={false 0} ch=false fn=-1
03-01 14:14:03.908  1485  3345 D InputDispatcher: Focus left window (0): ca2f792 com.example.dogglers/androidx.test.core.app.InstrumentationActivityInvoker$EmptyActivity
03-01 14:14:03.912  5120  5120 D LifecycleMonitor: Lifecycle status change: androidx.test.core.app.InstrumentationActivityInvoker$EmptyActivity@50a51e8 in: DESTROYED
03-01 14:14:03.912   944 15431 D MDP     : DpAsyncBlit: in: job (123563 133) (576, 1280, 2304, 0, C2s, P0), sec0, flush 1 Buffer 60832: plane=1 bufVA={0xa9,0x0,0x0} bufMVA={0x0,0x0,0x0} bufSize={0x2d0000,0x0,0x0} proxy={0xb400007afb215040,0x0,0x0}fence=-1
03-01 14:14:03.913   944 15431 D MDP     : DpAsyncBlit: out0: (576, 1280, 2304, 0, C2s, P0), misc: (X:0, Y:0, R:0, F:0, S:0, A:0, D:0), sec0, flush 0 Buffer 60832: plane=1 bufVA={0x8c,0x0,0x0} bufMVA={0x0,0x0,0x0} bufSize={0x2d0000,0x0,0x0} proxy={0xb400007afb215300,0x0,0x0}fence=-1
03-01 14:14:03.913   944 15431 D MDP     : DpAsyncBlit: crop0: (0, 0, 576, 1280, 0, 0, 0, 0)
03-01 14:14:03.913  5120  5120 V ActivityScenario: Activity lifecycle changed event received but ignored because the intent does not match. startActivityIntent=Intent { act=android.intent.action.MAIN cat=[android.intent.category.LAUNCHER] cmp=com.example.dogglers/.GridListActivity }, activity.getIntent()=Intent { act=android.intent.action.MAIN cat=[android.intent.category.LAUNCHER] flg=0x10000000 cmp=com.example.dogglers/androidx.test.core.app.InstrumentationActivityInvoker$EmptyActivity }, activity=androidx.test.core.app.InstrumentationActivityInvoker$EmptyActivity@50a51e8
03-01 14:14:03.916  5120  5154 D OpenGLRenderer: setSurface called with nullptr
03-01 14:14:03.917  5120  5120 I ViewRootImpl@30352e1[InstrumentationActivityInvoker$EmptyActivity]: dispatchDetachedFromWindow
03-01 14:14:03.917  1485  3054 D InputTransport: Input channel destroyed: 'cdeb5fb', fd=718
03-01 14:14:03.918  1485  3054 W InputManager-JNI: Input channel object 'cdeb5fb com.example.dogglers/androidx.test.core.app.InstrumentationActivityInvoker$EmptyActivity (client)' was disposed without first being removed with the input manager!
03-01 14:14:03.918  1485  3054 D InputTransport: Input channel destroyed: 'cdeb5fb', fd=747
03-01 14:14:03.920  1017  1017 I Layer   : id=9069 removedFromDrawingState com.example.dogglers/androidx.test.core.app.InstrumentationActivityInvoker$EmptyActivity$_5120#0 (141)
03-01 14:14:03.920  1017  1017 I SurfaceFlinger: id=9069 Removed com.example.dogglers/androidx.test.core.app.InstrumentationActivityInvoker$EmptyActivity$_5120#0 (141)
03-01 14:14:03.921  5120  5120 D InputTransport: Input channel destroyed: 'cdeb5fb', fd=126
03-01 14:14:03.921  1017  1017 I BufferQueueDebug: [com.example.dogglers/androidx.test.core.app.InstrumentationActivityInvoker$EmptyActivity$_5120#0](this:0xb4000074a84c9948,id:-1,api:0,p:-1,c:1017) onDestructor()
03-01 14:14:03.921  1017  1017 I Layer   : id=9069 Destroyed com.example.dogglers/androidx.test.core.app.InstrumentationActivityInvoker$EmptyActivity$_5120#0
03-01 14:14:03.922  1017  1056 I SurfaceFlinger: id=9072 Removed e05f83d ActivityRecordInputSink com.example.dogglers/androidx.test.core.app.InstrumentationActivityInvoker$EmptyActivity#0 (140)
03-01 14:14:03.924  5120  5120 D LifecycleMonitor: Lifecycle status change: androidx.test.core.app.InstrumentationActivityInvoker$EmptyActivity@fa7d19 in: PAUSED
03-01 14:14:03.925  5120  5120 V ActivityScenario: Activity lifecycle changed event received but ignored because the intent does not match. startActivityIntent=Intent { act=android.intent.action.MAIN cat=[android.intent.category.LAUNCHER] cmp=com.example.dogglers/.GridListActivity }, activity.getIntent()=Intent { act=android.intent.action.MAIN cat=[android.intent.category.LAUNCHER] flg=0x10000000 cmp=com.example.dogglers/androidx.test.core.app.InstrumentationActivityInvoker$EmptyActivity }, activity=androidx.test.core.app.InstrumentationActivityInvoker$EmptyActivity@fa7d19
03-01 14:14:03.926  1485  3345 I SemDvfsHyPerManager: acquire hyper - AMS_APP_HOME/1485@20, type = -999
03-01 14:14:03.926   956  1008 I HYPER-HAL: [RequestManager.cpp]acquire(): Acquired ID : 1133285  [1485 / 20]    HINT : AMS_APP_HOME    list :
03-01 14:14:03.927   956  1008 I mtkpower_client: perf_lock_rel, hdl:15900, tid:1008
03-01 14:14:03.927   944 15431 D MDP     : DpAsyncBlit: in: job (123565 138) (576, 1280, 2304, 0, C2s, P0), sec0, flush 0 Buffer 60833: plane=1 bufVA={0xa9,0x0,0x0} bufMVA={0x0,0x0,0x0} bufSize={0x2d0000,0x0,0x0} proxy={0xb400007afb215280,0x0,0x0}fence=-1
03-01 14:14:03.927   944 15431 D MDP     : DpAsyncBlit: out0: (576, 1280, 2304, 0, C2s, P0), misc: (X:0, Y:0, R:0, F:0, S:0, A:0, D:0), sec0, flush 0 Buffer 60833: plane=1 bufVA={0x92,0x0,0x0} bufMVA={0x0,0x0,0x0} bufSize={0x2d0000,0x0,0x0} proxy={0xb400007afb2151c0,0x0,0x0}fence=-1
03-01 14:14:03.927  5400  5400 I SemDvfsHyPerManager: acquire hyper - APP_START_SHORT/5400@15, type = -999
03-01 14:14:03.927   944 15431 D MDP     : DpAsyncBlit: crop0: (0, 0, 576, 1280, 0, 0, 0, 0)
03-01 14:14:03.928   956  1008 I mtkpower_client: perf_lock_acq, hdl:0, dur:0, num:2, tid:1008
03-01 14:14:03.928   959  1040 I libPowerHal: [perfLockRel] hdl:15900, idx:1
03-01 14:14:03.928   959  1040 I libPowerHal: [PD] vendor.samsung. update cmd:1c3c000, param:1
03-01 14:14:03.928   959  1040 I libPowerHal: [PD] (less) /proc/mcdi/state set +prefix:enable 1;
03-01 14:14:03.928  3875  3875 I ViewRootImpl@f544d6f[LauncherActivity]: handleAppVisibility mAppVisible=false visible=true
03-01 14:14:03.929   956  1008 I mtkpower_client: ret_hdl:15902
03-01 14:14:03.929   956  1008 I mtkpower_client: perf_lock_rel, hdl:15899, tid:1008
03-01 14:14:03.929   959  1040 I libPowerHal: [perfLockAcq] idx:0 hdl:15902 hint:-1 pid:956 duration:0 lock_user:vendor.samsung. => ret_hdl:15902
03-01 14:14:03.930   959  1040 I libPowerHal: [PE] (less) /proc/mcdi/state set +prefix:enable 0;
03-01 14:14:03.930   956  1008 I mtkpower_client: perf_lock_acq, hdl:0, dur:0, num:2, tid:1008
03-01 14:14:03.930   959  1040 I libPowerHal: [perfLockRel] hdl:15899, idx:2
03-01 14:14:03.931   959  1040 I libPowerHal: vendor.samsung.: cpu_ctrl set cpu freq: -1 -1 -1 -1
03-01 14:14:03.931   956  1008 I mtkpower_client: ret_hdl:15903
03-01 14:14:03.931   959  1040 I libPowerHal: [perfLockAcq] idx:1 hdl:15903 hint:-1 pid:956 duration:0 lock_user:vendor.samsung. => ret_hdl:15903
03-01 14:14:03.931   959  1040 I libPowerHal: vendor.samsung.: cpu_ctrl set cpu freq: 1700000 -1 -1 -1
03-01 14:14:03.931   956  1008 I HYPER-HAL: [RequestManager.cpp]acquire(): Acquired ID : 14663835  [5400 / 15]    HINT : APP_START    list : [TIMEOUT / 1500]
03-01 14:14:03.934  5120  5120 I ViewRootImpl@131f68c[InstrumentationActivityInvoker$EmptyActivity]: MSG_WINDOW_FOCUS_CHANGED 0 1
03-01 14:14:03.935  5120  5120 I ViewRootImpl@131f68c[InstrumentationActivityInvoker$EmptyActivity]: MSG_WINDOW_FOCUS_CHANGED 0 1
03-01 14:14:03.935  5120  5148 I TestRunner: finished: recycler_view_item_count(com.example.dogglers.GridListTests)
