03-01 14:14:02.701   963  5431 W mtkcam-AppStreamMgr: [6-FrameHandler::operator()] [Meta Stream Buffer] Error happens... - requestNo:6 streamId:0x100000024 App:Meta:DynamicP1_main1
03-01 14:14:02.701  1099  1343 E CameraDeviceClient: notifyError: pid=4968, errorCode=3, errorStreamId=0, frameNumber=5
03-01 14:14:02.701   963  5459 I MtkCam/P2/MWFrame: [releaseFrameStream] P2S cam 1 MWFrame:#6 MWReq:#6, frame 0 : Node0x15 Flush FrameNo(6)
03-01 14:14:02.701  1099  1343 E CameraDeviceClient: notifyError: pid=4968, skipClientNotification=false
03-01 14:14:02.701   963  5459 W MtkCam/streambuf: [markUserStatus] Hal:Meta:P2:Dynamic:0x10000001e:0xb4000070f823c720 producer:0x15 released w/o using -> ERROR buffer - user status:0x8:0x8
03-01 14:14:02.701   963  5459 W MtkCam/streambuf: [markUserStatus] App:Meta:DynamicP2:0x100000027:0xb4000070f823bca0 producer:0x15 released w/o using -> ERROR buffer - user status:0x8:0x8
03-01 14:14:02.701  5120  5120 D LifecycleMonitor: Lifecycle status change: androidx.test.core.app.InstrumentationActivityInvoker$EmptyActivity@da0841c in: CREATED
03-01 14:14:02.701   963  5459 W mtkcam-pipeline: [getBufferLockedImp] [ requestNo:6 frameNo:6 streamId:0 ] mNonReleasedNum==0
03-01 14:14:02.701   963  5459 W MtkCam/streambuf: [markUserStatus] s0:d6:App:YCrCb_420_SP:0|HW_TEXTURE:0:0xb40000702fcd3d80 producer:0x15 released w/o using -> ERROR buffer - user status:0x8:0x8
03-01 14:14:02.701  1099  1343 E Camera3-OutputStream: returnBufferCheckedLocked: A frame is dropped for stream 0 frame 5 , due to buffer error.
03-01 14:14:02.701   963  5431 W mtkcam-AppStreamMgr: [6-FrameHandler::operator()] [Meta Stream Buffer] Error happens... - requestNo:6 streamId:0x100000027 App:Meta:DynamicP2
03-01 14:14:02.701   963  5431 W mtkcam-AppStreamMgr: [6-FrameHandler::operator()] [Image Stream Buffer] Error happens and all users release - requestNo:6 streamId:0 s0:d6:App:YCrCb_420_SP:0|HW_TEXTURE state:IN-FLIGHT->ERROR
03-01 14:14:02.702   963  5431 W mtkcam-AppStreamMgr: [6-FrameHandler::updateCallback] requestNo:6 Request Error
03-01 14:14:02.702  5120  5120 V ActivityScenario: Activity lifecycle changed event received but ignored because the intent does not match. startActivityIntent=Intent { act=android.intent.action.MAIN cat=[android.intent.category.LAUNCHER] cmp=com.example.dogglers/.MainActivity }, activity.getIntent()=Intent { act=android.intent.action.MAIN cat=[android.intent.category.LAUNCHER] flg=0x10000000 cmp=com.example.dogglers/androidx.test.core.app.InstrumentationActivityInvoker$EmptyActivity }, activity=androidx.test.core.app.InstrumentationActivityInvoker$EmptyActivity@da0841c
03-01 14:14:02.702   963  5014 W MtkCam/streambuf: [markUserStatus] Hal:Meta:P1:Dynamic_main1:0x10000001b:0xb40000703125c260 producer:0x1 released w/o using -> ERROR buffer - user status:0x8:0x8
03-01 14:14:02.702   963  5014 W MtkCam/streambuf: [markUserStatus] App:Meta:DynamicP1_main1:0x100000024:0xb40000703125bb60 producer:0x1 released w/o using -> ERROR buffer - user status:0x8:0x8
03-01 14:14:02.702   963  5431 W mtkcam-AppStreamMgr: [6-FrameHandler::updateCallback] requestNo 6 is removed before shutter callbacked, there MUST have error frames or meta be sent for the request
03-01 14:14:02.702   963  5014 W MtkCam/streambuf: [markUserStatus] Hal:Image:P1:Resizeraw_main1:0x100000003:0xb40000703127d600 producer:0x1 released w/o using -> ERROR buffer - user status:0x8:0x8
03-01 14:14:02.702   963  5014 W MtkCam/streambuf: [markUserStatus] Hal:Image:STT_main1:0x100000004:0xb40000702d072900 producer:0x1 released w/o using -> ERROR buffer - user status:0x8:0x8
03-01 14:14:02.702   963  5431 W mtkcam-AppStreamMgr: [6-FrameHandler::operator()] [Meta Stream Buffer] Error happens... - requestNo:7 streamId:0x100000024 App:Meta:DynamicP1_main1
03-01 14:14:02.702  1099  1343 E CameraDeviceClient: notifyError: pid=4968, errorCode=3, errorStreamId=0, frameNumber=6
03-01 14:14:02.702  1099  1343 E CameraDeviceClient: notifyError: pid=4968, skipClientNotification=false
03-01 14:14:02.702   963  5459 I MtkCam/P2/MWFrame: [releaseFrameStream] P2S cam 1 MWFrame:#7 MWReq:#7, frame 0 : Node0x15 Flush FrameNo(7)
03-01 14:14:02.702   963  5431 W mtkcam-AppStreamMgr: [6-FrameHandler::operator()] [Meta Stream Buffer] Error happens... - requestNo:9 streamId:0x100000024 App:Meta:DynamicP1_main1
03-01 14:14:02.702  1099  1343 E Camera3-OutputStream: returnBufferCheckedLocked: A frame is dropped for stream 0 frame 6 , due to buffer error.
03-01 14:14:02.702   963  5069 I CcuDrv  : CcuDrv[RealUninit] +,m_UserCnt(1),curUser(CCU)
03-01 14:14:02.702   963  5459 W MtkCam/streambuf: [markUserStatus] Hal:Meta:P2:Dynamic:0x10000001e:0xb40000702d0524a0 producer:0x15 released w/o using -> ERROR buffer - user status:0x8:0x8
03-01 14:14:02.702   963  5459 W MtkCam/streambuf: [markUserStatus] App:Meta:DynamicP2:0x100000027:0xb4000070f823b920 producer:0x15 released w/o using -> ERROR buffer - user status:0x8:0x8
03-01 14:14:02.702   963  5459 W mtkcam-pipeline: [getBufferLockedImp] [ requestNo:7 frameNo:7 streamId:0 ] mNonReleasedNum==0
03-01 14:14:02.702   963  5459 W MtkCam/streambuf: [markUserStatus] s0:d6:App:YCrCb_420_SP:0|HW_TEXTURE:0:0xb40000702ec0a000 producer:0x15 released w/o using -> ERROR buffer - user status:0x8:0x8
03-01 14:14:02.703   963  5431 W mtkcam-AppStreamMgr: [6-FrameHandler::operator()] [Meta Stream Buffer] Error happens... - requestNo:7 streamId:0x100000027 App:Meta:DynamicP2
03-01 14:14:02.703   963  5431 W mtkcam-AppStreamMgr: [6-FrameHandler::operator()] [Image Stream Buffer] Error happens and all users release - requestNo:7 streamId:0 s0:d6:App:YCrCb_420_SP:0|HW_TEXTURE state:IN-FLIGHT->ERROR
03-01 14:14:02.703   963  5431 W mtkcam-AppStreamMgr: [6-FrameHandler::updateCallback] requestNo:7 Request Error
03-01 14:14:02.703   963  5431 W mtkcam-AppStreamMgr: [6-FrameHandler::updateCallback] requestNo 7 is removed before shutter callbacked, there MUST have error frames or meta be sent for the request
03-01 14:14:02.703   963  5014 I MtkCam/P2/MWFrame: [releaseFrameStream] P2S cam 1 MWFrame:#9 MWReq:#9, frame 0 : Node0x15 Flush FrameNo(9)
03-01 14:14:02.703   963  5069 I CcuDrv  : CcuDrv[RealUninit] CcuDrv uinitial done gracefully
03-01 14:14:02.703   963  5069 I CcuDrv  : CcuDrv[RealUninit]  - X. ret: 1. m_UserCnt: 0
03-01 14:14:02.703  1099  1343 E CameraDeviceClient: notifyError: pid=4968, errorCode=3, errorStreamId=0, frameNumber=7
03-01 14:14:02.703  1099  1343 E CameraDeviceClient: notifyError: pid=4968, skipClientNotification=false
03-01 14:14:02.703   963  5069 I CcuMgr  : [destroyInstance] +
03-01 14:14:02.703   963  5014 W MtkCam/streambuf: [markUserStatus] Hal:Meta:P2:Dynamic:0x10000001e:0xb40000703125c5e0 producer:0x15 released w/o using -> ERROR buffer - user status:0x8:0x8
03-01 14:14:02.703   963  5069 I CcuMgr  : [_destroyCcuMgr] CcuMgr User Cnt: 0
03-01 14:14:02.703   963  5014 W MtkCam/streambuf: [markUserStatus] App:Meta:DynamicP2:0x100000027:0xb40000703125bee0 producer:0x15 released w/o using -> ERROR buffer - user status:0x8:0x8
03-01 14:14:02.703   963  5069 I CcuMgr  : [destroyInstance] -
03-01 14:14:02.703   963  5014 W mtkcam-pipeline: [getBufferLockedImp] [ requestNo:9 frameNo:9 streamId:0 ] mNonReleasedNum==0
03-01 14:14:02.703   963  5069 I LCSDrv  : [Uninit]mSensorIdx(1) uninit
03-01 14:14:02.703   963  5014 W MtkCam/streambuf: [markUserStatus] s0:d6:App:YCrCb_420_SP:0|HW_TEXTURE:0:0xb400007031200c80 producer:0x15 released w/o using -> ERROR buffer - user status:0x8:0x8
03-01 14:14:02.703  5120  5120 D LifecycleMonitor: Lifecycle status change: androidx.test.core.app.InstrumentationActivityInvoker$EmptyActivity@da0841c in: STARTED
03-01 14:14:02.703   963  5069 I LMVTuning: [~LMVTuning][Cam::1]-
03-01 14:14:02.703   963  5431 W mtkcam-AppStreamMgr: [6-FrameHandler::operator()] [Meta Stream Buffer] Error happens... - requestNo:8 streamId:0x100000024 App:Meta:DynamicP1_main1
03-01 14:14:02.703   963  5431 W mtkcam-AppStreamMgr: [6-FrameHandler::operator()] [Meta Stream Buffer] Error happens... - requestNo:9 streamId:0x100000027 App:Meta:DynamicP2
03-01 14:14:02.703   963  5431 W mtkcam-AppStreamMgr: [6-FrameHandler::operator()] [Image Stream Buffer] Error happens and all users release - requestNo:9 streamId:0 s0:d6:App:YCrCb_420_SP:0|HW_TEXTURE state:IN-FLIGHT->ERROR
03-01 14:14:02.703   963  5459 I MtkCam/P2/MWFrame: [releaseFrameStream] P2S cam 1 MWFrame:#8 MWReq:#8, frame 0 : Node0x15 Flush FrameNo(8)
03-01 14:14:02.704   963  5431 W mtkcam-AppStreamMgr: [6-FrameHandler::updateCallback] requestNo:9 Request Error
03-01 14:14:02.704   963  5459 W MtkCam/streambuf: [markUserStatus] Hal:Meta:P2:Dynamic:0x10000001e:0xb40000702d0553e0 producer:0x15 released w/o using -> ERROR buffer - user status:0x8:0x8
03-01 14:14:02.704   963  5459 W MtkCam/streambuf: [markUserStatus] App:Meta:DynamicP2:0x100000027:0xb40000702d054ce0 producer:0x15 released w/o using -> ERROR buffer - user status:0x8:0x8
03-01 14:14:02.704  5120  5120 V ActivityScenario: Activity lifecycle changed event received but ignored because the intent does not match. startActivityIntent=Intent { act=android.intent.action.MAIN cat=[android.intent.category.LAUNCHER] cmp=com.example.dogglers/.MainActivity }, activity.getIntent()=Intent { act=android.intent.action.MAIN cat=[android.intent.category.LAUNCHER] flg=0x10000000 cmp=com.example.dogglers/androidx.test.core.app.InstrumentationActivityInvoker$EmptyActivity }, activity=androidx.test.core.app.InstrumentationActivityInvoker$EmptyActivity@da0841c
03-01 14:14:02.704   963  5459 W mtkcam-pipeline: [getBufferLockedImp] [ requestNo:8 frameNo:8 streamId:0 ] mNonReleasedNum==0
03-01 14:14:02.704   963  5459 W MtkCam/streambuf: [markUserStatus] s0:d6:App:YCrCb_420_SP:0|HW_TEXTURE:0:0xb40000702fccf280 producer:0x15 released w/o using -> ERROR buffer - user status:0x8:0x8
03-01 14:14:02.705   963  5431 W mtkcam-AppStreamMgr: [6-FrameHandler::operator()] [Meta Stream Buffer] Error happens... - requestNo:8 streamId:0x100000027 App:Meta:DynamicP2
03-01 14:14:02.705   963  5431 W mtkcam-AppStreamMgr: [6-FrameHandler::operator()] [Image Stream Buffer] Error happens and all users release - requestNo:8 streamId:0 s0:d6:App:YCrCb_420_SP:0|HW_TEXTURE state:IN-FLIGHT->ERROR
03-01 14:14:02.705   963  5431 W mtkcam-AppStreamMgr: [6-FrameHandler::updateCallback] requestNo:8 Request Error
03-01 14:14:02.705  1099  1343 E Camera3-OutputStream: returnBufferCheckedLocked: A frame is dropped for stream 0 frame 7 , due to buffer error.
03-01 14:14:02.706   963  5431 W mtkcam-AppStreamMgr: [6-FrameHandler::updateCallback] requestNo 8 is removed before shutter callbacked, there MUST have error frames or meta be sent for the request
03-01 14:14:02.706   963  5431 W mtkcam-AppStreamMgr: [6-FrameHandler::updateCallback] requestNo 9 is removed before shutter callbacked, there MUST have error frames or meta be sent for the request
03-01 14:14:02.706  5120  5120 D LifecycleMonitor: Lifecycle status change: androidx.test.core.app.InstrumentationActivityInvoker$EmptyActivity@da0841c in: RESUMED
03-01 14:14:02.706  1099  1343 E CameraDeviceClient: notifyError: pid=4968, errorCode=3, errorStreamId=0, frameNumber=9
03-01 14:14:02.706  1099  1343 E CameraDeviceClient: notifyError: pid=4968, skipClientNotification=false
03-01 14:14:02.706  5120  5120 V ActivityScenario: Activity lifecycle changed event received but ignored because the intent does not match. startActivityIntent=Intent { act=android.intent.action.MAIN cat=[android.intent.category.LAUNCHER] cmp=com.example.dogglers/.MainActivity }, activity.getIntent()=Intent { act=android.intent.action.MAIN cat=[android.intent.category.LAUNCHER] flg=0x10000000 cmp=com.example.dogglers/androidx.test.core.app.InstrumentationActivityInvoker$EmptyActivity }, activity=androidx.test.core.app.InstrumentationActivityInvoker$EmptyActivity@da0841c
03-01 14:14:02.707   963  5069 I MtkCam/HwUtils/ResourceConcurrency: [release] [mP1NodeConcurrency][Client-0] free resource (30000000000ns)
03-01 14:14:02.707   963  5069 I MtkCam/HwUtils/ResourceConcurrency: [cancel] [mP1NodeConcurrency][Client-0] client-returned , state(0)
03-01 14:14:02.707   963  5069 I MtkCam/P2/CaptureProcessor: [onWaitFlush] P2C cam 1: (0xb40000702fcee470) flush +, bgPreRelease:0
03-01 14:14:02.707   963  5069 I MtkCam/P2/CaptureProcessor: [onWaitFlush] P2C cam 1: flush -
03-01 14:14:02.707   963  5069 I MtkCam/ppl_context: [beginFlush] - <4Cell/6>
03-01 14:14:02.707   963  5069 I MtkCam/ppl_context: [endFlush] + <4Cell/6>
03-01 14:14:02.707   963  5069 I mtkcam-InFlightRequest: [waitUntilDrained] +
03-01 14:14:02.708   963  5069 I mtkcam-InFlightRequest: [waitUntilDrained] -
03-01 14:14:02.708   963  5069 I MtkCam/ppl_context: [endFlush] - <4Cell/6>
03-01 14:14:02.708   963  5069 I mtkcam-PreReleaseRequest: [dump] ========== dump PreReleaseRequestMgr ===========
03-01 14:14:02.708   963  5069 I mtkcam-PreReleaseRequest: [dump] ========== dump InFlightRequests(0) ============
03-01 14:14:02.708   963  5069 I mtkcam-PreReleaseRequest: [dump] ========== dump PendingRequests(0) ============
03-01 14:14:02.708   963  5069 I mtkcam-dev3: [6-session::tryRunCommandLocked] Run command onFlushLocked -
03-01 14:14:02.708  1017  1784 I SurfaceFlinger: [SF client] NEW(0xb4000074cf820a00) for (5120:com.example.dogglers)
03-01 14:14:02.708   963  5069 I Unihal  : CameraHalUnit.cpp: Flush: 548: HAL flush - End
03-01 14:14:02.708   963  5069 I Unihal  : UniState.cpp: transitState: 101: Transiting to state 4
03-01 14:14:02.708  1099  1343 E CameraDeviceClient: notifyError: pid=4968, errorCode=3, errorStreamId=0, frameNumber=8
03-01 14:14:02.708   963  5069 I Unihal  : UniHal3InterfaceEntry.cpp: uni_flush: 489: X (0)
03-01 14:14:02.708  1099  1343 E CameraDeviceClient: notifyError: pid=4968, skipClientNotification=false
03-01 14:14:02.708  1099  1343 E Camera3-OutputStream: returnBufferCheckedLocked: A frame is dropped for stream 0 frame 9 , due to buffer error.
03-01 14:14:02.708  1099 29509 D Camera3-Device: flush: mInterfaceLock.unlock()
03-01 14:14:02.708  1099  1343 E Camera3-OutputStream: returnBufferCheckedLocked: A frame is dropped for stream 0 frame 8 , due to buffer error.
03-01 14:14:02.709  1099  1343 I Camera3-Status: markComponent: Component 2 is now idle - streamId = 0, format = 34, width = 176, height = 144, option = 0
03-01 14:14:02.709  1099  1343 I Camera3-IOStreamBase: FpsStats: stream 0, requested=10, received=10, valid=5, invalid=5
03-01 14:14:02.709  4968  5428 I CameraLightSensor_Service: onCaptureFailed function
03-01 14:14:02.709  1099  1343 I Camera3-Status: markComponent: Component 0 is now idle - InflightRequests
03-01 14:14:02.709  4968  5428 I CameraLightSensor_Service: onCaptureFailed function
03-01 14:14:02.709  4968  5428 I CameraLightSensor_Service: onCaptureFailed function
03-01 14:14:02.709  4968  5428 I CameraLightSensor_Service: onCaptureFailed function
03-01 14:14:02.709  4968  5428 I CameraLightSensor_Service: onCaptureFailed function
03-01 14:14:02.710  1099 29509 E CameraDeviceClient: Disconnect from CameraDeviceClient
03-01 14:14:02.710  1099 29509 D CameraDeviceClient: disconnect:stop IT Policy checking thread
03-01 14:14:02.712  1485  5875 D InputTransport: Input channel constructed: '28e0a03', fd=755
03-01 14:14:02.713  1485  5875 D InputTransport: Input channel constructed: '28e0a03', fd=757
03-01 14:14:02.713  1485  5875 D InputTransport: Input channel constructed: '28e0a03', fd=771
03-01 14:14:02.713  1017  1055 I SurfaceFlinger: id=9033 createSurf (0x0),-1 flag=80004, 28e0a03 com.example.dogglers/androidx.test.core.app.InstrumentationActivityInvoker$EmptyActivity#0
03-01 14:14:02.714  1485  5875 D InputTransport: Input channel destroyed: '28e0a03', fd=771
03-01 14:14:02.716  5120  5120 I ViewRootImpl@c321fab[InstrumentationActivityInvoker$EmptyActivity]: setView = com.android.internal.policy.DecorView@be31dfa TM=true
03-01 14:14:02.716  1099 29509 E Camera2-FrameProcessorBase: removeListener:
03-01 14:14:02.718   956  5410 I mtkpower_client: perf_lock_rel, hdl:15869, tid:5410
03-01 14:14:02.718   956  5410 I mtkpower_client: perf_lock_acq, hdl:0, dur:0, num:2, tid:5410
03-01 14:14:02.718   959  1040 I libPowerHal: [perfLockRel] hdl:15869, idx:1
03-01 14:14:02.718   959  1040 I libPowerHal: [PD] vendor.samsung. update cmd:1c3c000, param:1
03-01 14:14:02.719   959  1040 I libPowerHal: [PD] (less) /proc/mcdi/state set +prefix:enable 1;
03-01 14:14:02.719   956  5410 I mtkpower_client: ret_hdl:15871
03-01 14:14:02.719   959  1040 I libPowerHal: [perfLockAcq] idx:1 hdl:15871 hint:-1 pid:956 duration:0 lock_user:vendor.samsung. => ret_hdl:15871
03-01 14:14:02.719   956  5410 I mtkpower_client: perf_lock_rel, hdl:15868, tid:5410
03-01 14:14:02.720   959  1040 I libPowerHal: [PE] (less) /proc/mcdi/state set +prefix:enable 0;
03-01 14:14:02.720   956  5410 I mtkpower_client: perf_lock_acq, hdl:0, dur:0, num:2, tid:5410
03-01 14:14:02.721   959  1040 I libPowerHal: [perfLockRel] hdl:15868, idx:0
03-01 14:14:02.721   959  1040 I libPowerHal: vendor.samsung.: cpu_ctrl set cpu freq: -1 -1 -1 -1
03-01 14:14:02.723  1099 29509 D Camera3-Device: flush: mInterfaceLock.lock()
03-01 14:14:02.723  1099  5440 I Camera3-Status: markComponent: Component 1 is now idle - RequestThread
03-01 14:14:02.723  1099 29509 I Camera3-Device: startWatching : Start watching status = mRequestThread->flush();
03-01 14:14:02.723   963  5069 I Unihal  : UniHal3InterfaceEntry.cpp: uni_flush: 479: E
03-01 14:14:02.723   963  5069 I Unihal  : UniState.cpp: SetIsAlreadyCreated: 173: isAlreadyCreated=0, val=0
03-01 14:14:02.723   963  5069 I Unihal  : UniState.cpp: transitState: 101: Transiting to state 5
03-01 14:14:02.723   963  5069 I Unihal  : CameraHalUnit.cpp: Flush: 544: HAL flush - Start
03-01 14:14:02.723   956  5410 I mtkpower_client: ret_hdl:15872
03-01 14:14:02.723  1485  5875 V WindowManager: Relayout Window{28e0a03 u0 com.example.dogglers/androidx.test.core.app.InstrumentationActivityInvoker$EmptyActivity}: viewVisibility=0 req=1080x2400 d0
03-01 14:14:02.723   956  5410 I HYPER-HAL: [RequestManager.cpp]releaseLocked(): Released ID : 1133285
03-01 14:14:02.724   963  5069 I MtkCam/ppl_context: [beginFlush] + <4Cell/6>
03-01 14:14:02.724   963  5069 I mtkcam-InFlightRequest: [abort] +
03-01 14:14:02.724   963  5069 I mtkcam-InFlightRequest: [abort] - frames:{ } being aborted (#0 in-flight frames)
03-01 14:14:02.724   963  5069 I MtkCam/ppl_context: [kickRootNodes] kick 0x1 +
03-01 14:14:02.724   963  5069 I MtkCam/ppl_context: [kickRootNodes] kick 0x1 - err:0
03-01 14:14:02.724   963  5069 I MtkCam/P2/CaptureProcessor: [onWaitFlush] P2C cam 1: (0xb40000702fcee470) flush +, bgPreRelease:0
03-01 14:14:02.724   959  1040 I libPowerHal: [perfLockAcq] idx:4 hdl:15872 hint:-1 pid:956 duration:0 lock_user:vendor.samsung. => ret_hdl:15872
03-01 14:14:02.724  1017  1055 E BufferQueueDebug: [com.example.dogglers/androidx.test.core.app.InstrumentationActivityInvoker$EmptyActivity$_5120#1](this:0xb4000074a8796948,id:-1,api:0,p:-1,c:-1) id info cannot be read from 'com.example.dogglers/androidx.test.core.app.InstrumentationActivityInvoker$EmptyActivity$_5120#1'
03-01 14:14:02.724  1099  5439 I CameraServiceProxyWrapper: updateProxyDeviceState: notifyCameraState for Camera ID 1, newState 2, facing 1, clientName com.samsung.adaptivebrightnessgo, apiLevel 2
03-01 14:14:02.724  1017  1055 I BufferQueueDebug: [com.example.dogglers/androidx.test.core.app.InstrumentationActivityInvoker$EmptyActivity$_5120#1](this:0xb4000074a8796948,id:-1,api:0,p:-1,c:-1) BufferQueue core=(1017:/system/bin/surfaceflinger)
03-01 14:14:02.724   963  5069 I MtkCam/P2/CaptureProcessor: [onWaitFlush] P2C cam 1: flush -
03-01 14:14:02.724   963  5069 I MtkCam/ppl_context: [beginFlush] - <4Cell/6>
03-01 14:14:02.725   959  1040 I libPowerHal: vendor.samsung.: cpu_ctrl set cpu freq: 1700000 -1 -1 -1
03-01 14:14:02.725   963  5069 I MtkCam/ppl_context: [endFlush] + <4Cell/6>
03-01 14:14:02.725   963  5069 I mtkcam-InFlightRequest: [waitUntilDrained] +
03-01 14:14:02.725   963  5069 I mtkcam-InFlightRequest: [waitUntilDrained] -
03-01 14:14:02.725   963  5069 I MtkCam/ppl_context: [endFlush] - <4Cell/6>
03-01 14:14:02.725   963  5069 I mtkcam-PreReleaseRequest: [dump] ========== dump PreReleaseRequestMgr ===========
03-01 14:14:02.725   963  5069 I mtkcam-PreReleaseRequest: [dump] ========== dump InFlightRequests(0) ============
03-01 14:14:02.725   963  5069 I mtkcam-PreReleaseRequest: [dump] ========== dump PendingRequests(0) ============
03-01 14:14:02.725  1017  1055 I SurfaceFlinger: id=9034 createSurf (1x1),-3 flag=40004, com.example.dogglers/androidx.test.core.app.InstrumentationActivityInvoker$EmptyActivity$_5120#1
03-01 14:14:02.725   963  5069 I mtkcam-dev3: [6-session::tryRunCommandLocked] Run command onFlushLocked -
03-01 14:14:02.725  4968  4981 I CameraManagerGlobal: Camera 1 facing CAMERA_FACING_FRONT state now CAMERA_STATE_IDLE for client com.samsung.adaptivebrightnessgo API Level 2
03-01 14:14:02.725  1485  7183 I CameraManagerGlobal: Camera 1 facing CAMERA_FACING_FRONT state now CAMERA_STATE_IDLE for client com.samsung.adaptivebrightnessgo API Level 2
03-01 14:14:02.725   963  5069 I Unihal  : CameraHalUnit.cpp: Flush: 548: HAL flush - End
03-01 14:14:02.725   963  5069 I Unihal  : UniState.cpp: transitState: 101: Transiting to state 4
03-01 14:14:02.725   963  5069 I Unihal  : UniHal3InterfaceEntry.cpp: uni_flush: 489: X (0)
03-01 14:14:02.725  3224 22984 I CameraManagerGlobal: Camera 1 facing CAMERA_FACING_FRONT state now CAMERA_STATE_IDLE for client com.samsung.adaptivebrightnessgo API Level 2
03-01 14:14:02.725  5400  5420 I CameraManagerGlobal: Camera 1 facing CAMERA_FACING_FRONT state now CAMERA_STATE_IDLE for client com.samsung.adaptivebrightnessgo API Level 2
03-01 14:14:02.725  5400  5420 I CameraManagerGlobal: onCameraDeviceStateChangedLocked: post device state update
03-01 14:14:02.725  5400  5420 I CameraManagerGlobal: onCameraDeviceStateChangedLocked: post device state update
03-01 14:14:02.725  1485  4333 D AutoRotationHandler: inject auto rotation priority = 0.0
03-01 14:14:02.725  1099 29509 D Camera3-Device: flush: mInterfaceLock.unlock()
03-01 14:14:02.725  1099 29509 D Camera3-Device: waitUntilDrainedLocked: Camera 1: Waiting until idle (5000000000ns)
03-01 14:14:02.725  1099 29509 D Camera3-Device: waitUntilDrained: mInterfaceLock.unlock()
03-01 14:14:02.725  1099 29509 I Camera3-Device: disconnectImpl: E
03-01 14:14:02.726   953   953 I SensorsHub: DeviceOrientation::injectSensorData: mode 0
03-01 14:14:02.726  1099 29509 I CameraLatencyHistogram: ProcessCaptureRequest latency histogram (10) samples:
03-01 14:14:02.726  1099 29509 I CameraLatencyHistogram:        40     80    120    160    200    240    280    320    360    inf (max ms)
03-01 14:14:02.726  1099 29509 I CameraLatencyHistogram:      80.00   20.00   0.00   0.00   0.00   0.00   0.00   0.00   0.00   0.00 (%)
03-01 14:14:02.726  1099 29509 I Camera3-Device: startWatching : Start watching interface->close();
03-01 14:14:02.726  1099 29509 D Camera3-Device: CameraPerf: close E
03-01 14:14:02.726   963  5069 I Unihal  : UniHal3InterfaceEntry.cpp: uni_close_camera_hardware: 557: E
03-01 14:14:02.726   963  5069 I Unihal  : UniState.cpp: transitState: 101: Transiting to state 7
03-01 14:14:02.726   963  5069 I Unihal  : CameraHalManager.cpp: CloseCamera: 275: HAL close - Start
03-01 14:14:02.726   963  5069 I mtkcam-dev3: [6-session::close] +
03-01 14:14:02.727   963  5069 I MtkCam/ppl_context: [beginFlush] + <4Cell/6>
03-01 14:14:02.727   963  5069 I mtkcam-InFlightRequest: [abort] +
03-01 14:14:02.727   963  5069 I mtkcam-InFlightRequest: [abort] - frames:{ } being aborted (#0 in-flight frames)
03-01 14:14:02.727   963  5069 I MtkCam/ppl_context: [kickRootNodes] kick 0x1 +
03-01 14:14:02.727   963  5069 I MtkCam/ppl_context: [kickRootNodes] kick 0x1 - err:0
03-01 14:14:02.727   963  5069 I MtkCam/P2/CaptureProcessor: [onWaitFlush] P2C cam 1: (0xb40000702fcee470) flush +, bgPreRelease:0
03-01 14:14:02.729   963  5069 I MtkCam/P2/CaptureProcessor: [onWaitFlush] P2C cam 1: flush -
03-01 14:14:02.729   963  5069 I MtkCam/ppl_context: [beginFlush] - <4Cell/6>
03-01 14:14:02.729   963  5069 I MtkCam/ppl_context: [endFlush] + <4Cell/6>
03-01 14:14:02.729   963  5069 I mtkcam-InFlightRequest: [waitUntilDrained] +
03-01 14:14:02.729   963  5069 I mtkcam-InFlightRequest: [waitUntilDrained] -
03-01 14:14:02.729   963  5069 I MtkCam/ppl_context: [endFlush] - <4Cell/6>
03-01 14:14:02.729   963  5069 I mtkcam-PreReleaseRequest: [dump] ========== dump PreReleaseRequestMgr ===========
03-01 14:14:02.729   963  5069 I mtkcam-PreReleaseRequest: [dump] ========== dump InFlightRequests(0) ============
03-01 14:14:02.729   963  5069 I mtkcam-PreReleaseRequest: [dump] ========== dump PendingRequests(0) ============
03-01 14:14:02.729  1017  1055 I SurfaceFlinger: id=9035 createSurf (0x0),-1 flag=24000, Surface(name=11b0562 StatusBar)/@0xa45631f - animation-leash of insets_animation#1
03-01 14:14:02.729   963  5069 E BWC     : MTK_IOC_SMI_BWC_INFO_GET failed.:Inappropriate ioctl for device
03-01 14:14:02.730  1017  1055 I SurfaceFlinger: id=9036 createSurf (0x0),-1 flag=24000, Surface(name=16df26b NavigationBar0)/@0xf199c0c - animation-leash of insets_animation#1
03-01 14:14:02.730   963  5069 E BWC     : MTK_IOC_SMI_BWC_INFO_SET failed.:Inappropriate ioctl for device
03-01 14:14:02.730   963  5069 I BWC     : Profile_Change:[BWCPT_CAMERA_CAPTURE]:OFF,current concurrency is 0x0,DDR=,EMI scenario=BWL_SCN_ICFP OFF
03-01 14:14:02.730   963  5069 I BWC     : cam_id=1 sen_fps=0 sen_size=0 pd=0 video=0 vb_ratio=0.000000 vb_time=0.000000 rawi=0 yuv=0 raw_bbp=0.000000 is_smvr=0
03-01 14:14:02.730   963  5069 I BWC     : cam_id=1 table=0.000000 ccu=0.000000 ccu_r=0.000000 capture=0.000000 aa=-5120.000000 pd=0.000000 video=0.000000 yuv=0.000000 rawi=0.000000 total=0.000000
03-01 14:14:02.730   963  5069 I BWC     : cam_id=0 sen_fps=0 sen_size=0 pd=0 video=0 vb_ratio=0.000000 vb_time=0.000000 rawi=0 yuv=0 raw_bbp=0.000000 is_smvr=0
03-01 14:14:02.730   963  5069 I BWC     : cam_id=0 table=0.000000 ccu=0.000000 ccu_r=0.000000 capture=0.000000 aa=-5120.000000 pd=0.000000 video=0.000000 yuv=0.000000 rawi=0.000000 total=0.000000
03-01 14:14:02.730   963  5069 I BWC     : cal_cam_bw hrt bw=0
03-01 14:14:02.730   963  5069 I mtkpower_client: perf_lock_rel, hdl:15858, tid:5069
03-01 14:14:02.731   963  5069 I MtkCam/ppl_context: [onLastStrongRef] + <4Cell/6> (0xb400007031295f40)
03-01 14:14:02.731   963  5069 I mtkcam-InFlightRequest: [waitUntilDrained] +
03-01 14:14:02.731   963  5069 I mtkcam-InFlightRequest: [waitUntilDrained] -
03-01 14:14:02.731   959  1040 I libPowerHal: [perfLockRel] hdl:15858, idx:2
03-01 14:14:02.732   963  5069 I MtkCam/HwUtils/ResourceConcurrency: [~ResourceConcurrency] name[mP1NodeConcurrency] timeout(30000000000ns)
03-01 14:14:02.732   963  5069 I MtkCam/P1NodeImp: [~P1NodeImp] [Cam::1]
03-01 14:14:02.732  1485  5875 V WindowManager: Relayout hash=28e0a03, pid=5120: mAttrs={(0,0)(fillxfill) sim={adjust=pan forwardNavigation} ty=BASE_APPLICATION wanim=0x1030001
03-01 14:14:02.732  1485  5875 V WindowManager:   fl=1810100
03-01 14:14:02.732  1485  5875 V WindowManager:   pfl=12020040
03-01 14:14:02.732  1485  5875 V WindowManager:   apr=LIGHT_NAVIGATION_BARS
03-01 14:14:02.732  1485  5875 V WindowManager:   bhv=DEFAULT
03-01 14:14:02.732  1485  5875 V WindowManager:   fitSides= naviIconColor=0
03-01 14:14:02.732  1485  5875 V WindowManager:   sfl=100000}
03-01 14:14:02.733   963  5069 I MtkCam/P2/CaptureProcessor: [onUninit] P2C cam 1: addr:0xb40000702fcee470, uniqueKey:141402302
03-01 14:14:02.733  5120  5120 I BufferQueueConsumer: [](id:140000000011,api:0,p:-1,c:5120) connect: controlledByApp=false
03-01 14:14:02.734  5120  5120 I BLASTBufferQueue: [ViewRootImpl@c321fab[InstrumentationActivityInvoker$EmptyActivity]#17] constructor()
03-01 14:14:02.735  5120  5120 I ViewRootImpl@c321fab[InstrumentationActivityInvoker$EmptyActivity]: Relayout returned: old=(0,0,1080,2400) new=(0,0,1080,2400) req=(1080,2400)0 dur=10 res=0x7 s={true -5476376626619838464} ch=true fn=-1
03-01 14:14:02.736   963  5069 I MtkCam/CapturePipe/YUVNode: [onUninit](0xb4000070312b6200)(9) uniqueKey:141402302
03-01 14:14:02.736   963  5069 I MtkCam/CapturePipe/MultiFrameNode: [onUninit](0xb4000070312b5c00) uniqueKey:141402302
03-01 14:14:02.736   963  5069 I MtkCam/CapturePipe/RAWNode: [onUninit](0xb40000702dcfdb00) uniqueKey:141402302
03-01 14:14:02.736  5120  5154 I BufferQueueProducer: [ViewRootImpl@c321fab[InstrumentationActivityInvoker$EmptyActivity]#17(BLAST Consumer)17](id:140000000011,api:1,p:5120,c:5120) connect: api=1 producerControlledByApp=true
03-01 14:14:02.736   963  5069 I MtkCam/CapturePipe/RAWNode: [~RAWNode](0xb40000702dcfdb00) dtor
03-01 14:14:02.736   963  5069 I MtkCam/CapturePipe/MultiFrameNode: [~MultiFrameNode](0xb4000070312b5c00) dtor
03-01 14:14:02.737   963  5069 I MtkCam/CapturePipe/YUVNode: [~YUVNode](0xb4000070312b6200) dtor
03-01 14:14:02.737   963  5069 I MtkCam/P2/CaptureNode: [~P2CaptureNodeImp] P2C cam 1: (0xb40000702fcee400) dtor
03-01 14:14:02.737   963  5069 I MtkCam/P2/CaptureProcessor: [~CaptureProcessor](0xb40000702fcee470) dtor
03-01 14:14:02.737  5120  5154 D OpenGLRenderer: eglCreateWindowSurface
03-01 14:14:02.737  1485  4892 W SensorService: sensor 00000004 already enabled in connection 0xb400007896569cc0 (ignoring)
03-01 14:14:02.737  1485  4892 D SensorService: Calling batch handle==4 flags=0 rate=20000000 timeout== 0
03-01 14:14:02.737   953   953 I SensorsHub: batch: handle=4 period=20000000 timeout=0
03-01 14:14:02.738  1485  4892 E SensorService: BigData:Pakage) 4 already enabled.
03-01 14:14:02.739  5120  5120 I ViewRootImpl@c321fab[InstrumentationActivityInvoker$EmptyActivity]: [DP] dp(1) 1 android.view.ViewRootImpl.reportNextDraw:11420 android.view.ViewRootImpl.performTraversals:4193 android.view.ViewRootImpl.doTraversal:2919
03-01 14:14:02.739   963  5069 I MtkCam/StreamingPipe/Pipe: [onUninit]+
03-01 14:14:02.739   963  5069 I MtkCam/StreamingPipe/Pipe: [onUninit]-
03-01 14:14:02.739  5120  5120 D ViewRootImpl@c321fab[InstrumentationActivityInvoker$EmptyActivity]: Creating frameDrawingCallback nextDrawUseBlastSync=false reportNextDraw=true hasBlurUpdates=false
03-01 14:14:02.739  5120  5120 D ViewRootImpl@c321fab[InstrumentationActivityInvoker$EmptyActivity]: Creating frameCompleteCallback
03-01 14:14:02.743  5120  5192 D ViewRootImpl@c321fab[InstrumentationActivityInvoker$EmptyActivity]: Received frameDrawingCallback frameNum=1. Creating transactionCompleteCallback=false
03-01 14:14:02.746   963  5069 I MtkCam/StreamingPipe/TPI_MGR_Plugin: [destroySession]+
03-01 14:14:02.746   963  5069 I MtkCam/TPI_S_Green: [~S_GREEN_Plugin] destroy  S_GREEN plugin
03-01 14:14:02.746   963  5069 I MtkCam/TPI_S_FB: [~S_FB_Plugin] destroy  S_FB plugin
03-01 14:14:02.746   963  5069 I MtkCam/TPI_S_EISQ: [~S_EISQ_Plugin] destroy S_EISQ plugin
03-01 14:14:02.746   963  5069 I MtkCam/TPI_S_Disp: [~S_DISP_Plugin] destroy  S_DISP plugin
03-01 14:14:02.746   963  5069 I MtkCam/TPI_S_META: [~S_META_Plugin] destroy  S_META plugin
03-01 14:14:02.746   963  5069 I MtkCam/TPI_S_ASYNC: [~S_ASYNC_Plugin] destroy  S_ASYNC plugin
03-01 14:14:02.746   963  5069 I MtkCam/ppl_plugin: [~PipelinePlugin] Join: dtor(0xb40000703120a378)
03-01 14:14:02.746   963  5069 I MtkCam/ppl_plugin: [~PipelinePlugin] remove plugin(0x0), hash:1, mInstances size:0
03-01 14:14:02.746   963  5069 I MtkCam/StreamingPipe/TPI_MGR_Plugin: [destroySession]- ret=1
03-01 14:14:02.746   963  5069 I MtkCam/StreamingPipe/Pipe: [~StreamingFeaturePipe]destroy pipe(0xb400006ffeecf540): SensorIndex=1
03-01 14:14:02.748  1017  1017 I Layer   : id=9027 removedFromDrawingState Surface(name=11b0562 StatusBar)/@0xa45631f - animation-leash of insets_animation#0 (137)
03-01 14:14:02.748  1017  1017 I Layer   : id=9028 removedFromDrawingState Surface(name=16df26b NavigationBar0)/@0xf199c0c - animation-leash of insets_animation#0 (137)
03-01 14:14:02.751  5120  5154 D ViewRootImpl@c321fab[InstrumentationActivityInvoker$EmptyActivity]: Received frameCompleteCallback  lastAcquiredFrameNum=1 lastAttemptedDrawFrameNum=1
03-01 14:14:02.752  1485  7182 D InputDispatcher: Focus request (0): 28e0a03 com.example.dogglers/androidx.test.core.app.InstrumentationActivityInvoker$EmptyActivity but waiting because NOT_VISIBLE
03-01 14:14:02.752   963  5069 I MtkCam/P2/StreamingNode: [uninit] P2S cam 1: uninit lock +
03-01 14:14:02.752   963  5069 I MtkCam/P2/StreamingNode: [uninit] P2S cam 1: uninit lock -
03-01 14:14:02.753   963  5458 W MtkCam/fdNodeImp: [onDequeRequest] [exitPending] mRequestQueue.size:0
03-01 14:14:02.753  5120  5120 I ViewRootImpl@c321fab[InstrumentationActivityInvoker$EmptyActivity]: [DP] pdf(0) 1 android.view.ViewRootImpl.lambda$addFrameCompleteCallbackIfNeeded$3$ViewRootImpl:4995 android.view.ViewRootImpl$$ExternalSyntheticLambda16.run:6 android.os.Handler.handleCallback:938
03-01 14:14:02.753  5120  5120 I ViewRootImpl@c321fab[InstrumentationActivityInvoker$EmptyActivity]: [DP] rdf()
03-01 14:14:02.754  5120  5120 D ViewRootImpl@c321fab[InstrumentationActivityInvoker$EmptyActivity]: reportDrawFinished (fn: -1)
03-01 14:14:02.754  5120  5120 I ViewRootImpl@7eea884[InstrumentationActivityInvoker$EmptyActivity]: MSG_WINDOW_FOCUS_CHANGED 0 1
03-01 14:14:02.754   963  5069 W mHalFDVT: (5069)[halFDUninit] FD HAL Object is already uninited...
03-01 14:14:02.755   963  5069 I mtkcam-ppl_fbm: [~FrameBufferManagerImpl] + mDebuggeeCookie:0xb400007031220298
03-01 14:14:02.755   963  5069 I mtkcam-ppl_fbm: [~FrameBufferManagerImpl] -
03-01 14:14:02.757   944 15431 D MDP     : DpAsyncBlit: in: job (123475 133) (576, 1280, 2304, 0, C2s, P0), sec0, flush 1 Buffer 60788: plane=1 bufVA={0xa9,0x0,0x0} bufMVA={0x0,0x0,0x0} bufSize={0x2d0000,0x0,0x0} proxy={0xb400007afb2150c0,0x0,0x0}fence=-1
03-01 14:14:02.757   944 15431 D MDP     : DpAsyncBlit: out0: (576, 1280, 2304, 0, C2s, P0), misc: (X:0, Y:0, R:0, F:0, S:0, A:0, D:0), sec0, flush 0 Buffer 60788: plane=1 bufVA={0x92,0x0,0x0} bufMVA={0x0,0x0,0x0} bufSize={0x2d0000,0x0,0x0} proxy={0xb400007afb215340,0x0,0x0}fence=-1
03-01 14:14:02.757   944 15431 D MDP     : DpAsyncBlit: crop0: (0, 0, 576, 1280, 0, 0, 0, 0)
03-01 14:14:02.758   963  5069 I MtkCam/ppl_context: [onLastStrongRef] - <4Cell/6>
03-01 14:14:02.759   963  5069 I mtkcam-FeatureSettingPolicy: [~FeatureSettingPolicy] (0xb400007031255620) dtor
03-01 14:14:02.759   963  5069 I MtkCam/ppl_plugin: [~PipelinePlugin] Yuv: dtor(0xb4000070312093d8)
03-01 14:14:02.759   963  5069 I MtkCam/ppl_plugin: [~PipelinePlugin] remove plugin(0x0), hash:141402302, mInstances size:0
03-01 14:14:02.759   963  5069 I MtkCam/ppl_plugin: [~PipelinePlugin] Raw: dtor(0xb400007031209478)
03-01 14:14:02.759   963  5069 I MtkCam/ppl_plugin: [~PipelinePlugin] remove plugin(0x0), hash:141402302, mInstances size:0
03-01 14:14:02.759   963  5069 I MtkCam/ppl_plugin: [~PipelinePlugin] MultiFrame: dtor(0xb40000702eb57738)
03-01 14:14:02.759   963  5069 I MtkCam/ppl_plugin: [~PipelinePlugin] remove plugin(0x0), hash:141402302, mInstances size:0
03-01 14:14:02.759   963  5069 I mtkcam-DeviceAdapter: 6[HalDeviceAdapter::powerOff] powerOff +
03-01 14:14:02.759   963  5069 I Drv/HWsync: Drv/HWsync[uninit] +, user&cnt(HW_SYNC_USER_HALSENSOR,2),srIdxNum(1)
03-01 14:14:02.759   963  5069 I Drv/HWsync: Drv/HWsync[uninit] idx(0,remain_0),tg(1)
03-01 14:14:02.759  1485  1523 I ActivityTaskManager: Displayed com.example.dogglers/androidx.test.core.app.InstrumentationActivityInvoker$EmptyActivity: +152ms
03-01 14:14:02.759  1485  1527 I SemDvfsHyPerManager: acquire hyper - AMS_RESUME_TAIL/1485@17, type = -999
03-01 14:14:02.759  1485  1527 I SemDvfsHyPerManager: acquire hyper - AMS_ACT_LAZY/1485@18, type = -999
03-01 14:14:02.759   956  1008 I HYPER-HAL: [RequestManager.cpp]acquire(): Acquired ID : 1128770  [1485 / 17]    HINT : AMS_RESUME_TAIL    list :
03-01 14:14:02.761   956  1008 I mtkpower_client: perf_lock_rel, hdl:15872, tid:1008
03-01 14:14:02.761   956  1008 I mtkpower_client: perf_lock_acq, hdl:0, dur:0, num:2, tid:1008
03-01 14:14:02.761   959  1040 I libPowerHal: [perfLockRel] hdl:15872, idx:4
03-01 14:14:02.761  1017  1784 I SurfaceFlinger: id=9037 createSurf (0x0),-1 flag=80000, e9cf249 ActivityRecordInputSink com.example.dogglers/androidx.test.core.app.InstrumentationActivityInvoker$EmptyActivity#0
03-01 14:14:02.762   959  1040 I libPowerHal: vendor.samsung.: cpu_ctrl set cpu freq: -1 -1 -1 -1
03-01 14:14:02.762   956  1008 I mtkpower_client: ret_hdl:15873
03-01 14:14:02.762   956  1008 I mtkpower_client: perf_lock_rel, hdl:15871, tid:1008
03-01 14:14:02.762   959  1040 I libPowerHal: [perfLockAcq] idx:0 hdl:15873 hint:-1 pid:956 duration:0 lock_user:vendor.samsung. => ret_hdl:15873
03-01 14:14:02.763   959  1040 I libPowerHal: vendor.samsung.: cpu_ctrl set cpu freq: 1700000 -1 -1 -1
03-01 14:14:02.763   959  1040 I libPowerHal: [perfLockRel] hdl:15871, idx:1
03-01 14:14:02.763   956  1008 I mtkpower_client: perf_lock_acq, hdl:0, dur:0, num:2, tid:1008
03-01 14:14:02.764   959  1040 I libPowerHal: [PD] vendor.samsung. update cmd:1c3c000, param:1
03-01 14:14:02.764   959  1040 I libPowerHal: [PD] (less) /proc/mcdi/state set +prefix:enable 1;
03-01 14:14:02.765   959  1040 I libPowerHal: [perfLockAcq] idx:1 hdl:15874 hint:-1 pid:956 duration:0 lock_user:vendor.samsung. => ret_hdl:15874
03-01 14:14:02.765   956  1008 I mtkpower_client: ret_hdl:15874
03-01 14:14:02.765   956  1008 I mtkpower_client: perf_lock_rel, hdl:15870, tid:1008
03-01 14:14:02.765   959  1040 I libPowerHal: [PE] (less) /proc/mcdi/state set +prefix:enable 0;
03-01 14:14:02.766  1017  1784 I SurfaceFlinger: id=9028 Removed Surface(name=16df26b NavigationBar0)/@0xf199c0c - animation-leash of insets_animation#0 (138)
03-01 14:14:02.766  1017  1784 I SurfaceFlinger: id=9027 Removed Surface(name=11b0562 StatusBar)/@0xa45631f - animation-leash of insets_animation#0 (138)
03-01 14:14:02.767  5120  5120 D InsetsSourceConsumer: ensureControlAlpha: for ITYPE_NAVIGATION_BAR on com.example.dogglers/androidx.test.core.app.InstrumentationActivityInvoker$EmptyActivity
03-01 14:14:02.767  1485  7183 D InputDispatcher: Focus entered window (0): 28e0a03 com.example.dogglers/androidx.test.core.app.InstrumentationActivityInvoker$EmptyActivity
03-01 14:14:02.768  5120  5120 D InsetsSourceConsumer: ensureControlAlpha: for ITYPE_STATUS_BAR on com.example.dogglers/androidx.test.core.app.InstrumentationActivityInvoker$EmptyActivity
03-01 14:14:02.768   959  1040 I libPowerHal: [perfLockRel] hdl:15870, idx:3
03-01 14:14:02.768   959  1040 I libPowerHal: [PD] vendor.samsung. update cmd:1000000, param:-1
03-01 14:14:02.769   956  1008 I mtkpower_client: perf_lock_acq, hdl:0, dur:0, num:2, tid:1008
03-01 14:14:02.770  5120  5120 I ViewRootImpl@7eea884[InstrumentationActivityInvoker$EmptyActivity]: handleAppVisibility mAppVisible=true visible=false
03-01 14:14:02.770  5120  5120 I ViewRootImpl@c321fab[InstrumentationActivityInvoker$EmptyActivity]: MSG_WINDOW_FOCUS_CHANGED 1 1
03-01 14:14:02.770   959  1040 I libPowerHal: [PD] vendor.samsung. update cmd:1000000 param:-1
03-01 14:14:02.770   963  5069 I mtkcam-DeviceAdapter: 6[HalDeviceAdapter::powerOff] powerOff -
03-01 14:14:02.771  5120  5120 D InputMethodManager: startInputInner - Id : 0
03-01 14:14:02.771  5120  5120 I InputMethodManager: startInputInner - mService.startInputOrWindowGainedFocus
03-01 14:14:02.772   956  1008 I mtkpower_client: ret_hdl:15875
03-01 14:14:02.773   956  1008 I HYPER-HAL: [RequestManager.cpp]releaseLocked(): Released ID : 1125765
03-01 14:14:02.773  1485  7182 D InputMethodManagerService: mDesktopModeManager null!
03-01 14:14:02.773  1485  7182 V InputMethodManagerService: getDisplayIdOfInputMethodWindowToBeAdded : 0
03-01 14:14:02.773   963  5069 I Drv/HWsync: Drv/HWsync[uninit] +, user&cnt(HW_SYNC_USER_AE,1),srIdxNum(0)
03-01 14:14:02.773   963  5069 I Drv/HWsync: Drv/HWsync[uninit] mAECyclePeriod(-1)
03-01 14:14:02.773  1485  7182 D InputMethodManagerService: checkDisplayOfStartInputAndUpdateKeyboard display Id 0last 0
03-01 14:14:02.773  1485  7182 D InputTransport: Input channel constructed: 'ClientS', fd=771
03-01 14:14:02.774  1485  7182 D InputTransport: Input channel destroyed: 'ClientS', fd=771
03-01 14:14:02.774  1485  4892 D SensorService: Calling activate off 4
03-01 14:14:02.774  6169  6169 I HBD     : HoneyBoardService onFinishInput
03-01 14:14:02.774  6169  6169 I HBD     : HoneyBoardService isPhysicalKeyboardConnected so skip call of super.onFinishInput()
03-01 14:14:02.774  3875  8864 I RecentModel: onTaskStackChangedBackground
03-01 14:14:02.774  6169  6169 I HBD     : a IC have been unbinding,  InputConnectionWrapper{idHash=#85c811c mMissingMethods=}
03-01 14:14:02.775  6169  6169 I HBD     : HoneyBoardService [PF_CL][onFinishInput]  442539 ns
03-01 14:14:02.775   953   953 I SensorsHub: activate: handle 4 enable 0
03-01 14:14:02.775   953   953 I SensorsHub: type : 4, enable : 0
03-01 14:14:02.775  6169  6169 I HBD     : HoneyBoardService [IMI] onStartInput - caller pid : 5120 , caller uid : 10437
03-01 14:14:02.775   959  1040 I libPowerHal: [perfLockAcq] idx:2 hdl:15875 hint:-1 pid:956 duration:0 lock_user:vendor.samsung. => ret_hdl:15875
03-01 14:14:02.775  6169  6169 I HBD     : j updateConfigs
03-01 14:14:02.775  6169  6169 I HBD     : j isEnabledNightMode : false
03-01 14:14:02.775  6169  6169 I HBD     : a IC have been binding, InputConnectionWrapper{idHash=#85c811c mMissingMethods=}
03-01 14:14:02.775   959  1040 I libPowerHal: [PE] vendor.samsung. update cmd:1000000, param:0
03-01 14:14:02.775  6169  6169 I HBD     : h [EditorInputType]setPrivateImeOptionsToTable privateImeOptions ( null )
03-01 14:14:02.775  1017  1055 I SurfaceFlinger: id=9038 createSurf (0x0),-1 flag=24004, Surface(name=67b73e4 InputMethod)/@0xe7dc702 - animation-leash of insets_animation#0
03-01 14:14:02.775  6169  6169 I HBD     : b incognitoMode : false
03-01 14:14:02.775  6169  6169 I HBD     : a needOff = true , isForceOff = false, isNullInputClass : true
03-01 14:14:02.776  6169  6169 I HBD     : h getDefaultInputRange : UNKNOWN
03-01 14:14:02.776   953  1022 I SensorsHub: SensorHubSensor::fileManager: WRITE
03-01 14:14:02.776   959  1040 I libPowerHal: [PE] vendor.samsung. update cmd:1000000 param:0
03-01 14:14:02.776  1485  4892 D SensorService: Calling activate off 1
03-01 14:14:02.776   953   953 I SensorsHub: batch: handle=1 period=160000000 timeout=2000000000
03-01 14:14:02.776  3993  3993 E pageboostd: Received HALT command code 2
03-01 14:14:02.777   963  5069 I hw-BpHwBinder: onLastStrongRef automatically unlinking death recipients
03-01 14:14:02.777   963  5069 I StrobeDrvFlashlight: setCharger(): ready(0).
03-01 14:14:02.777   963  5069 I StrobeDrvFlashlight: setCharger(): time(1163019634).
03-01 14:14:02.777   963  5069 I FlashHal: uninit().
03-01 14:14:02.777   963  5069 I FlickerHal: uninit(). m_sensorDev(2)
03-01 14:14:02.776  6169  6169 I HBD     : h getDefaultInputRange : UNKNOWN
03-01 14:14:02.778  6169  6169 I HBD     : h getDefaultInputRange : UNKNOWN
03-01 14:14:02.778  1485  7182 D DARUtil : Device owner status not updated yet...
03-01 14:14:02.778  1485  7182 D DARUtil : Not an enterprise user : 0
03-01 14:14:02.778  1485  7182 D DARUtil : Device owner status not updated yet...
03-01 14:14:02.778  1485  7182 D DARUtil : Not an enterprise user : 0
03-01 14:14:02.780  6169  6169 I HBD     : a needOff = true , isForceOff = false, isNullInputClass : true
03-01 14:14:02.780  6169  6169 I HBD     : a update cached prediction status : false
03-01 14:14:02.781  6169  6169 I HBD     : h getDefaultInputRange : UNKNOWN
03-01 14:14:02.781   944 15431 D MDP     : DpAsyncBlit: in: job (123477 151) (576, 1280, 2304, 0, C2s, P0), sec0, flush 0 Buffer 60789: plane=1 bufVA={0xc2,0x0,0x0} bufMVA={0x0,0x0,0x0} bufSize={0x2d0000,0x0,0x0} proxy={0xb400007afb215240,0x0,0x0}fence=-1
03-01 14:14:02.781  6169  6169 I HBD     : h getDefaultInputRange : UNKNOWN
03-01 14:14:02.781   944 15431 D MDP     : DpAsyncBlit: out0: (576, 1280, 2304, 0, C2s, P0), misc: (X:0, Y:0, R:0, F:0, S:0, A:0, D:0), sec0, flush 0 Buffer 60789: plane=1 bufVA={0x9a,0x0,0x0} bufMVA={0x0,0x0,0x0} bufSize={0x2d0000,0x0,0x0} proxy={0xb400007afb215180,0x0,0x0}fence=-1
03-01 14:14:02.781   944 15431 D MDP     : DpAsyncBlit: crop0: (0, 0, 576, 1280, 0, 0, 0, 0)
03-01 14:14:02.781  6169  6169 I HBD     : a currentState : 0
03-01 14:14:02.783  5120  5154 D OpenGLRenderer: setSurface called with nullptr
03-01 14:14:02.783  5120  5154 D OpenGLRenderer: setSurface() destroyed EGLSurface
03-01 14:14:02.783  5120  5154 D OpenGLRenderer: destroyEglSurface
03-01 14:14:02.783   963  5069 I FlickerPlatformAdapter: releaseBuf(). Release buf success.
03-01 14:14:02.784  6169  6169 I HBD     : h load selected json path : /data/user/0/com.samsung.android.honeyboard/files/selected.json
03-01 14:14:02.784  6169  6169 I HBD     : h load selected json info : {"version":"4.1","currentLanguageOrder":0,"selected":[{"activeOptionList":["auto_spacing"],"engName":"Korean","id":4521984,"inputType":"qwerty","isUsed":true},{"activeOptionList":["auto_replace","auto_spacing","writing_assistant"],"engName":"English","id":65537,"inputType":"qwerty","isUsed":true}]}
03-01 14:14:02.784  5120  5154 I BufferQueueProducer: [ViewRootImpl@7eea884[InstrumentationActivityInvoker$EmptyActivity]#16(BLAST Consumer)16](id:140000000010,api:1,p:5120,c:5120) disconnect: api 1
03-01 14:14:02.785  1017  1017 D SurfaceFlinger: Display 9223372036909292376 HWC layers:
03-01 14:14:02.785  1017  1017 D SurfaceFlinger:      CLIENT | 0xb4000074cf821f00 | 0102 | RGBA_8888    |    0.0    0.0 1080.0 2400.0 |    0    0  576 1280 | com.example.dogglers/androidx.test.c[...]ctivityInvoker$EmptyActivity$_5120#1
03-01 14:14:02.785  1017  1017 D SurfaceFlinger:      CLIENT | 0xb4000074cf822380 | 0100 | RGBA_8888    |    0.0    0.0 1080.0   79.0 |    0    0  576   42 | StatusBar$_3224#0
03-01 14:14:02.785  1017  1017 D SurfaceFlinger:      CLIENT | 0xb4000074cdc7b200 | 0100 | RGBA_8888    |    0.0    0.0   67.0  342.0 |  540  244  576  427 | com.samsung.android.app.cocktailbars[...]arservice.CocktailBarService$_8173#0
03-01 14:14:02.785  1017  1017 D SurfaceFlinger:      CLIENT | 0xb4000074cf822980 | 0100 | RGBA_8888    |    0.0    0.0 1080.0  126.0 |    0 1213  576 1280 | NavigationBar0$_3224#0
03-01 14:14:02.785  1017  1017 D SurfaceFlinger:
03-01 14:14:02.786  6169  6169 I HBD     : a [UpdatePolicy] [post] a: 0 cl: 4521984 kit: [0/0] vt: 0 ir: 1
03-01 14:14:02.786  1017  1017 D SurfaceFlinger: Display 0 HWC layers:
03-01 14:14:02.786  1017  1017 D SurfaceFlinger:      DEVICE | 0xb4000074cf821f00 | 0102 | RGBA_8888    |    0.0    0.0 1080.0 2400.0 |    0    0 1080 2400 | com.example.dogglers/androidx.test.c[...]ctivityInvoker$EmptyActivity$_5120#1
03-01 14:14:02.786  1017  1017 D SurfaceFlinger:      DEVICE | 0xb4000074cf822380 | 0100 | RGBA_8888    |    0.0    0.0 1080.0   79.0 |    0    0 1080   79 | StatusBar$_3224#0
03-01 14:14:02.786  1017  1017 D SurfaceFlinger:      DEVICE | 0xb4000074cdc7b200 | 0100 | RGBA_8888    |    0.0    0.0   67.0  342.0 | 1013  458 1080  800 | com.samsung.android.app.cocktailbars[...]arservice.CocktailBarService$_8173#0
03-01 14:14:02.786  1017  1017 D SurfaceFlinger:      DEVICE | 0xb4000074cf822980 | 0100 | RGBA_8888    |    0.0    0.0 1080.0  126.0 |    0 2274 1080 2400 | NavigationBar0$_3224#0
03-01 14:14:02.786  1017  1017 D SurfaceFlinger:      DEVICE | 0xb4000074cf823a00 | 0140 | RGBA_8888    |    0.0    0.0 1080.0  181.0 |    0    0 1080  181 | ScreenDecorOverlay$_3224#0
03-01 14:14:02.786  1017  1017 D SurfaceFlinger:      DEVICE | 0xb4000074cf822500 | 0140 | RGBA_8888    |    0.0    0.0 1080.0  181.0 |    0 2219 1080 2400 | ScreenDecorOverlayBottom$_3224#0
03-01 14:14:02.786  1017  1017 D SurfaceFlinger:      CLIENT | 0xb4000074aa809600 | 0148 | RGBA_8888    |    0.0    0.0 1080.0 2400.0 |
03-01 14:14:02.786  1017  1017 D SurfaceFlinger: 0    0 1080 2400 | com.samsung.android.galaxycontinuity[...]martview.BlackScreenViewImpl$_5703#0
03-01 14:14:02.786  1017  1017 D SurfaceFlinger:      CLIENT | 0xb4000074cf822200 | 0148 | RGBA_8888    |    0.0    0.0    1.0    1.0 |  539 1199  540 1200 | com.samsung.android.galaxycontinuity[...]eholder.WakeLockScreenLayout$_5703#0
03-01 14:14:02.786  1017  1017 D SurfaceFlinger:
03-01 14:14:02.786  1485  7182 V WindowManager: Relayout Window{1bf20d9 u0 com.example.dogglers/androidx.test.core.app.InstrumentationActivityInvoker$EmptyActivity}: viewVisibility=8 req=1080x2400 d0
03-01 14:14:02.787  1017  1017 I Layer   : id=9032 removedFromDrawingState Surface(name=67b73e4 InputMethod)/@0xe7dc702 - animation-leash of insets_animation#1 (139)
03-01 14:14:02.787  6169  6169 I HBD     : HoneyBoardService [PF_OP][onStartInput]  12214385 ns
03-01 14:14:02.786   963  5069 W mtkcam-devicesessionpolicy: [6:DeviceSessionPolicy::destroy] not implement yet.
03-01 14:14:02.787   963  5069 W mtkcam-dev3-utils: [destroy] AppConfigUtil::destroy
03-01 14:14:02.787  1017  1017 I Layer   : id=9027 Destroyed Surface(name=11b0562 StatusBar)/@0xa45631f - animation-leash of insets_animation#0
03-01 14:14:02.787  1017  1017 I Layer   : id=9028 Destroyed Surface(name=16df26b NavigationBar0)/@0xf199c0c - animation-leash of insets_animation#0
03-01 14:14:02.788   963  5069 I mtkcam-dev3: [6-session::tryRunCommandLocked] Run command onCloseLocked -
03-01 14:14:02.788   963  5069 W mtkcam-dev3: [6-session-cmd::~CommandHandler] dtor
03-01 14:14:02.788   963  5069 I mtkcam-devicemgr: [detachOpenDeviceLocked] device: device@3.6/legacy/1 openTimestamp:03-01 14:14:02.234
03-01 14:14:02.788   963  5069 I mtkcam-dev3: [6-session::close] -
